Component: ARM Compiler 5.06 update 7 (build 960) Tool: armlink [4d3601]

==============================================================================

Section Cross References

    main.o(i.main) refers to delay.o(i.Delay_Init) for Delay_Init
    main.o(i.main) refers to led.o(i.LED_Init) for LED_Init
    main.o(i.main) refers to key.o(i.KEY_Init) for KEY_Init
    main.o(i.main) refers to lcd_spi_154.o(i.SPI_LCD_Init) for SPI_LCD_Init
    main.o(i.main) refers to pwm.o(i.PWM_Init) for PWM_Init
    main.o(i.main) refers to lcd_test.o(i.LCD_Test_Clear) for LCD_Test_Clear
    main.o(i.main) refers to serial_usart.o(i.Serial_USART) for Serial_USART
    main.o(i.main) refers to rs485.o(i.RS485_Init) for RS485_Init
    main.o(i.main) refers to modbus_timer.o(i.Modbus_TIME3_Init) for Modbus_TIME3_Init
    main.o(i.main) refers to modbus.o(i.Modbus_Init) for Modbus_Init
    main.o(i.main) refers to serial_usart.o(i.uart_init3) for uart_init3
    main.o(i.main) refers to misc.o(i.NVIC_PriorityGroupConfig) for NVIC_PriorityGroupConfig
    main.o(i.main) refers to key.o(i.KEY_Scan) for KEY_Scan
    main.o(i.main) refers to stm32f4xx_usart.o(i.USART_GetFlagStatus) for USART_GetFlagStatus
    main.o(i.main) refers to stm32f4xx_usart.o(i.USART_SendData) for USART_SendData
    main.o(i.main) refers to main.o(.data) for .data
    stm32f4xx_it.o(i.SysTick_Handler) refers to delay.o(i.TimingDelay_Decrement) for TimingDelay_Decrement
    led.o(i.LED_Init) refers to stm32f4xx_rcc.o(i.RCC_AHB1PeriphClockCmd) for RCC_AHB1PeriphClockCmd
    led.o(i.LED_Init) refers to stm32f4xx_gpio.o(i.GPIO_Init) for GPIO_Init
    led.o(i.LED_Init) refers to stm32f4xx_gpio.o(i.GPIO_SetBits) for GPIO_SetBits
    delay.o(i.Delay_Init) refers to system_stm32f4xx.o(.data) for SystemCoreClock
    delay.o(i.Delay_ms) refers to delay.o(.data) for .data
    delay.o(i.TimingDelay_Decrement) refers to delay.o(.data) for .data
    key.o(i.KEY_Init) refers to stm32f4xx_rcc.o(i.RCC_AHB1PeriphClockCmd) for RCC_AHB1PeriphClockCmd
    key.o(i.KEY_Init) refers to stm32f4xx_gpio.o(i.GPIO_Init) for GPIO_Init
    key.o(i.KEY_Scan) refers to stm32f4xx_gpio.o(i.GPIO_ReadInputDataBit) for GPIO_ReadInputDataBit
    key.o(i.KEY_Scan) refers to delay.o(i.Delay_ms) for Delay_ms
    lcd_fonts.o(.data) refers to lcd_fonts.o(.constdata) for Chinese_1212
    lcd_fonts.o(.data) refers to lcd_fonts.o(.constdata) for Chinese_1616
    lcd_fonts.o(.data) refers to lcd_fonts.o(.constdata) for Chinese_2020
    lcd_fonts.o(.data) refers to lcd_fonts.o(.constdata) for Chinese_2424
    lcd_fonts.o(.data) refers to lcd_fonts.o(.constdata) for Chinese_3232
    lcd_fonts.o(.data) refers to lcd_fonts.o(.constdata) for ASCII_3216_Table
    lcd_fonts.o(.data) refers to lcd_fonts.o(.constdata) for ASCII_2412_Table
    lcd_fonts.o(.data) refers to lcd_fonts.o(.constdata) for ASCII_2010_Table
    lcd_fonts.o(.data) refers to lcd_fonts.o(.constdata) for ASCII_1608_Table
    lcd_fonts.o(.data) refers to lcd_fonts.o(.constdata) for ASCII_1206_Table
    lcd_spi_154.o(i.LCD_Clear) refers to lcd_spi_154.o(i.LCD_SetAddress) for LCD_SetAddress
    lcd_spi_154.o(i.LCD_Clear) refers to lcd_spi_154.o(.bss) for .bss
    lcd_spi_154.o(i.LCD_ClearRect) refers to lcd_spi_154.o(i.LCD_SetAddress) for LCD_SetAddress
    lcd_spi_154.o(i.LCD_ClearRect) refers to lcd_spi_154.o(.bss) for .bss
    lcd_spi_154.o(i.LCD_DisplayChar) refers to lcd_spi_154.o(i.LCD_SetAddress) for LCD_SetAddress
    lcd_spi_154.o(i.LCD_DisplayChar) refers to lcd_spi_154.o(i.LCD_WriteBuff) for LCD_WriteBuff
    lcd_spi_154.o(i.LCD_DisplayChar) refers to lcd_spi_154.o(.data) for .data
    lcd_spi_154.o(i.LCD_DisplayChar) refers to lcd_spi_154.o(.bss) for .bss
    lcd_spi_154.o(i.LCD_DisplayChinese) refers to lcd_spi_154.o(i.LCD_SetAddress) for LCD_SetAddress
    lcd_spi_154.o(i.LCD_DisplayChinese) refers to lcd_spi_154.o(i.LCD_WriteBuff) for LCD_WriteBuff
    lcd_spi_154.o(i.LCD_DisplayChinese) refers to lcd_spi_154.o(.data) for .data
    lcd_spi_154.o(i.LCD_DisplayChinese) refers to lcd_spi_154.o(.bss) for .bss
    lcd_spi_154.o(i.LCD_DisplayDecimals) refers to printfa.o(i.__0sprintf) for __2sprintf
    lcd_spi_154.o(i.LCD_DisplayDecimals) refers to lcd_spi_154.o(i.LCD_DisplayString) for LCD_DisplayString
    lcd_spi_154.o(i.LCD_DisplayDecimals) refers to lcd_spi_154.o(.bss) for .bss
    lcd_spi_154.o(i.LCD_DisplayNumber) refers to printfa.o(i.__0sprintf) for __2sprintf
    lcd_spi_154.o(i.LCD_DisplayNumber) refers to lcd_spi_154.o(i.LCD_DisplayString) for LCD_DisplayString
    lcd_spi_154.o(i.LCD_DisplayNumber) refers to lcd_spi_154.o(.bss) for .bss
    lcd_spi_154.o(i.LCD_DisplayString) refers to lcd_spi_154.o(i.LCD_DisplayChar) for LCD_DisplayChar
    lcd_spi_154.o(i.LCD_DisplayString) refers to lcd_spi_154.o(.data) for .data
    lcd_spi_154.o(i.LCD_DisplayString) refers to lcd_spi_154.o(.bss) for .bss
    lcd_spi_154.o(i.LCD_DisplayText) refers to lcd_spi_154.o(i.LCD_DisplayChar) for LCD_DisplayChar
[...]
    printf4.o(i.__0vfprintf$4) refers to printf4.o(i._printf_core) for _printf_core
    printf4.o(i.__0vfprintf$4) refers to serial_usart.o(i.fputc) for fputc
    printf4.o(i.__0vprintf$4) refers to printf4.o(i._printf_core) for _printf_core
    printf4.o(i.__0vprintf$4) refers to serial_usart.o(i.fputc) for fputc
    printf4.o(i.__0vprintf$4) refers to stdout.o(.data) for __stdout
    printf4.o(i.__0vsnprintf$4) refers to printf4.o(i._printf_core) for _printf_core
    printf4.o(i.__0vsnprintf$4) refers to printf4.o(i._snputc) for _snputc
    printf4.o(i.__0vsprintf$4) refers to printf4.o(i._printf_core) for _printf_core
    printf4.o(i.__0vsprintf$4) refers to printf4.o(i._sputc) for _sputc
    printf4.o(i._printf_core) refers to uldiv.o(.text) for __aeabi_uldivmod
    printf5.o(i.__0fprintf$5) refers to printf5.o(i._printf_core) for _printf_core
    printf5.o(i.__0fprintf$5) refers to serial_usart.o(i.fputc) for fputc
    printf5.o(i.__0printf$5) refers to printf5.o(i._printf_core) for _printf_core
    printf5.o(i.__0printf$5) refers to serial_usart.o(i.fputc) for fputc
    printf5.o(i.__0printf$5) refers to stdout.o(.data) for __stdout
    printf5.o(i.__0snprintf$5) refers to printf5.o(i._printf_core) for _printf_core
    printf5.o(i.__0snprintf$5) refers to printf5.o(i._snputc) for _snputc
    printf5.o(i.__0sprintf$5) refers to printf5.o(i._printf_core) for _printf_core
    printf5.o(i.__0sprintf$5) refers to printf5.o(i._sputc) for _sputc
    printf5.o(i.__0vfprintf$5) refers to printf5.o(i._printf_core) for _printf_core
    printf5.o(i.__0vfprintf$5) refers to serial_usart.o(i.fputc) for fputc
    printf5.o(i.__0vprintf$5) refers to printf5.o(i._printf_core) for _printf_core
    printf5.o(i.__0vprintf$5) refers to serial_usart.o(i.fputc) for fputc
    printf5.o(i.__0vprintf$5) refers to stdout.o(.data) for __stdout
    printf5.o(i.__0vsnprintf$5) refers to printf5.o(i._printf_core) for _printf_core
    printf5.o(i.__0vsnprintf$5) refers to printf5.o(i._snputc) for _snputc
    printf5.o(i.__0vsprintf$5) refers to printf5.o(i._printf_core) for _printf_core
    printf5.o(i.__0vsprintf$5) refers to printf5.o(i._sputc) for _sputc
    printf5.o(i._printf_core) refers to uldiv.o(.text) for __aeabi_uldivmod
    printf6.o(i.__0fprintf$6) refers to printf6.o(i._printf_core) for _printf_core
    printf6.o(i.__0fprintf$6) refers to serial_usart.o(i.fputc) for fputc
    printf6.o(i.__0printf$6) refers to printf6.o(i._printf_core) for _printf_core
    printf6.o(i.__0printf$6) refers to serial_usart.o(i.fputc) for fputc
    printf6.o(i.__0printf$6) refers to stdout.o(.data) for __stdout
    printf6.o(i.__0snprintf$6) refers to printf6.o(i._printf_core) for _printf_core
    printf6.o(i.__0snprintf$6) refers to printf6.o(i._snputc) for _snputc
    printf6.o(i.__0sprintf$6) refers to printf6.o(i._printf_core) for _printf_core
    printf6.o(i.__0sprintf$6) refers to printf6.o(i._sputc) for _sputc
    printf6.o(i.__0vfprintf$6) refers to printf6.o(i._printf_core) for _printf_core
    printf6.o(i.__0vfprintf$6) refers to serial_usart.o(i.fputc) for fputc
    printf6.o(i.__0vprintf$6) refers to printf6.o(i._printf_core) for _printf_core
    printf6.o(i.__0vprintf$6) refers to serial_usart.o(i.fputc) for fputc
    printf6.o(i.__0vprintf$6) refers to stdout.o(.data) for __stdout
    printf6.o(i.__0vsnprintf$6) refers to printf6.o(i._printf_core) for _printf_core
    printf6.o(i.__0vsnprintf$6) refers to printf6.o(i._snputc) for _snputc
    printf6.o(i.__0vsprintf$6) refers to printf6.o(i._printf_core) for _printf_core
    printf6.o(i.__0vsprintf$6) refers to printf6.o(i._sputc) for _sputc
    printf6.o(i._printf_core) refers to printf6.o(i._printf_pre_padding) for _printf_pre_padding
    printf6.o(i._printf_core) refers to uidiv.o(.text) for __aeabi_uidivmod
    printf6.o(i._printf_core) refers to printf6.o(i._printf_post_padding) for _printf_post_padding
    printf7.o(i.__0fprintf$7) refers to printf7.o(i._printf_core) for _printf_core
    printf7.o(i.__0fprintf$7) refers to serial_usart.o(i.fputc) for fputc
    printf7.o(i.__0printf$7) refers to printf7.o(i._printf_core) for _printf_core
    printf7.o(i.__0printf$7) refers to serial_usart.o(i.fputc) for fputc
    printf7.o(i.__0printf$7) refers to stdout.o(.data) for __stdout
    printf7.o(i.__0snprintf$7) refers to printf7.o(i._printf_core) for _printf_core
    printf7.o(i.__0snprintf$7) refers to printf7.o(i._snputc) for _snputc
    printf7.o(i.__0sprintf$7) refers to printf7.o(i._printf_core) for _printf_core
    printf7.o(i.__0sprintf$7) refers to printf7.o(i._sputc) for _sputc
    printf7.o(i.__0vfprintf$7) refers to printf7.o(i._printf_core) for _printf_core
    printf7.o(i.__0vfprintf$7) refers to serial_usart.o(i.fputc) for fputc
    printf7.o(i.__0vprintf$7) refers to printf7.o(i._printf_core) for _printf_core
    printf7.o(i.__0vprintf$7) refers to serial_usart.o(i.fputc) for fputc
    printf7.o(i.__0vprintf$7) refers to stdout.o(.data) for __stdout
    printf7.o(i.__0vsnprintf$7) refers to printf7.o(i._printf_core) for _printf_core
    printf7.o(i.__0vsnprintf$7) refers to printf7.o(i._snputc) for _snputc
    printf7.o(i.__0vsprintf$7) refers to printf7.o(i._printf_core) for _printf_core
    printf7.o(i.__0vsprintf$7) refers to printf7.o(i._sputc) for _sputc
    printf7.o(i._printf_core) refers to printf7.o(i._printf_pre_padding) for _printf_pre_padding
    printf7.o(i._printf_core) refers to uldiv.o(.text) for __aeabi_uldivmod
    printf7.o(i._printf_core) refers to printf7.o(i._printf_post_padding) for _printf_post_padding
    printf8.o(i.__0fprintf$8) refers to printf8.o(i._printf_core) for _printf_core
    printf8.o(i.__0fprintf$8) refers to serial_usart.o(i.fputc) for fputc
    printf8.o(i.__0printf$8) refers to printf8.o(i._printf_core) for _printf_core
    printf8.o(i.__0printf$8) refers to serial_usart.o(i.fputc) for fputc
    printf8.o(i.__0printf$8) refers to stdout.o(.data) for __stdout
    printf8.o(i.__0snprintf$8) refers to printf8.o(i._printf_core) for _printf_core
    printf8.o(i.__0snprintf$8) refers to printf8.o(i._snputc) for _snputc
    printf8.o(i.__0sprintf$8) refers to printf8.o(i._printf_core) for _printf_core
    printf8.o(i.__0sprintf$8) refers to printf8.o(i._sputc) for _sputc
    printf8.o(i.__0vfprintf$8) refers to printf8.o(i._printf_core) for _printf_core
    printf8.o(i.__0vfprintf$8) refers to serial_usart.o(i.fputc) for fputc
    printf8.o(i.__0vprintf$8) refers to printf8.o(i._printf_core) for _printf_core
    printf8.o(i.__0vprintf$8) refers to serial_usart.o(i.fputc) for fputc
    printf8.o(i.__0vprintf$8) refers to stdout.o(.data) for __stdout
    printf8.o(i.__0vsnprintf$8) refers to printf8.o(i._printf_core) for _printf_core
    printf8.o(i.__0vsnprintf$8) refers to printf8.o(i._snputc) for _snputc
    printf8.o(i.__0vsprintf$8) refers to printf8.o(i._printf_core) for _printf_core
    printf8.o(i.__0vsprintf$8) refers to printf8.o(i._sputc) for _sputc
    printf8.o(i._printf_core) refers to printf8.o(i._printf_pre_padding) for _printf_pre_padding
    printf8.o(i._printf_core) refers to uldiv.o(.text) for __aeabi_uldivmod
    printf8.o(i._printf_core) refers to printf8.o(i._printf_post_padding) for _printf_post_padding
    printfa.o(i.__0fprintf) refers (Special) to iusefp.o(.text) for __I$use$fp
    printfa.o(i.__0fprintf) refers to printfa.o(i._printf_core) for _printf_core
    printfa.o(i.__0fprintf) refers to serial_usart.o(i.fputc) for fputc
    printfa.o(i.__0printf) refers (Special) to iusefp.o(.text) for __I$use$fp
    printfa.o(i.__0printf) refers to printfa.o(i._printf_core) for _printf_core
    printfa.o(i.__0printf) refers to serial_usart.o(i.fputc) for fputc
    printfa.o(i.__0printf) refers to stdout.o(.data) for __stdout
    printfa.o(i.__0snprintf) refers (Special) to iusefp.o(.text) for __I$use$fp
    printfa.o(i.__0snprintf) refers to printfa.o(i._printf_core) for _printf_core
    printfa.o(i.__0snprintf) refers to printfa.o(i._snputc) for _snputc
    printfa.o(i.__0sprintf) refers (Special) to iusefp.o(.text) for __I$use$fp
    printfa.o(i.__0sprintf) refers to printfa.o(i._printf_core) for _printf_core
    printfa.o(i.__0sprintf) refers to printfa.o(i._sputc) for _sputc
    printfa.o(i.__0vfprintf) refers (Special) to iusefp.o(.text) for __I$use$fp
    printfa.o(i.__0vfprintf) refers to printfa.o(i._printf_core) for _printf_core
    printfa.o(i.__0vfprintf) refers to serial_usart.o(i.fputc) for fputc
    printfa.o(i.__0vprintf) refers (Special) to iusefp.o(.text) for __I$use$fp
    printfa.o(i.__0vprintf) refers to printfa.o(i._printf_core) for _printf_core
    printfa.o(i.__0vprintf) refers to serial_usart.o(i.fputc) for fputc
    printfa.o(i.__0vprintf) refers to stdout.o(.data) for __stdout
    printfa.o(i.__0vsnprintf) refers (Special) to iusefp.o(.text) for __I$use$fp
    printfa.o(i.__0vsnprintf) refers to printfa.o(i._printf_core) for _printf_core
    printfa.o(i.__0vsnprintf) refers to printfa.o(i._snputc) for _snputc
    printfa.o(i.__0vsprintf) refers (Special) to iusefp.o(.text) for __I$use$fp
    printfa.o(i.__0vsprintf) refers to printfa.o(i._printf_core) for _printf_core
    printfa.o(i.__0vsprintf) refers to printfa.o(i._sputc) for _sputc
    printfa.o(i._fp_digits) refers (Special) to iusefp.o(.text) for __I$use$fp
    printfa.o(i._fp_digits) refers to dmul.o(.text) for __aeabi_dmul
    printfa.o(i._fp_digits) refers to ddiv.o(.text) for __aeabi_ddiv
    printfa.o(i._fp_digits) refers to cdrcmple.o(.text) for __aeabi_cdrcmple
    printfa.o(i._fp_digits) refers to dadd.o(.text) for __aeabi_dadd
    printfa.o(i._fp_digits) refers to dfixul.o(.text) for __aeabi_d2ulz
    printfa.o(i._fp_digits) refers to uldiv.o(.text) for __aeabi_uldivmod
    printfa.o(i._printf_core) refers (Special) to iusefp.o(.text) for __I$use$fp
    printfa.o(i._printf_core) refers to printfa.o(i._printf_pre_padding) for _printf_pre_padding
    printfa.o(i._printf_core) refers to uldiv.o(.text) for __aeabi_uldivmod
    printfa.o(i._printf_core) refers to printfa.o(i._printf_post_padding) for _printf_post_padding
    printfa.o(i._printf_core) refers to printfa.o(i._fp_digits) for _fp_digits
    printfa.o(i._printf_core) refers to uidiv.o(.text) for __aeabi_uidivmod
    printfa.o(i._printf_post_padding) refers (Special) to iusefp.o(.text) for __I$use$fp
    printfa.o(i._printf_pre_padding) refers (Special) to iusefp.o(.text) for __I$use$fp
    printfa.o(i._snputc) refers (Special) to iusefp.o(.text) for __I$use$fp
    printfa.o(i._sputc) refers (Special) to iusefp.o(.text) for __I$use$fp
    dadd.o(.text) refers (Special) to iusefp.o(.text) for __I$use$fp
    dadd.o(.text) refers to llshl.o(.text) for __aeabi_llsl
    dadd.o(.text) refers to llsshr.o(.text) for __aeabi_lasr
    dadd.o(.text) refers to depilogue.o(.text) for _double_epilogue
    dmul.o(.text) refers (Special) to iusefp.o(.text) for __I$use$fp
    dmul.o(.text) refers to depilogue.o(.text) for _double_epilogue
    dfltui.o(.text) refers (Special) to iusefp.o(.text) for __I$use$fp
    dfltui.o(.text) refers to depilogue.o(.text) for _double_epilogue
    entry2.o(.ARM.Collect$$$$00000001) refers to entry2.o(.ARM.Collect$$$$00002712) for __lit__00000000
    entry2.o(.ARM.Collect$$$$00002712) refers to startup_stm32f40_41xxx.o(STACK) for __initial_sp
    entry2.o(__vectab_stack_and_reset_area) refers to startup_stm32f40_41xxx.o(STACK) for __initial_sp
    entry2.o(__vectab_stack_and_reset_area) refers to entry.o(.ARM.Collect$$$$00000000) for __main
    entry5.o(.ARM.Collect$$$$00000004) refers to init.o(.text) for __scatterload
    entry9a.o(.ARM.Collect$$$$0000000B) refers to main.o(i.main) for main
    entry9b.o(.ARM.Collect$$$$0000000C) refers to main.o(i.main) for main
    uldiv.o(.text) refers to llushr.o(.text) for __aeabi_llsr
    uldiv.o(.text) refers to llshl.o(.text) for __aeabi_llsl
    depilogue.o(.text) refers to llshl.o(.text) for __aeabi_llsl
    depilogue.o(.text) refers to llushr.o(.text) for __aeabi_llsr
    ddiv.o(.text) refers to depilogue.o(.text) for _double_round
    dfixul.o(.text) refers to llushr.o(.text) for __aeabi_llsr
    dfixul.o(.text) refers to llshl.o(.text) for __aeabi_llsl
    init.o(.text) refers to entry5.o(.ARM.Collect$$$$00000004) for __main_after_scatterload


==============================================================================

Removing Unused input sections from the image.

    Removing main.o(.rev16_text), (4 bytes).
    Removing main.o(.revsh_text), (4 bytes).
    Removing main.o(.rrx_text), (6 bytes).
    Removing main.o(i.DectoHex), (22 bytes).
    Removing stm32f4xx_it.o(.rev16_text), (4 bytes).
    Removing stm32f4xx_it.o(.revsh_text), (4 bytes).
    Removing stm32f4xx_it.o(.rrx_text), (6 bytes).
    Removing led.o(.rev16_text), (4 bytes).
    Removing led.o(.revsh_text), (4 bytes).
    Removing led.o(.rrx_text), (6 bytes).
    Removing delay.o(.rev16_text), (4 bytes).
    Removing delay.o(.revsh_text), (4 bytes).
    Removing delay.o(.rrx_text), (6 bytes).
    Removing key.o(.rev16_text), (4 bytes).
    Removing key.o(.revsh_text), (4 bytes).
    Removing key.o(.rrx_text), (6 bytes).
    Removing lcd_fonts.o(.constdata), (480 bytes).
    Removing lcd_fonts.o(.constdata), (640 bytes).
    Removing lcd_fonts.o(.constdata), (1200 bytes).
    Removing lcd_fonts.o(.constdata), (2560 bytes).
    Removing lcd_fonts.o(.data), (12 bytes).
    Removing lcd_fonts.o(.data), (12 bytes).
    Removing lcd_fonts.o(.data), (12 bytes).
    Removing lcd_fonts.o(.data), (12 bytes).
    Removing lcd_image.o(.constdata), (913 bytes).
    Removing lcd_image.o(.constdata), (913 bytes).
    Removing lcd_image.o(.constdata), (913 bytes).
    Removing lcd_image.o(.constdata), (913 bytes).
    Removing lcd_spi_154.o(.rev16_text), (4 bytes).
    Removing lcd_spi_154.o(.revsh_text), (4 bytes).
    Removing lcd_spi_154.o(.rrx_text), (6 bytes).
    Removing lcd_spi_154.o(i.LCD_ClearRect), (144 bytes).
    Removing lcd_spi_154.o(i.LCD_DisplayDecimals), (64 bytes).
    Removing lcd_spi_154.o(i.LCD_DisplayNumber), (60 bytes).
    Removing lcd_spi_154.o(i.LCD_DisplayString), (60 bytes).
    Removing lcd_spi_154.o(i.LCD_DrawCircle), (140 bytes).
    Removing lcd_spi_154.o(i.LCD_DrawEllipse), (472 bytes).
    Removing lcd_spi_154.o(i.LCD_DrawImage), (288 bytes).
    Removing lcd_spi_154.o(i.LCD_DrawLine), (188 bytes).
    Removing lcd_spi_154.o(i.LCD_DrawLine_H), (64 bytes).
    Removing lcd_spi_154.o(i.LCD_DrawLine_V), (64 bytes).
    Removing lcd_spi_154.o(i.LCD_DrawPoint), (56 bytes).
    Removing lcd_spi_154.o(i.LCD_DrawRect), (58 bytes).
    Removing lcd_spi_154.o(i.LCD_FillCircle), (144 bytes).
    Removing lcd_spi_154.o(i.LCD_FillRect), (144 bytes).
    Removing lcd_spi_154.o(i.LCD_SetAsciiFont), (12 bytes).
    Removing lcd_spi_154.o(i.LCD_ShowNumMode), (12 bytes).
    Removing lcd_test.o(.rev16_text), (4 bytes).
    Removing lcd_test.o(.revsh_text), (4 bytes).
    Removing lcd_test.o(.rrx_text), (6 bytes).
    Removing lcd_test.o(i.LCD_Test_Color), (520 bytes).
    Removing lcd_test.o(i.LCD_Test_Direction), (276 bytes).
    Removing lcd_test.o(i.LCD_Test_Grahic), (264 bytes).
    Removing lcd_test.o(i.LCD_Test_Image), (144 bytes).
    Removing lcd_test.o(i.LCD_Test_Text), (824 bytes).
    Removing lcd_test.o(i.LCD_Test_Variable), (476 bytes).
    Removing pwm.o(.rev16_text), (4 bytes).
    Removing pwm.o(.revsh_text), (4 bytes).
    Removing pwm.o(.rrx_text), (6 bytes).
    Removing pwm.o(i.PWM_SetCompare2), (10 bytes).
    Removing serial_usart.o(.rev16_text), (4 bytes).
    Removing serial_usart.o(.revsh_text), (4 bytes).
    Removing serial_usart.o(.rrx_text), (6 bytes).
    Removing serial_usart.o(i.Usart_SendArray), (52 bytes).
    Removing serial_usart.o(i.Usart_SendByte), (22 bytes).
    Removing serial_usart.o(i.Usart_SendHalfWord), (48 bytes).
    Removing serial_usart.o(i.Usart_SendStr), (52 bytes).
    Removing serial_usart.o(i.fgetc), (32 bytes).
    Removing serial_usart.o(i.fputc), (36 bytes).
    Removing serial_usart.o(.bss), (9 bytes).
    Removing serial_usart.o(.bss), (9 bytes).
    Removing serial_usart.o(.data), (2 bytes).
    Removing modbus.o(.rev16_text), (4 bytes).
    Removing modbus.o(.revsh_text), (4 bytes).
    Removing modbus.o(.rrx_text), (6 bytes).
    Removing modbus.o(i.HOST_ModbusRX), (80 bytes).
    Removing modbus.o(i.Host_Func3), (128 bytes).
    Removing modbus.o(i.Host_Read03_slave), (80 bytes).
    Removing modbus.o(i.Host_write06_slave), (72 bytes).
    Removing modbus.o(i.Modbus_Event), (112 bytes).
    Removing modbus.o(i.Modbus_Func16), (152 bytes).
    Removing modbus.o(i.Modbus_Func3), (160 bytes).
    Removing modbus.o(i.Modbus_Func6), (124 bytes).
    Removing modbus.o(.data), (16 bytes).
    Removing modbus_crc.o(.rev16_text), (4 bytes).
    Removing modbus_crc.o(.revsh_text), (4 bytes).
    Removing modbus_crc.o(.rrx_text), (6 bytes).
    Removing modbus_crc.o(i.Modbus_CRC16), (44 bytes).
    Removing modbus_crc.o(.constdata), (512 bytes).
    Removing modbus_timer.o(.rev16_text), (4 bytes).
    Removing modbus_timer.o(.revsh_text), (4 bytes).
    Removing modbus_timer.o(.rrx_text), (6 bytes).
    Removing modbus_timer.o(.data), (1 bytes).
    Removing startup_stm32f40_41xxx.o(HEAP), (512 bytes).
    Removing system_stm32f4xx.o(.rev16_text), (4 bytes).
    Removing system_stm32f4xx.o(.revsh_text), (4 bytes).
    Removing system_stm32f4xx.o(.rrx_text), (6 bytes).
    Removing system_stm32f4xx.o(i.SystemCoreClockUpdate), (120 bytes).
    Removing misc.o(.rev16_text), (4 bytes).
    Removing misc.o(.revsh_text), (4 bytes).
    Removing misc.o(.rrx_text), (6 bytes).
    Removing misc.o(i.NVIC_SetVectorTable), (20 bytes).
    Removing misc.o(i.NVIC_SystemLPConfig), (24 bytes).
    Removing misc.o(i.SysTick_CLKSourceConfig), (24 bytes).
    Removing stm32f4xx_rcc.o(.rev16_text), (4 bytes).
    Removing stm32f4xx_rcc.o(.revsh_text), (4 bytes).
    Removing stm32f4xx_rcc.o(.rrx_text), (6 bytes).
    Removing stm32f4xx_rcc.o(i.RCC_AHB1PeriphClockLPModeCmd), (24 bytes).
    Removing stm32f4xx_rcc.o(i.RCC_AHB1PeriphResetCmd), (24 bytes).
    Removing stm32f4xx_rcc.o(i.RCC_AHB2PeriphClockCmd), (24 bytes).
    Removing stm32f4xx_rcc.o(i.RCC_AHB2PeriphClockLPModeCmd), (24 bytes).
    Removing stm32f4xx_rcc.o(i.RCC_AHB2PeriphResetCmd), (24 bytes).
    Removing stm32f4xx_rcc.o(i.RCC_AHB3PeriphClockCmd), (24 bytes).
    Removing stm32f4xx_rcc.o(i.RCC_AHB3PeriphClockLPModeCmd), (24 bytes).
    Removing stm32f4xx_rcc.o(i.RCC_AHB3PeriphResetCmd), (24 bytes).
    Removing stm32f4xx_rcc.o(i.RCC_APB1PeriphClockLPModeCmd), (24 bytes).
    Removing stm32f4xx_rcc.o(i.RCC_APB1PeriphResetCmd), (24 bytes).
    Removing stm32f4xx_rcc.o(i.RCC_APB2PeriphClockLPModeCmd), (24 bytes).
    Removing stm32f4xx_rcc.o(i.RCC_APB2PeriphResetCmd), (24 bytes).
    Removing stm32f4xx_rcc.o(i.RCC_AdjustHSICalibrationValue), (20 bytes).
    Removing stm32f4xx_rcc.o(i.RCC_BackupResetCmd), (12 bytes).
    Removing stm32f4xx_rcc.o(i.RCC_ClearFlag), (16 bytes).
    Removing stm32f4xx_rcc.o(i.RCC_ClearITPendingBit), (12 bytes).
    Removing stm32f4xx_rcc.o(i.RCC_ClockSecuritySystemCmd), (12 bytes).
    Removing stm32f4xx_rcc.o(i.RCC_DeInit), (84 bytes).
    Removing stm32f4xx_rcc.o(i.RCC_GetFlagStatus), (52 bytes).
    Removing stm32f4xx_rcc.o(i.RCC_GetITStatus), (20 bytes).
    Removing stm32f4xx_rcc.o(i.RCC_GetSYSCLKSource), (16 bytes).
    Removing stm32f4xx_rcc.o(i.RCC_HCLKConfig), (20 bytes).
    Removing stm32f4xx_rcc.o(i.RCC_HSEConfig), (16 bytes).
    Removing stm32f4xx_rcc.o(i.RCC_HSICmd), (12 bytes).
    Removing stm32f4xx_rcc.o(i.RCC_I2SCLKConfig), (12 bytes).
    Removing stm32f4xx_rcc.o(i.RCC_ITConfig), (24 bytes).
    Removing stm32f4xx_rcc.o(i.RCC_LSEConfig), (28 bytes).
    Removing stm32f4xx_rcc.o(i.RCC_LSEModeConfig), (28 bytes).
    Removing stm32f4xx_rcc.o(i.RCC_LSICmd), (12 bytes).
    Removing stm32f4xx_rcc.o(i.RCC_LTDCCLKDivConfig), (20 bytes).
    Removing stm32f4xx_rcc.o(i.RCC_MCO1Config), (20 bytes).
    Removing stm32f4xx_rcc.o(i.RCC_MCO2Config), (20 bytes).
    Removing stm32f4xx_rcc.o(i.RCC_PCLK1Config), (20 bytes).
    Removing stm32f4xx_rcc.o(i.RCC_PCLK2Config), (20 bytes).
    Removing stm32f4xx_rcc.o(i.RCC_PLLCmd), (12 bytes).
    Removing stm32f4xx_rcc.o(i.RCC_PLLConfig), (40 bytes).
    Removing stm32f4xx_rcc.o(i.RCC_PLLI2SCmd), (12 bytes).
    Removing stm32f4xx_rcc.o(i.RCC_PLLI2SConfig), (16 bytes).
    Removing stm32f4xx_rcc.o(i.RCC_PLLSAICmd), (12 bytes).
    Removing stm32f4xx_rcc.o(i.RCC_PLLSAIConfig), (20 bytes).
    Removing stm32f4xx_rcc.o(i.RCC_RTCCLKCmd), (12 bytes).
    Removing stm32f4xx_rcc.o(i.RCC_RTCCLKConfig), (48 bytes).
    Removing stm32f4xx_rcc.o(i.RCC_SAIBlockACLKConfig), (20 bytes).
    Removing stm32f4xx_rcc.o(i.RCC_SAIBlockBCLKConfig), (20 bytes).
    Removing stm32f4xx_rcc.o(i.RCC_SAIPLLI2SClkDivConfig), (20 bytes).
    Removing stm32f4xx_rcc.o(i.RCC_SAIPLLSAIClkDivConfig), (28 bytes).
    Removing stm32f4xx_rcc.o(i.RCC_SYSCLKConfig), (20 bytes).
    Removing stm32f4xx_rcc.o(i.RCC_TIMCLKPresConfig), (12 bytes).
    Removing stm32f4xx_rcc.o(i.RCC_WaitForHSEStartUp), (44 bytes).
    Removing stm32f4xx_gpio.o(.rev16_text), (4 bytes).
    Removing stm32f4xx_gpio.o(.revsh_text), (4 bytes).
    Removing stm32f4xx_gpio.o(.rrx_text), (6 bytes).
    Removing stm32f4xx_gpio.o(i.GPIO_DeInit), (260 bytes).
    Removing stm32f4xx_gpio.o(i.GPIO_PinLockConfig), (24 bytes).
    Removing stm32f4xx_gpio.o(i.GPIO_ReadInputData), (6 bytes).
    Removing stm32f4xx_gpio.o(i.GPIO_ReadOutputData), (6 bytes).
    Removing stm32f4xx_gpio.o(i.GPIO_ReadOutputDataBit), (14 bytes).
    Removing stm32f4xx_gpio.o(i.GPIO_StructInit), (18 bytes).
    Removing stm32f4xx_gpio.o(i.GPIO_ToggleBits), (8 bytes).
    Removing stm32f4xx_gpio.o(i.GPIO_Write), (4 bytes).
    Removing stm32f4xx_gpio.o(i.GPIO_WriteBit), (10 bytes).
    Removing stm32f4xx_usart.o(.rev16_text), (4 bytes).
    Removing stm32f4xx_usart.o(.revsh_text), (4 bytes).
    Removing stm32f4xx_usart.o(.rrx_text), (6 bytes).
    Removing stm32f4xx_usart.o(i.USART_ClearFlag), (6 bytes).
    Removing stm32f4xx_usart.o(i.USART_ClearITPendingBit), (12 bytes).
    Removing stm32f4xx_usart.o(i.USART_ClockInit), (28 bytes).
    Removing stm32f4xx_usart.o(i.USART_ClockStructInit), (12 bytes).
    Removing stm32f4xx_usart.o(i.USART_DMACmd), (16 bytes).
    Removing stm32f4xx_usart.o(i.USART_DeInit), (172 bytes).
    Removing stm32f4xx_usart.o(i.USART_HalfDuplexCmd), (20 bytes).
    Removing stm32f4xx_usart.o(i.USART_IrDACmd), (20 bytes).
    Removing stm32f4xx_usart.o(i.USART_IrDAConfig), (16 bytes).
    Removing stm32f4xx_usart.o(i.USART_LINBreakDetectLengthConfig), (16 bytes).
    Removing stm32f4xx_usart.o(i.USART_LINCmd), (20 bytes).
    Removing stm32f4xx_usart.o(i.USART_OneBitMethodCmd), (20 bytes).
    Removing stm32f4xx_usart.o(i.USART_OverSampling8Cmd), (20 bytes).
    Removing stm32f4xx_usart.o(i.USART_ReceiverWakeUpCmd), (20 bytes).
    Removing stm32f4xx_usart.o(i.USART_SendBreak), (10 bytes).
    Removing stm32f4xx_usart.o(i.USART_SetAddress), (16 bytes).
    Removing stm32f4xx_usart.o(i.USART_SetGuardTime), (16 bytes).
    Removing stm32f4xx_usart.o(i.USART_SetPrescaler), (16 bytes).
    Removing stm32f4xx_usart.o(i.USART_SmartCardCmd), (20 bytes).
    Removing stm32f4xx_usart.o(i.USART_SmartCardNACKCmd), (20 bytes).
    Removing stm32f4xx_usart.o(i.USART_StructInit), (22 bytes).
    Removing stm32f4xx_usart.o(i.USART_WakeUpConfig), (16 bytes).
    Removing stm32f4xx_spi.o(.rev16_text), (4 bytes).
    Removing stm32f4xx_spi.o(.revsh_text), (4 bytes).
    Removing stm32f4xx_spi.o(.rrx_text), (6 bytes).
    Removing stm32f4xx_spi.o(i.I2S_Cmd), (20 bytes).
    Removing stm32f4xx_spi.o(i.I2S_FullDuplexConfig), (58 bytes).
    Removing stm32f4xx_spi.o(i.I2S_Init), (212 bytes).
    Removing stm32f4xx_spi.o(i.I2S_StructInit), (18 bytes).
    Removing stm32f4xx_spi.o(i.SPI_BiDirectionalLineConfig), (22 bytes).
    Removing stm32f4xx_spi.o(i.SPI_CalculateCRC), (20 bytes).
    Removing stm32f4xx_spi.o(i.SPI_DataSizeConfig), (16 bytes).
    Removing stm32f4xx_spi.o(i.SPI_GetCRC), (12 bytes).
    Removing stm32f4xx_spi.o(i.SPI_GetCRCPolynomial), (4 bytes).
    Removing stm32f4xx_spi.o(i.SPI_I2S_ClearFlag), (6 bytes).
    Removing stm32f4xx_spi.o(i.SPI_I2S_ClearITPendingBit), (14 bytes).
    Removing stm32f4xx_spi.o(i.SPI_I2S_DMACmd), (16 bytes).
    Removing stm32f4xx_spi.o(i.SPI_I2S_DeInit), (132 bytes).
    Removing stm32f4xx_spi.o(i.SPI_I2S_GetFlagStatus), (14 bytes).
    Removing stm32f4xx_spi.o(i.SPI_I2S_GetITStatus), (42 bytes).
    Removing stm32f4xx_spi.o(i.SPI_I2S_ITConfig), (24 bytes).
    Removing stm32f4xx_spi.o(i.SPI_I2S_ReceiveData), (4 bytes).
    Removing stm32f4xx_spi.o(i.SPI_I2S_SendData), (4 bytes).
    Removing stm32f4xx_spi.o(i.SPI_NSSInternalSoftwareConfig), (24 bytes).
    Removing stm32f4xx_spi.o(i.SPI_SSOutputCmd), (20 bytes).
    Removing stm32f4xx_spi.o(i.SPI_StructInit), (24 bytes).
    Removing stm32f4xx_spi.o(i.SPI_TIModeCmd), (20 bytes).
    Removing stm32f4xx_spi.o(i.SPI_TransmitCRC), (10 bytes).
    Removing stm32f4xx_tim.o(.rev16_text), (4 bytes).
    Removing stm32f4xx_tim.o(.revsh_text), (4 bytes).
    Removing stm32f4xx_tim.o(.rrx_text), (6 bytes).
    Removing stm32f4xx_tim.o(i.TI1_Config), (46 bytes).
    Removing stm32f4xx_tim.o(i.TI2_Config), (54 bytes).
    Removing stm32f4xx_tim.o(i.TIM_ARRPreloadConfig), (20 bytes).
    Removing stm32f4xx_tim.o(i.TIM_BDTRConfig), (34 bytes).
    Removing stm32f4xx_tim.o(i.TIM_BDTRStructInit), (18 bytes).
    Removing stm32f4xx_tim.o(i.TIM_CCPreloadControl), (20 bytes).
    Removing stm32f4xx_tim.o(i.TIM_CCxCmd), (22 bytes).
    Removing stm32f4xx_tim.o(i.TIM_CCxNCmd), (22 bytes).
    Removing stm32f4xx_tim.o(i.TIM_ClearFlag), (6 bytes).
    Removing stm32f4xx_tim.o(i.TIM_ClearOC1Ref), (12 bytes).
    Removing stm32f4xx_tim.o(i.TIM_ClearOC2Ref), (20 bytes).
    Removing stm32f4xx_tim.o(i.TIM_ClearOC3Ref), (12 bytes).
    Removing stm32f4xx_tim.o(i.TIM_ClearOC4Ref), (20 bytes).
    Removing stm32f4xx_tim.o(i.TIM_CounterModeConfig), (12 bytes).
    Removing stm32f4xx_tim.o(i.TIM_CtrlPWMOutputs), (22 bytes).
    Removing stm32f4xx_tim.o(i.TIM_DMACmd), (16 bytes).
    Removing stm32f4xx_tim.o(i.TIM_DMAConfig), (8 bytes).
    Removing stm32f4xx_tim.o(i.TIM_DeInit), (336 bytes).
    Removing stm32f4xx_tim.o(i.TIM_ETRClockMode1Config), (18 bytes).
    Removing stm32f4xx_tim.o(i.TIM_ETRClockMode2Config), (18 bytes).
    Removing stm32f4xx_tim.o(i.TIM_ETRConfig), (24 bytes).
    Removing stm32f4xx_tim.o(i.TIM_EncoderInterfaceConfig), (50 bytes).
    Removing stm32f4xx_tim.o(i.TIM_ForcedOC1Config), (12 bytes).
    Removing stm32f4xx_tim.o(i.TIM_ForcedOC2Config), (20 bytes).
    Removing stm32f4xx_tim.o(i.TIM_ForcedOC3Config), (12 bytes).
    Removing stm32f4xx_tim.o(i.TIM_ForcedOC4Config), (20 bytes).
    Removing stm32f4xx_tim.o(i.TIM_GenerateEvent), (4 bytes).
    Removing stm32f4xx_tim.o(i.TIM_GetCapture1), (4 bytes).
    Removing stm32f4xx_tim.o(i.TIM_GetCapture2), (4 bytes).
    Removing stm32f4xx_tim.o(i.TIM_GetCapture3), (4 bytes).
    Removing stm32f4xx_tim.o(i.TIM_GetCapture4), (4 bytes).
    Removing stm32f4xx_tim.o(i.TIM_GetCounter), (4 bytes).
    Removing stm32f4xx_tim.o(i.TIM_GetFlagStatus), (14 bytes).
    Removing stm32f4xx_tim.o(i.TIM_GetPrescaler), (4 bytes).
    Removing stm32f4xx_tim.o(i.TIM_ICInit), (172 bytes).
    Removing stm32f4xx_tim.o(i.TIM_ICStructInit), (16 bytes).
    Removing stm32f4xx_tim.o(i.TIM_ITRxExternalClockConfig), (18 bytes).
    Removing stm32f4xx_tim.o(i.TIM_InternalClockConfig), (10 bytes).
    Removing stm32f4xx_tim.o(i.TIM_OC1FastConfig), (12 bytes).
    Removing stm32f4xx_tim.o(i.TIM_OC1Init), (96 bytes).
    Removing stm32f4xx_tim.o(i.TIM_OC1NPolarityConfig), (12 bytes).
    Removing stm32f4xx_tim.o(i.TIM_OC1PolarityConfig), (12 bytes).
    Removing stm32f4xx_tim.o(i.TIM_OC1PreloadConfig), (12 bytes).
    Removing stm32f4xx_tim.o(i.TIM_OC2FastConfig), (20 bytes).
    Removing stm32f4xx_tim.o(i.TIM_OC2NPolarityConfig), (20 bytes).
    Removing stm32f4xx_tim.o(i.TIM_OC2PolarityConfig), (20 bytes).
    Removing stm32f4xx_tim.o(i.TIM_OC3FastConfig), (12 bytes).
    Removing stm32f4xx_tim.o(i.TIM_OC3Init), (124 bytes).
    Removing stm32f4xx_tim.o(i.TIM_OC3NPolarityConfig), (20 bytes).
    Removing stm32f4xx_tim.o(i.TIM_OC3PolarityConfig), (20 bytes).
    Removing stm32f4xx_tim.o(i.TIM_OC3PreloadConfig), (12 bytes).
    Removing stm32f4xx_tim.o(i.TIM_OC4FastConfig), (20 bytes).
    Removing stm32f4xx_tim.o(i.TIM_OC4Init), (96 bytes).
    Removing stm32f4xx_tim.o(i.TIM_OC4PolarityConfig), (20 bytes).
    Removing stm32f4xx_tim.o(i.TIM_OC4PreloadConfig), (20 bytes).
    Removing stm32f4xx_tim.o(i.TIM_PWMIConfig), (108 bytes).
    Removing stm32f4xx_tim.o(i.TIM_PrescalerConfig), (6 bytes).
    Removing stm32f4xx_tim.o(i.TIM_RemapConfig), (6 bytes).
    Removing stm32f4xx_tim.o(i.TIM_SelectCCDMA), (20 bytes).
    Removing stm32f4xx_tim.o(i.TIM_SelectCOM), (20 bytes).
    Removing stm32f4xx_tim.o(i.TIM_SelectHallSensor), (20 bytes).
    Removing stm32f4xx_tim.o(i.TIM_SelectInputTrigger), (12 bytes).
    Removing stm32f4xx_tim.o(i.TIM_SelectMasterSlaveMode), (16 bytes).
    Removing stm32f4xx_tim.o(i.TIM_SelectOCxM), (74 bytes).
    Removing stm32f4xx_tim.o(i.TIM_SelectOnePulseMode), (16 bytes).
    Removing stm32f4xx_tim.o(i.TIM_SelectOutputTrigger), (16 bytes).
    Removing stm32f4xx_tim.o(i.TIM_SelectSlaveMode), (16 bytes).
    Removing stm32f4xx_tim.o(i.TIM_SetAutoreload), (4 bytes).
    Removing stm32f4xx_tim.o(i.TIM_SetClockDivision), (16 bytes).
    Removing stm32f4xx_tim.o(i.TIM_SetCompare1), (4 bytes).
    Removing stm32f4xx_tim.o(i.TIM_SetCompare2), (4 bytes).
    Removing stm32f4xx_tim.o(i.TIM_SetCompare3), (4 bytes).
    Removing stm32f4xx_tim.o(i.TIM_SetCompare4), (4 bytes).
    Removing stm32f4xx_tim.o(i.TIM_SetCounter), (4 bytes).
    Removing stm32f4xx_tim.o(i.TIM_SetIC1Prescaler), (16 bytes).
    Removing stm32f4xx_tim.o(i.TIM_SetIC2Prescaler), (24 bytes).
    Removing stm32f4xx_tim.o(i.TIM_SetIC3Prescaler), (16 bytes).
    Removing stm32f4xx_tim.o(i.TIM_SetIC4Prescaler), (24 bytes).
    Removing stm32f4xx_tim.o(i.TIM_TIxExternalClockConfig), (46 bytes).
    Removing stm32f4xx_tim.o(i.TIM_TimeBaseStructInit), (18 bytes).
    Removing stm32f4xx_tim.o(i.TIM_UpdateDisableConfig), (20 bytes).
    Removing stm32f4xx_tim.o(i.TIM_UpdateRequestConfig), (20 bytes).
    Removing rs485.o(.rev16_text), (4 bytes).
    Removing rs485.o(.revsh_text), (4 bytes).
    Removing rs485.o(.rrx_text), (6 bytes).
    Removing rs485.o(i.Modbus_Send_Byte), (40 bytes).
    Removing dadd.o(.text), (334 bytes).
    Removing dmul.o(.text), (228 bytes).
    Removing dfltui.o(.text), (26 bytes).
    Removing depilogue.o(.text), (186 bytes).
    Removing ddiv.o(.text), (222 bytes).
    Removing dfixul.o(.text), (48 bytes).
    Removing cdrcmple.o(.text), (48 bytes).

315 unused section(s) (total 21915 bytes) removed from the image.

==============================================================================

Image Symbol Table

    Local Symbols

    Symbol Name                              Value     Ov Type        Size  Object(Section)

    ../clib/microlib/division.c              0x00000000   Number         0  uidiv.o ABSOLUTE
    ../clib/microlib/division.c              0x00000000   Number         0  uldiv.o ABSOLUTE
    ../clib/microlib/init/entry.s            0x00000000   Number         0  entry12b.o ABSOLUTE
    ../clib/microlib/init/entry.s            0x00000000   Number         0  entry8b.o ABSOLUTE
    ../clib/microlib/init/entry.s            0x00000000   Number         0  entry5.o ABSOLUTE
    ../clib/microlib/init/entry.s            0x00000000   Number         0  entry7a.o ABSOLUTE
    ../clib/microlib/init/entry.s            0x00000000   Number         0  entry9a.o ABSOLUTE
    ../clib/microlib/init/entry.s            0x00000000   Number         0  entry7b.o ABSOLUTE
    ../clib/microlib/init/entry.s            0x00000000   Number         0  entry8a.o ABSOLUTE
    ../clib/microlib/init/entry.s            0x00000000   Number         0  entry9b.o ABSOLUTE
    ../clib/microlib/init/entry.s            0x00000000   Number         0  entry10b.o ABSOLUTE
    ../clib/microlib/init/entry.s            0x00000000   Number         0  entry.o ABSOLUTE
    ../clib/microlib/init/entry.s            0x00000000   Number         0  entry11a.o ABSOLUTE
    ../clib/microlib/init/entry.s            0x00000000   Number         0  entry11b.o ABSOLUTE
    ../clib/microlib/init/entry.s            0x00000000   Number         0  entry12a.o ABSOLUTE
    ../clib/microlib/init/entry.s            0x00000000   Number         0  entry10a.o ABSOLUTE
    ../clib/microlib/init/entry.s            0x00000000   Number         0  entry2.o ABSOLUTE
    ../clib/microlib/longlong.c              0x00000000   Number         0  llshl.o ABSOLUTE
    ../clib/microlib/longlong.c              0x00000000   Number         0  llsshr.o ABSOLUTE
    ../clib/microlib/longlong.c              0x00000000   Number         0  llushr.o ABSOLUTE
    ../clib/microlib/printf/printf.c         0x00000000   Number         0  printf8.o ABSOLUTE
    ../clib/microlib/printf/printf.c         0x00000000   Number         0  printf7.o ABSOLUTE
    ../clib/microlib/printf/printf.c         0x00000000   Number         0  printf6.o ABSOLUTE
    ../clib/microlib/printf/printf.c         0x00000000   Number         0  printf5.o ABSOLUTE
    ../clib/microlib/printf/printf.c         0x00000000   Number         0  printf1.o ABSOLUTE
    ../clib/microlib/printf/printf.c         0x00000000   Number         0  printf4.o ABSOLUTE
    ../clib/microlib/printf/printf.c         0x00000000   Number         0  printf3.o ABSOLUTE
    ../clib/microlib/printf/printf.c         0x00000000   Number         0  printf2.o ABSOLUTE
    ../clib/microlib/printf/printf.c         0x00000000   Number         0  printf0.o ABSOLUTE
    ../clib/microlib/printf/printf.c         0x00000000   Number         0  printfb.o ABSOLUTE
    ../clib/microlib/printf/printf.c         0x00000000   Number         0  printfa.o ABSOLUTE
    ../clib/microlib/printf/stubs.s          0x00000000   Number         0  stubs.o ABSOLUTE
    ../clib/microlib/stdio/streams.c         0x00000000   Number         0  stdout.o ABSOLUTE
    ../clib/microlib/stubs.s                 0x00000000   Number         0  iusefp.o ABSOLUTE
    ../fplib/microlib/fpadd.c                0x00000000   Number         0  dadd.o ABSOLUTE
    ../fplib/microlib/fpdiv.c                0x00000000   Number         0  ddiv.o ABSOLUTE
    ../fplib/microlib/fpepilogue.c           0x00000000   Number         0  depilogue.o ABSOLUTE
    ../fplib/microlib/fpfix.c                0x00000000   Number         0  dfixul.o ABSOLUTE
    ../fplib/microlib/fpflt.c                0x00000000   Number         0  dfltui.o ABSOLUTE
    ../fplib/microlib/fpmul.c                0x00000000   Number         0  dmul.o ABSOLUTE
    ..\Drive\Source\LCD_Test.c               0x00000000   Number         0  lcd_test.o ABSOLUTE
    ..\Drive\Source\PWM.c                    0x00000000   Number         0  pwm.o ABSOLUTE
    ..\Drive\Source\Serial_USART.c           0x00000000   Number         0  serial_usart.o ABSOLUTE
    ..\Drive\Source\delay.c                  0x00000000   Number         0  delay.o ABSOLUTE
    ..\Drive\Source\key.c                    0x00000000   Number         0  key.o ABSOLUTE
    ..\Drive\Source\lcd_fonts.c              0x00000000   Number         0  lcd_fonts.o ABSOLUTE
    ..\Drive\Source\lcd_image.c              0x00000000   Number         0  lcd_image.o ABSOLUTE
    ..\Drive\Source\lcd_spi_154.c            0x00000000   Number         0  lcd_spi_154.o ABSOLUTE
    ..\Drive\Source\led.c                    0x00000000   Number         0  led.o ABSOLUTE
    ..\HARDWARE\MODBUS\modbus.c              0x00000000   Number         0  modbus.o ABSOLUTE
    ..\HARDWARE\MODBUS\modbus_crc.c          0x00000000   Number         0  modbus_crc.o ABSOLUTE
    ..\HARDWARE\MODBUS\modbus_timer.c        0x00000000   Number         0  modbus_timer.o ABSOLUTE
    ..\MY\main.c                             0x00000000   Number         0  main.o ABSOLUTE
    ..\MY\stm32f4xx_it.c                     0x00000000   Number         0  stm32f4xx_it.o ABSOLUTE
    ..\STM32\CMSIS\Device\ST\STM32F4xx\Source\Templates\arm\startup_stm32f40_41xxx.s 0x00000000   Number         0  startup_stm32f40_41xxx.o ABSOLUTE
    ..\STM32\CMSIS\Device\ST\STM32F4xx\Source\Templates\system_stm32f4xx.c 0x00000000   Number         0  system_stm32f4xx.o ABSOLUTE
    ..\STM32\STM32F4xx_StdPeriph_Driver\src\misc.c 0x00000000   Number         0  misc.o ABSOLUTE
    ..\STM32\STM32F4xx_StdPeriph_Driver\src\stm32f4xx_gpio.c 0x00000000   Number         0  stm32f4xx_gpio.o ABSOLUTE
    ..\STM32\STM32F4xx_StdPeriph_Driver\src\stm32f4xx_rcc.c 0x00000000   Number         0  stm32f4xx_rcc.o ABSOLUTE
    ..\STM32\STM32F4xx_StdPeriph_Driver\src\stm32f4xx_spi.c 0x00000000   Number         0  stm32f4xx_spi.o ABSOLUTE
    ..\STM32\STM32F4xx_StdPeriph_Driver\src\stm32f4xx_tim.c 0x00000000   Number         0  stm32f4xx_tim.o ABSOLUTE
    ..\STM32\STM32F4xx_StdPeriph_Driver\src\stm32f4xx_usart.c 0x00000000   Number         0  stm32f4xx_usart.o ABSOLUTE
    ..\SYSTEM\rs485\RS485.c                  0x00000000   Number         0  rs485.o ABSOLUTE
    ..\\Drive\\Source\\LCD_Test.c            0x00000000   Number         0  lcd_test.o ABSOLUTE
    ..\\Drive\\Source\\PWM.c                 0x00000000   Number         0  pwm.o ABSOLUTE
    ..\\Drive\\Source\\Serial_USART.c        0x00000000   Number         0  serial_usart.o ABSOLUTE
    ..\\Drive\\Source\\delay.c               0x00000000   Number         0  delay.o ABSOLUTE
    ..\\Drive\\Source\\key.c                 0x00000000   Number         0  key.o ABSOLUTE
    ..\\Drive\\Source\\lcd_spi_154.c         0x00000000   Number         0  lcd_spi_154.o ABSOLUTE
    ..\\Drive\\Source\\led.c                 0x00000000   Number         0  led.o ABSOLUTE
    ..\\HARDWARE\\MODBUS\\modbus.c           0x00000000   Number         0  modbus.o ABSOLUTE
    ..\\HARDWARE\\MODBUS\\modbus_crc.c       0x00000000   Number         0  modbus_crc.o ABSOLUTE
    ..\\HARDWARE\\MODBUS\\modbus_timer.c     0x00000000   Number         0  modbus_timer.o ABSOLUTE
    ..\\MY\\main.c                           0x00000000   Number         0  main.o ABSOLUTE
    ..\\MY\\stm32f4xx_it.c                   0x00000000   Number         0  stm32f4xx_it.o ABSOLUTE
    ..\\STM32\\CMSIS\\Device\\ST\\STM32F4xx\\Source\\Templates\\system_stm32f4xx.c 0x00000000   Number         0  system_stm32f4xx.o ABSOLUTE
    ..\\STM32\\STM32F4xx_StdPeriph_Driver\\src\\misc.c 0x00000000   Number         0  misc.o ABSOLUTE
    ..\\STM32\\STM32F4xx_StdPeriph_Driver\\src\\stm32f4xx_gpio.c 0x00000000   Number         0  stm32f4xx_gpio.o ABSOLUTE
    ..\\STM32\\STM32F4xx_StdPeriph_Driver\\src\\stm32f4xx_rcc.c 0x00000000   Number         0  stm32f4xx_rcc.o ABSOLUTE
    ..\\STM32\\STM32F4xx_StdPeriph_Driver\\src\\stm32f4xx_spi.c 0x00000000   Number         0  stm32f4xx_spi.o ABSOLUTE
    ..\\STM32\\STM32F4xx_StdPeriph_Driver\\src\\stm32f4xx_tim.c 0x00000000   Number         0  stm32f4xx_tim.o ABSOLUTE
    ..\\STM32\\STM32F4xx_StdPeriph_Driver\\src\\stm32f4xx_usart.c 0x00000000   Number         0  stm32f4xx_usart.o ABSOLUTE
    ..\\SYSTEM\\rs485\\RS485.c               0x00000000   Number         0  rs485.o ABSOLUTE
    cdrcmple.s                               0x00000000   Number         0  cdrcmple.o ABSOLUTE
    dc.s                                     0x00000000   Number         0  dc.o ABSOLUTE
    handlers.s                               0x00000000   Number         0  handlers.o ABSOLUTE
    init.s                                   0x00000000   Number         0  init.o ABSOLUTE
    RESET                                    0x08000000   Section      392  startup_stm32f40_41xxx.o(RESET)
    .ARM.Collect$$$$00000000                 0x08000188   Section        0  entry.o(.ARM.Collect$$$$00000000)
    .ARM.Collect$$$$00000001                 0x08000188   Section        4  entry2.o(.ARM.Collect$$$$00000001)
    .ARM.Collect$$$$00000004                 0x0800018c   Section        4  entry5.o(.ARM.Collect$$$$00000004)
    .ARM.Collect$$$$00000008                 0x08000190   Section        0  entry7b.o(.ARM.Collect$$$$00000008)
    .ARM.Collect$$$$0000000A                 0x08000190   Section        0  entry8b.o(.ARM.Collect$$$$0000000A)
    .ARM.Collect$$$$0000000B                 0x08000190   Section        8  entry9a.o(.ARM.Collect$$$$0000000B)
    .ARM.Collect$$$$0000000E                 0x08000198   Section        4  entry12b.o(.ARM.Collect$$$$0000000E)
    .ARM.Collect$$$$0000000F                 0x0800019c   Section        0  entry10a.o(.ARM.Collect$$$$0000000F)
    .ARM.Collect$$$$00000011                 0x0800019c   Section        0  entry11a.o(.ARM.Collect$$$$00000011)
    .ARM.Collect$$$$00002712                 0x0800019c   Section        4  entry2.o(.ARM.Collect$$$$00002712)
    __lit__00000000                          0x0800019c   Data           4  entry2.o(.ARM.Collect$$$$00002712)
    .text                                    0x080001a0   Section       36  startup_stm32f40_41xxx.o(.text)
    $v0                                      0x080001a0   Number         0  startup_stm32f40_41xxx.o(.text)
    .text                                    0x080001c4   Section       36  init.o(.text)
    i.BusFault_Handler                       0x080001e8   Section        0  stm32f4xx_it.o(i.BusFault_Handler)
    i.DebugMon_Handler                       0x080001ea   Section        0  stm32f4xx_it.o(i.DebugMon_Handler)
    i.Delay_Init                             0x080001ec   Section        0  delay.o(i.Delay_Init)
    i.Delay_ms                               0x08000220   Section        0  delay.o(i.Delay_ms)
    i.GPIO_Init                              0x08000230   Section        0  stm32f4xx_gpio.o(i.GPIO_Init)
    i.GPIO_PinAFConfig                       0x080002d2   Section        0  stm32f4xx_gpio.o(i.GPIO_PinAFConfig)
    i.GPIO_ReadInputDataBit                  0x080002f2   Section        0  stm32f4xx_gpio.o(i.GPIO_ReadInputDataBit)
    i.GPIO_ResetBits                         0x08000300   Section        0  stm32f4xx_gpio.o(i.GPIO_ResetBits)
    i.GPIO_SetBits                           0x08000304   Section        0  stm32f4xx_gpio.o(i.GPIO_SetBits)
    i.HardFault_Handler                      0x08000308   Section        0  stm32f4xx_it.o(i.HardFault_Handler)
    i.KEY_Init                               0x0800030c   Section        0  key.o(i.KEY_Init)
    i.KEY_Scan                               0x08000338   Section        0  key.o(i.KEY_Scan)
    i.LCD_Clear                              0x08000374   Section        0  lcd_spi_154.o(i.LCD_Clear)
    i.LCD_Delay                              0x08000408   Section        0  lcd_spi_154.o(i.LCD_Delay)
    i.LCD_DisplayChar                        0x08000434   Section        0  lcd_spi_154.o(i.LCD_DisplayChar)
    i.LCD_DisplayChinese                     0x080004f4   Section        0  lcd_spi_154.o(i.LCD_DisplayChinese)
    i.LCD_DisplayText                        0x080005d8   Section        0  lcd_spi_154.o(i.LCD_DisplayText)
    i.LCD_GPIO_Config                        0x08000620   Section        0  lcd_spi_154.o(i.LCD_GPIO_Config)
    i.LCD_SPI_Config                         0x080006cc   Section        0  lcd_spi_154.o(i.LCD_SPI_Config)
    i.LCD_SetAddress                         0x08000728   Section        0  lcd_spi_154.o(i.LCD_SetAddress)
    i.LCD_SetBackColor                       0x0800079c   Section        0  lcd_spi_154.o(i.LCD_SetBackColor)
    i.LCD_SetColor                           0x080007c0   Section        0  lcd_spi_154.o(i.LCD_SetColor)
    i.LCD_SetDirection                       0x080007e4   Section        0  lcd_spi_154.o(i.LCD_SetDirection)
    i.LCD_SetTextFont                        0x0800086c   Section        0  lcd_spi_154.o(i.LCD_SetTextFont)
    i.LCD_Test_Clear                         0x080008b8   Section        0  lcd_test.o(i.LCD_Test_Clear)
    i.LCD_WriteBuff                          0x080008fc   Section        0  lcd_spi_154.o(i.LCD_WriteBuff)
    i.LCD_WriteCommand                       0x08000968   Section        0  lcd_spi_154.o(i.LCD_WriteCommand)
    i.LCD_WriteData_16bit                    0x080009ac   Section        0  lcd_spi_154.o(i.LCD_WriteData_16bit)
    i.LCD_WriteData_8bit                     0x080009c8   Section        0  lcd_spi_154.o(i.LCD_WriteData_8bit)
    i.LED_Init                               0x080009dc   Section        0  led.o(i.LED_Init)
    i.MemManage_Handler                      0x08000a18   Section        0  stm32f4xx_it.o(i.MemManage_Handler)
    i.Modbus_Init                            0x08000a1c   Section        0  modbus.o(i.Modbus_Init)
    i.Modbus_TIME3_Init                      0x08000a34   Section        0  modbus_timer.o(i.Modbus_TIME3_Init)
    i.NMI_Handler                            0x08000a9c   Section        0  stm32f4xx_it.o(i.NMI_Handler)
    i.NVIC_Init                              0x08000aa0   Section        0  misc.o(i.NVIC_Init)
    i.NVIC_PriorityGroupConfig               0x08000b04   Section        0  misc.o(i.NVIC_PriorityGroupConfig)
    i.PWM_Init                               0x08000b18   Section        0  pwm.o(i.PWM_Init)
    i.PendSV_Handler                         0x08000bbc   Section        0  stm32f4xx_it.o(i.PendSV_Handler)
    i.RCC_AHB1PeriphClockCmd                 0x08000bc0   Section        0  stm32f4xx_rcc.o(i.RCC_AHB1PeriphClockCmd)
    i.RCC_APB1PeriphClockCmd                 0x08000bd8   Section        0  stm32f4xx_rcc.o(i.RCC_APB1PeriphClockCmd)
    i.RCC_APB2PeriphClockCmd                 0x08000bf0   Section        0  stm32f4xx_rcc.o(i.RCC_APB2PeriphClockCmd)
    i.RCC_GetClocksFreq                      0x08000c08   Section        0  stm32f4xx_rcc.o(i.RCC_GetClocksFreq)
    i.RS485_Init                             0x08000c98   Section        0  rs485.o(i.RS485_Init)
    i.SPI_Cmd                                0x08000d60   Section        0  stm32f4xx_spi.o(i.SPI_Cmd)
    i.SPI_Init                               0x08000d74   Section        0  stm32f4xx_spi.o(i.SPI_Init)
    i.SPI_LCD_Init                           0x08000dac   Section        0  lcd_spi_154.o(i.SPI_LCD_Init)
    i.SVC_Handler                            0x08000f88   Section        0  stm32f4xx_it.o(i.SVC_Handler)
    i.Serial_USART                           0x08000f8c   Section        0  serial_usart.o(i.Serial_USART)
    i.SetSysClock                            0x08001054   Section        0  system_stm32f4xx.o(i.SetSysClock)
    SetSysClock                              0x08001055   Thumb Code   162  system_stm32f4xx.o(i.SetSysClock)
    i.SysTick_Handler                        0x08001108   Section        0  stm32f4xx_it.o(i.SysTick_Handler)
    i.SystemInit                             0x0800110c   Section        0  system_stm32f4xx.o(i.SystemInit)
    i.TIM3_IRQHandler                        0x08001168   Section        0  modbus_timer.o(i.TIM3_IRQHandler)
    i.TIM_ClearITPendingBit                  0x080011c4   Section        0  stm32f4xx_tim.o(i.TIM_ClearITPendingBit)
    i.TIM_Cmd                                0x080011ca   Section        0  stm32f4xx_tim.o(i.TIM_Cmd)
    i.TIM_GetITStatus                        0x080011de   Section        0  stm32f4xx_tim.o(i.TIM_GetITStatus)
    i.TIM_ITConfig                           0x080011f6   Section        0  stm32f4xx_tim.o(i.TIM_ITConfig)
    i.TIM_OC2Init                            0x08001208   Section        0  stm32f4xx_tim.o(i.TIM_OC2Init)
    i.TIM_OC2PreloadConfig                   0x08001288   Section        0  stm32f4xx_tim.o(i.TIM_OC2PreloadConfig)
    i.TIM_OCStructInit                       0x0800129c   Section        0  stm32f4xx_tim.o(i.TIM_OCStructInit)
    i.TIM_TimeBaseInit                       0x080012b0   Section        0  stm32f4xx_tim.o(i.TIM_TimeBaseInit)
    i.TimingDelay_Decrement                  0x0800132c   Section        0  delay.o(i.TimingDelay_Decrement)
    i.USART6_IRQHandler                      0x08001340   Section        0  rs485.o(i.USART6_IRQHandler)
    i.USART_Cmd                              0x0800139c   Section        0  stm32f4xx_usart.o(i.USART_Cmd)
    i.USART_GetFlagStatus                    0x080013b0   Section        0  stm32f4xx_usart.o(i.USART_GetFlagStatus)
    i.USART_GetITStatus                      0x080013be   Section        0  stm32f4xx_usart.o(i.USART_GetITStatus)
    i.USART_ITConfig                         0x080013fc   Section        0  stm32f4xx_usart.o(i.USART_ITConfig)
    i.USART_Init                             0x0800142c   Section        0  stm32f4xx_usart.o(i.USART_Init)
    i.USART_ReceiveData                      0x080014d8   Section        0  stm32f4xx_usart.o(i.USART_ReceiveData)
    i.USART_SendData                         0x080014e0   Section        0  stm32f4xx_usart.o(i.USART_SendData)
    i.UsageFault_Handler                     0x080014e8   Section        0  stm32f4xx_it.o(i.UsageFault_Handler)
    i.__scatterload_copy                     0x080014ea   Section       14  handlers.o(i.__scatterload_copy)
    i.__scatterload_null                     0x080014f8   Section        2  handlers.o(i.__scatterload_null)
    i.__scatterload_zeroinit                 0x080014fa   Section       14  handlers.o(i.__scatterload_zeroinit)
    i.main                                   0x08001508   Section        0  main.o(i.main)
    i.uart_init3                             0x080015f0   Section        0  serial_usart.o(i.uart_init3)
    .constdata                               0x0800169c   Section     4680  lcd_fonts.o(.constdata)
    .constdata                               0x080028e4   Section     6080  lcd_fonts.o(.constdata)
    .constdata                               0x080040a4   Section     4560  lcd_fonts.o(.constdata)
    .constdata                               0x08005274   Section     3800  lcd_fonts.o(.constdata)
    .constdata                               0x0800614c   Section     1520  lcd_fonts.o(.constdata)
    .constdata                               0x0800673c   Section     1140  lcd_fonts.o(.constdata)
    .data                                    0x20000000   Section       32  main.o(.data)
    .data                                    0x20000020   Section        4  delay.o(.data)
    TimingDelay                              0x20000020   Data           4  delay.o(.data)
    .data                                    0x20000024   Section       12  lcd_fonts.o(.data)
    .data                                    0x20000030   Section       12  lcd_fonts.o(.data)
    .data                                    0x2000003c   Section       12  lcd_fonts.o(.data)
    .data                                    0x20000048   Section       12  lcd_fonts.o(.data)
    .data                                    0x20000054   Section       12  lcd_fonts.o(.data)
    .data                                    0x20000060   Section       12  lcd_fonts.o(.data)
    .data                                    0x2000006c   Section        8  lcd_spi_154.o(.data)
    LCD_AsciiFonts                           0x2000006c   Data           4  lcd_spi_154.o(.data)
    LCD_CHFonts                              0x20000070   Data           4  lcd_spi_154.o(.data)
    .data                                    0x20000074   Section       20  system_stm32f4xx.o(.data)
    .data                                    0x20000088   Section       16  stm32f4xx_rcc.o(.data)
    APBAHBPrescTable                         0x20000088   Data          16  stm32f4xx_rcc.o(.data)
    .bss                                     0x20000098   Section     2064  lcd_spi_154.o(.bss)
    .bss                                     0x200008a8   Section      224  modbus.o(.bss)
    STACK                                    0x20000988   Section     1024  startup_stm32f40_41xxx.o(STACK)

    Global Symbols

    Symbol Name                              Value     Ov Type        Size  Object(Section)

    BuildAttributes$$THM_ISAv4$E$P$D$K$B$S$7EM$VFPi3$EXTD16$VFPS$VFMA$PE$A:L22UL41UL21$X:L11$S22US41US21$IEEE1$IW$USESV6$~STKCKD$USESV7$~SHL$OSPACE$ROPI$EBA8$MICROLIB$REQ8$PRES8$EABIv2 0x00000000   Number         0  anon$$obj.o ABSOLUTE
    __ARM_use_no_argv                        0x00000000   Number         0  main.o ABSOLUTE
    _printf_a                                0x00000000   Number         0  stubs.o ABSOLUTE
    _printf_c                                0x00000000   Number         0  stubs.o ABSOLUTE
    _printf_charcount                        0x00000000   Number         0  stubs.o ABSOLUTE
    _printf_d                                0x00000000   Number         0  stubs.o ABSOLUTE
    _printf_e                                0x00000000   Number         0  stubs.o ABSOLUTE
    _printf_f                                0x00000000   Number         0  stubs.o ABSOLUTE
    _printf_flags                            0x00000000   Number         0  stubs.o ABSOLUTE
    _printf_fp_dec                           0x00000000   Number         0  stubs.o ABSOLUTE
    _printf_fp_hex                           0x00000000   Number         0  stubs.o ABSOLUTE
    _printf_g                                0x00000000   Number         0  stubs.o ABSOLUTE
    _printf_i                                0x00000000   Number         0  stubs.o ABSOLUTE
    _printf_int_dec                          0x00000000   Number         0  stubs.o ABSOLUTE
    _printf_l                                0x00000000   Number         0  stubs.o ABSOLUTE
    _printf_lc                               0x00000000   Number         0  stubs.o ABSOLUTE
    _printf_ll                               0x00000000   Number         0  stubs.o ABSOLUTE
    _printf_lld                              0x00000000   Number         0  stubs.o ABSOLUTE
    _printf_lli                              0x00000000   Number         0  stubs.o ABSOLUTE
    _printf_llo                              0x00000000   Number         0  stubs.o ABSOLUTE
    _printf_llu                              0x00000000   Number         0  stubs.o ABSOLUTE
    _printf_llx                              0x00000000   Number         0  stubs.o ABSOLUTE
    _printf_longlong_dec                     0x00000000   Number         0  stubs.o ABSOLUTE
    _printf_longlong_hex                     0x00000000   Number         0  stubs.o ABSOLUTE
    _printf_longlong_oct                     0x00000000   Number         0  stubs.o ABSOLUTE
    _printf_ls                               0x00000000   Number         0  stubs.o ABSOLUTE
    _printf_mbtowc                           0x00000000   Number         0  stubs.o ABSOLUTE
    _printf_n                                0x00000000   Number         0  stubs.o ABSOLUTE
    _printf_o                                0x00000000   Number         0  stubs.o ABSOLUTE
    _printf_p                                0x00000000   Number         0  stubs.o ABSOLUTE
    _printf_percent                          0x00000000   Number         0  stubs.o ABSOLUTE
    _printf_pre_padding                      0x00000000   Number         0  stubs.o ABSOLUTE
    _printf_return_value                     0x00000000   Number         0  stubs.o ABSOLUTE
    _printf_s                                0x00000000   Number         0  stubs.o ABSOLUTE
    _printf_sizespec                         0x00000000   Number         0  stubs.o ABSOLUTE
    _printf_str                              0x00000000   Number         0  stubs.o ABSOLUTE
    _printf_truncate_signed                  0x00000000   Number         0  stubs.o ABSOLUTE
    _printf_truncate_unsigned                0x00000000   Number         0  stubs.o ABSOLUTE
    _printf_u                                0x00000000   Number         0  stubs.o ABSOLUTE
    _printf_wc                               0x00000000   Number         0  stubs.o ABSOLUTE
    _printf_wctomb                           0x00000000   Number         0  stubs.o ABSOLUTE
    _printf_widthprec                        0x00000000   Number         0  stubs.o ABSOLUTE
    _printf_x                                0x00000000   Number         0  stubs.o ABSOLUTE
    __arm_fini_                               - Undefined Weak Reference
    __cpp_initialize__aeabi_                  - Undefined Weak Reference
    __cxa_finalize                            - Undefined Weak Reference
    __decompress                              - Undefined Weak Reference
    _clock_init                               - Undefined Weak Reference
    _microlib_exit                            - Undefined Weak Reference
    __Vectors_Size                           0x00000188   Number         0  startup_stm32f40_41xxx.o ABSOLUTE
    __Vectors                                0x08000000   Data           4  startup_stm32f40_41xxx.o(RESET)
    __Vectors_End                            0x08000188   Data           0  startup_stm32f40_41xxx.o(RESET)
    __main                                   0x08000189   Thumb Code     0  entry.o(.ARM.Collect$$$$00000000)
    _main_stk                                0x08000189   Thumb Code     0  entry2.o(.ARM.Collect$$$$00000001)
    _main_scatterload                        0x0800018d   Thumb Code     0  entry5.o(.ARM.Collect$$$$00000004)
    __main_after_scatterload                 0x08000191   Thumb Code     0  entry5.o(.ARM.Collect$$$$00000004)
    _main_clock                              0x08000191   Thumb Code     0  entry7b.o(.ARM.Collect$$$$00000008)
    _main_cpp_init                           0x08000191   Thumb Code     0  entry8b.o(.ARM.Collect$$$$0000000A)
    _main_init                               0x08000191   Thumb Code     0  entry9a.o(.ARM.Collect$$$$0000000B)
    __rt_lib_shutdown_fini                   0x08000199   Thumb Code     0  entry12b.o(.ARM.Collect$$$$0000000E)
    __rt_final_cpp                           0x0800019d   Thumb Code     0  entry10a.o(.ARM.Collect$$$$0000000F)
    __rt_final_exit                          0x0800019d   Thumb Code     0  entry11a.o(.ARM.Collect$$$$00000011)
    Reset_Handler                            0x080001a1   Thumb Code     8  startup_stm32f40_41xxx.o(.text)
    ADC_IRQHandler                           0x080001bb   Thumb Code     0  startup_stm32f40_41xxx.o(.text)
    CAN1_RX0_IRQHandler                      0x080001bb   Thumb Code     0  startup_stm32f40_41xxx.o(.text)
    CAN1_RX1_IRQHandler                      0x080001bb   Thumb Code     0  startup_stm32f40_41xxx.o(.text)
    CAN1_SCE_IRQHandler                      0x080001bb   Thumb Code     0  startup_stm32f40_41xxx.o(.text)
    CAN1_TX_IRQHandler                       0x080001bb   Thumb Code     0  startup_stm32f40_41xxx.o(.text)
    CAN2_RX0_IRQHandler                      0x080001bb   Thumb Code     0  startup_stm32f40_41xxx.o(.text)
    CAN2_RX1_IRQHandler                      0x080001bb   Thumb Code     0  startup_stm32f40_41xxx.o(.text)
    CAN2_SCE_IRQHandler                      0x080001bb   Thumb Code     0  startup_stm32f40_41xxx.o(.text)
    CAN2_TX_IRQHandler                       0x080001bb   Thumb Code     0  startup_stm32f40_41xxx.o(.text)
    CRYP_IRQHandler                          0x080001bb   Thumb Code     0  startup_stm32f40_41xxx.o(.text)
    DCMI_IRQHandler                          0x080001bb   Thumb Code     0  startup_stm32f40_41xxx.o(.text)
    DMA1_Stream0_IRQHandler                  0x080001bb   Thumb Code     0  startup_stm32f40_41xxx.o(.text)
    DMA1_Stream1_IRQHandler                  0x080001bb   Thumb Code     0  startup_stm32f40_41xxx.o(.text)
    DMA1_Stream2_IRQHandler                  0x080001bb   Thumb Code     0  startup_stm32f40_41xxx.o(.text)
    DMA1_Stream3_IRQHandler                  0x080001bb   Thumb Code     0  startup_stm32f40_41xxx.o(.text)
    DMA1_Stream4_IRQHandler                  0x080001bb   Thumb Code     0  startup_stm32f40_41xxx.o(.text)
    DMA1_Stream5_IRQHandler                  0x080001bb   Thumb Code     0  startup_stm32f40_41xxx.o(.text)
    DMA1_Stream6_IRQHandler                  0x080001bb   Thumb Code     0  startup_stm32f40_41xxx.o(.text)
    DMA1_Stream7_IRQHandler                  0x080001bb   Thumb Code     0  startup_stm32f40_41xxx.o(.text)
    DMA2_Stream0_IRQHandler                  0x080001bb   Thumb Code     0  startup_stm32f40_41xxx.o(.text)
    DMA2_Stream1_IRQHandler                  0x080001bb   Thumb Code     0  startup_stm32f40_41xxx.o(.text)
    DMA2_Stream2_IRQHandler                  0x080001bb   Thumb Code     0  startup_stm32f40_41xxx.o(.text)
    DMA2_Stream3_IRQHandler                  0x080001bb   Thumb Code     0  startup_stm32f40_41xxx.o(.text)
    DMA2_Stream4_IRQHandler                  0x080001bb   Thumb Code     0  startup_stm32f40_41xxx.o(.text)
    DMA2_Stream5_IRQHandler                  0x080001bb   Thumb Code     0  startup_stm32f40_41xxx.o(.text)
    DMA2_Stream6_IRQHandler                  0x080001bb   Thumb Code     0  startup_stm32f40_41xxx.o(.text)
    DMA2_Stream7_IRQHandler                  0x080001bb   Thumb Code     0  startup_stm32f40_41xxx.o(.text)
    ETH_IRQHandler                           0x080001bb   Thumb Code     0  startup_stm32f40_41xxx.o(.text)
    ETH_WKUP_IRQHandler                      0x080001bb   Thumb Code     0  startup_stm32f40_41xxx.o(.text)
    EXTI0_IRQHandler                         0x080001bb   Thumb Code     0  startup_stm32f40_41xxx.o(.text)
    EXTI15_10_IRQHandler                     0x080001bb   Thumb Code     0  startup_stm32f40_41xxx.o(.text)
    EXTI1_IRQHandler                         0x080001bb   Thumb Code     0  startup_stm32f40_41xxx.o(.text)
    EXTI2_IRQHandler                         0x080001bb   Thumb Code     0  startup_stm32f40_41xxx.o(.text)
    EXTI3_IRQHandler                         0x080001bb   Thumb Code     0  startup_stm32f40_41xxx.o(.text)
    EXTI4_IRQHandler                         0x080001bb   Thumb Code     0  startup_stm32f40_41xxx.o(.text)
    EXTI9_5_IRQHandler                       0x080001bb   Thumb Code     0  startup_stm32f40_41xxx.o(.text)
    FLASH_IRQHandler                         0x080001bb   Thumb Code     0  startup_stm32f40_41xxx.o(.text)
    FPU_IRQHandler                           0x080001bb   Thumb Code     0  startup_stm32f40_41xxx.o(.text)
    FSMC_IRQHandler                          0x080001bb   Thumb Code     0  startup_stm32f40_41xxx.o(.text)
    HASH_RNG_IRQHandler                      0x080001bb   Thumb Code     0  startup_stm32f40_41xxx.o(.text)
    I2C1_ER_IRQHandler                       0x080001bb   Thumb Code     0  startup_stm32f40_41xxx.o(.text)
    I2C1_EV_IRQHandler                       0x080001bb   Thumb Code     0  startup_stm32f40_41xxx.o(.text)
    I2C2_ER_IRQHandler                       0x080001bb   Thumb Code     0  startup_stm32f40_41xxx.o(.text)
    I2C2_EV_IRQHandler                       0x080001bb   Thumb Code     0  startup_stm32f40_41xxx.o(.text)
    I2C3_ER_IRQHandler                       0x080001bb   Thumb Code     0  startup_stm32f40_41xxx.o(.text)
    I2C3_EV_IRQHandler                       0x080001bb   Thumb Code     0  startup_stm32f40_41xxx.o(.text)
    OTG_FS_IRQHandler                        0x080001bb   Thumb Code     0  startup_stm32f40_41xxx.o(.text)
    OTG_FS_WKUP_IRQHandler                   0x080001bb   Thumb Code     0  startup_stm32f40_41xxx.o(.text)
    OTG_HS_EP1_IN_IRQHandler                 0x080001bb   Thumb Code     0  startup_stm32f40_41xxx.o(.text)
    OTG_HS_EP1_OUT_IRQHandler                0x080001bb   Thumb Code     0  startup_stm32f40_41xxx.o(.text)
    OTG_HS_IRQHandler                        0x080001bb   Thumb Code     0  startup_stm32f40_41xxx.o(.text)
    OTG_HS_WKUP_IRQHandler                   0x080001bb   Thumb Code     0  startup_stm32f40_41xxx.o(.text)
    PVD_IRQHandler                           0x080001bb   Thumb Code     0  startup_stm32f40_41xxx.o(.text)
    RCC_IRQHandler                           0x080001bb   Thumb Code     0  startup_stm32f40_41xxx.o(.text)
    RTC_Alarm_IRQHandler                     0x080001bb   Thumb Code     0  startup_stm32f40_41xxx.o(.text)
    RTC_WKUP_IRQHandler                      0x080001bb   Thumb Code     0  startup_stm32f40_41xxx.o(.text)
    SDIO_IRQHandler                          0x080001bb   Thumb Code     0  startup_stm32f40_41xxx.o(.text)
    SPI1_IRQHandler                          0x080001bb   Thumb Code     0  startup_stm32f40_41xxx.o(.text)
    SPI2_IRQHandler                          0x080001bb   Thumb Code     0  startup_stm32f40_41xxx.o(.text)
    SPI3_IRQHandler                          0x080001bb   Thumb Code     0  startup_stm32f40_41xxx.o(.text)
    TAMP_STAMP_IRQHandler                    0x080001bb   Thumb Code     0  startup_stm32f40_41xxx.o(.text)
    TIM1_BRK_TIM9_IRQHandler                 0x080001bb   Thumb Code     0  startup_stm32f40_41xxx.o(.text)
    TIM1_CC_IRQHandler                       0x080001bb   Thumb Code     0  startup_stm32f40_41xxx.o(.text)
    TIM1_TRG_COM_TIM11_IRQHandler            0x080001bb   Thumb Code     0  startup_stm32f40_41xxx.o(.text)
    TIM1_UP_TIM10_IRQHandler                 0x080001bb   Thumb Code     0  startup_stm32f40_41xxx.o(.text)
    TIM2_IRQHandler                          0x080001bb   Thumb Code     0  startup_stm32f40_41xxx.o(.text)
    TIM4_IRQHandler                          0x080001bb   Thumb Code     0  startup_stm32f40_41xxx.o(.text)
    TIM5_IRQHandler                          0x080001bb   Thumb Code     0  startup_stm32f40_41xxx.o(.text)
    TIM6_DAC_IRQHandler                      0x080001bb   Thumb Code     0  startup_stm32f40_41xxx.o(.text)
    TIM7_IRQHandler                          0x080001bb   Thumb Code     0  startup_stm32f40_41xxx.o(.text)
    TIM8_BRK_TIM12_IRQHandler                0x080001bb   Thumb Code     0  startup_stm32f40_41xxx.o(.text)
    TIM8_CC_IRQHandler                       0x080001bb   Thumb Code     0  startup_stm32f40_41xxx.o(.text)
    TIM8_TRG_COM_TIM14_IRQHandler            0x080001bb   Thumb Code     0  startup_stm32f40_41xxx.o(.text)
    TIM8_UP_TIM13_IRQHandler                 0x080001bb   Thumb Code     0  startup_stm32f40_41xxx.o(.text)
    UART4_IRQHandler                         0x080001bb   Thumb Code     0  startup_stm32f40_41xxx.o(.text)
    UART5_IRQHandler                         0x080001bb   Thumb Code     0  startup_stm32f40_41xxx.o(.text)
    USART1_IRQHandler                        0x080001bb   Thumb Code     0  startup_stm32f40_41xxx.o(.text)
    USART2_IRQHandler                        0x080001bb   Thumb Code     0  startup_stm32f40_41xxx.o(.text)
    USART3_IRQHandler                        0x080001bb   Thumb Code     0  startup_stm32f40_41xxx.o(.text)
    WWDG_IRQHandler                          0x080001bb   Thumb Code     0  startup_stm32f40_41xxx.o(.text)
    __scatterload                            0x080001c5   Thumb Code    28  init.o(.text)
    __scatterload_rt2                        0x080001c5   Thumb Code     0  init.o(.text)
    BusFault_Handler                         0x080001e9   Thumb Code     2  stm32f4xx_it.o(i.BusFault_Handler)
    DebugMon_Handler                         0x080001eb   Thumb Code     2  stm32f4xx_it.o(i.DebugMon_Handler)
    Delay_Init                               0x080001ed   Thumb Code    44  delay.o(i.Delay_Init)
    Delay_ms                                 0x08000221   Thumb Code    12  delay.o(i.Delay_ms)
    GPIO_Init                                0x08000231   Thumb Code   162  stm32f4xx_gpio.o(i.GPIO_Init)
    GPIO_PinAFConfig                         0x080002d3   Thumb Code    32  stm32f4xx_gpio.o(i.GPIO_PinAFConfig)
    GPIO_ReadInputDataBit                    0x080002f3   Thumb Code    14  stm32f4xx_gpio.o(i.GPIO_ReadInputDataBit)
    GPIO_ResetBits                           0x08000301   Thumb Code     4  stm32f4xx_gpio.o(i.GPIO_ResetBits)
    GPIO_SetBits                             0x08000305   Thumb Code     4  stm32f4xx_gpio.o(i.GPIO_SetBits)
    HardFault_Handler                        0x08000309   Thumb Code     2  stm32f4xx_it.o(i.HardFault_Handler)
    KEY_Init                                 0x0800030d   Thumb Code    40  key.o(i.KEY_Init)
    KEY_Scan                                 0x08000339   Thumb Code    54  key.o(i.KEY_Scan)
    LCD_Clear                                0x08000375   Thumb Code   136  lcd_spi_154.o(i.LCD_Clear)
    LCD_Delay                                0x08000409   Thumb Code    44  lcd_spi_154.o(i.LCD_Delay)
    LCD_DisplayChar                          0x08000435   Thumb Code   174  lcd_spi_154.o(i.LCD_DisplayChar)
    LCD_DisplayChinese                       0x080004f5   Thumb Code   214  lcd_spi_154.o(i.LCD_DisplayChinese)
    LCD_DisplayText                          0x080005d9   Thumb Code    68  lcd_spi_154.o(i.LCD_DisplayText)
    LCD_GPIO_Config                          0x08000621   Thumb Code   162  lcd_spi_154.o(i.LCD_GPIO_Config)
    LCD_SPI_Config                           0x080006cd   Thumb Code    86  lcd_spi_154.o(i.LCD_SPI_Config)
    LCD_SetAddress                           0x08000729   Thumb Code   102  lcd_spi_154.o(i.LCD_SetAddress)
    LCD_SetBackColor                         0x0800079d   Thumb Code    30  lcd_spi_154.o(i.LCD_SetBackColor)
    LCD_SetColor                             0x080007c1   Thumb Code    30  lcd_spi_154.o(i.LCD_SetColor)
    LCD_SetDirection                         0x080007e5   Thumb Code   124  lcd_spi_154.o(i.LCD_SetDirection)
    LCD_SetTextFont                          0x0800086d   Thumb Code    50  lcd_spi_154.o(i.LCD_SetTextFont)
    LCD_Test_Clear                           0x080008b9   Thumb Code    46  lcd_test.o(i.LCD_Test_Clear)
    LCD_WriteBuff                            0x080008fd   Thumb Code   100  lcd_spi_154.o(i.LCD_WriteBuff)
    LCD_WriteCommand                         0x08000969   Thumb Code    58  lcd_spi_154.o(i.LCD_WriteCommand)
    LCD_WriteData_16bit                      0x080009ad   Thumb Code    24  lcd_spi_154.o(i.LCD_WriteData_16bit)
    LCD_WriteData_8bit                       0x080009c9   Thumb Code    14  lcd_spi_154.o(i.LCD_WriteData_8bit)
    LED_Init                                 0x080009dd   Thumb Code    54  led.o(i.LED_Init)
    MemManage_Handler                        0x08000a19   Thumb Code     2  stm32f4xx_it.o(i.MemManage_Handler)
    Modbus_Init                              0x08000a1d   Thumb Code    20  modbus.o(i.Modbus_Init)
    Modbus_TIME3_Init                        0x08000a35   Thumb Code    98  modbus_timer.o(i.Modbus_TIME3_Init)
    NMI_Handler                              0x08000a9d   Thumb Code     2  stm32f4xx_it.o(i.NMI_Handler)
    NVIC_Init                                0x08000aa1   Thumb Code    96  misc.o(i.NVIC_Init)
    NVIC_PriorityGroupConfig                 0x08000b05   Thumb Code    10  misc.o(i.NVIC_PriorityGroupConfig)
    PWM_Init                                 0x08000b19   Thumb Code   158  pwm.o(i.PWM_Init)
    PendSV_Handler                           0x08000bbd   Thumb Code     2  stm32f4xx_it.o(i.PendSV_Handler)
    RCC_AHB1PeriphClockCmd                   0x08000bc1   Thumb Code    18  stm32f4xx_rcc.o(i.RCC_AHB1PeriphClockCmd)
    RCC_APB1PeriphClockCmd                   0x08000bd9   Thumb Code    18  stm32f4xx_rcc.o(i.RCC_APB1PeriphClockCmd)
    RCC_APB2PeriphClockCmd                   0x08000bf1   Thumb Code    18  stm32f4xx_rcc.o(i.RCC_APB2PeriphClockCmd)
    RCC_GetClocksFreq                        0x08000c09   Thumb Code   132  stm32f4xx_rcc.o(i.RCC_GetClocksFreq)
    RS485_Init                               0x08000c99   Thumb Code   190  rs485.o(i.RS485_Init)
    SPI_Cmd                                  0x08000d61   Thumb Code    20  stm32f4xx_spi.o(i.SPI_Cmd)
    SPI_Init                                 0x08000d75   Thumb Code    56  stm32f4xx_spi.o(i.SPI_Init)
    SPI_LCD_Init                             0x08000dad   Thumb Code   456  lcd_spi_154.o(i.SPI_LCD_Init)
    SVC_Handler                              0x08000f89   Thumb Code     2  stm32f4xx_it.o(i.SVC_Handler)
    Serial_USART                             0x08000f8d   Thumb Code   192  serial_usart.o(i.Serial_USART)
    SysTick_Handler                          0x08001109   Thumb Code     4  stm32f4xx_it.o(i.SysTick_Handler)
    SystemInit                               0x0800110d   Thumb Code    74  system_stm32f4xx.o(i.SystemInit)
    TIM3_IRQHandler                          0x08001169   Thumb Code    82  modbus_timer.o(i.TIM3_IRQHandler)
    TIM_ClearITPendingBit                    0x080011c5   Thumb Code     6  stm32f4xx_tim.o(i.TIM_ClearITPendingBit)
    TIM_Cmd                                  0x080011cb   Thumb Code    20  stm32f4xx_tim.o(i.TIM_Cmd)
    TIM_GetITStatus                          0x080011df   Thumb Code    24  stm32f4xx_tim.o(i.TIM_GetITStatus)
    TIM_ITConfig                             0x080011f7   Thumb Code    16  stm32f4xx_tim.o(i.TIM_ITConfig)
    TIM_OC2Init                              0x08001209   Thumb Code   120  stm32f4xx_tim.o(i.TIM_OC2Init)
    TIM_OC2PreloadConfig                     0x08001289   Thumb Code    20  stm32f4xx_tim.o(i.TIM_OC2PreloadConfig)
    TIM_OCStructInit                         0x0800129d   Thumb Code    20  stm32f4xx_tim.o(i.TIM_OCStructInit)
    TIM_TimeBaseInit                         0x080012b1   Thumb Code    96  stm32f4xx_tim.o(i.TIM_TimeBaseInit)
    TimingDelay_Decrement                    0x0800132d   Thumb Code    16  delay.o(i.TimingDelay_Decrement)
    USART6_IRQHandler                        0x08001341   Thumb Code    80  rs485.o(i.USART6_IRQHandler)
    USART_Cmd                                0x0800139d   Thumb Code    20  stm32f4xx_usart.o(i.USART_Cmd)
    USART_GetFlagStatus                      0x080013b1   Thumb Code    14  stm32f4xx_usart.o(i.USART_GetFlagStatus)
    USART_GetITStatus                        0x080013bf   Thumb Code    62  stm32f4xx_usart.o(i.USART_GetITStatus)
    USART_ITConfig                           0x080013fd   Thumb Code    48  stm32f4xx_usart.o(i.USART_ITConfig)
    USART_Init                               0x0800142d   Thumb Code   164  stm32f4xx_usart.o(i.USART_Init)
    USART_ReceiveData                        0x080014d9   Thumb Code     8  stm32f4xx_usart.o(i.USART_ReceiveData)
    USART_SendData                           0x080014e1   Thumb Code     8  stm32f4xx_usart.o(i.USART_SendData)
    UsageFault_Handler                       0x080014e9   Thumb Code     2  stm32f4xx_it.o(i.UsageFault_Handler)
    __scatterload_copy                       0x080014eb   Thumb Code    14  handlers.o(i.__scatterload_copy)
    __scatterload_null                       0x080014f9   Thumb Code     2  handlers.o(i.__scatterload_null)
    __scatterload_zeroinit                   0x080014fb   Thumb Code    14  handlers.o(i.__scatterload_zeroinit)
    main                                     0x08001509   Thumb Code   224  main.o(i.main)
    uart_init3                               0x080015f1   Thumb Code   164  serial_usart.o(i.uart_init3)
    Chinese_2424                             0x0800169c   Data        4680  lcd_fonts.o(.constdata)
    ASCII_3216_Table                         0x080028e4   Data        6080  lcd_fonts.o(.constdata)
    ASCII_2412_Table                         0x080040a4   Data        4560  lcd_fonts.o(.constdata)
    ASCII_2010_Table                         0x08005274   Data        3800  lcd_fonts.o(.constdata)
    ASCII_1608_Table                         0x0800614c   Data        1520  lcd_fonts.o(.constdata)
    ASCII_1206_Table                         0x0800673c   Data        1140  lcd_fonts.o(.constdata)
    Region$$Table$$Base                      0x08006bb0   Number         0  anon$$obj.o(Region$$Table)
    Region$$Table$$Limit                     0x08006bd0   Number         0  anon$$obj.o(Region$$Table)
    j                                        0x20000000   Data           1  main.o(.data)
    h                                        0x20000001   Data           1  main.o(.data)
    val1                                     0x20000002   Data           1  main.o(.data)
    val                                      0x20000004   Data           4  main.o(.data)
    Set_HoldingJawOpen                       0x20000008   Data           8  main.o(.data)
    Set_HoldingJawClose                      0x20000010   Data           8  main.o(.data)
    Set_HoldingJawInit                       0x20000018   Data           8  main.o(.data)
    CH_Font24                                0x20000024   Data          12  lcd_fonts.o(.data)
    ASCII_Font32                             0x20000030   Data          12  lcd_fonts.o(.data)
    ASCII_Font24                             0x2000003c   Data          12  lcd_fonts.o(.data)
    ASCII_Font20                             0x20000048   Data          12  lcd_fonts.o(.data)
    ASCII_Font16                             0x20000054   Data          12  lcd_fonts.o(.data)
    ASCII_Font12                             0x20000060   Data          12  lcd_fonts.o(.data)
    SystemCoreClock                          0x20000074   Data           4  system_stm32f4xx.o(.data)
    AHBPrescTable                            0x20000078   Data          16  system_stm32f4xx.o(.data)
    LCD_Buff                                 0x20000098   Data        2048  lcd_spi_154.o(.bss)
    LCD                                      0x20000898   Data          16  lcd_spi_154.o(.bss)
    modbus                                   0x200008a8   Data         224  modbus.o(.bss)
    __initial_sp                             0x20000d88   Data           0  startup_stm32f40_41xxx.o(STACK)



==============================================================================

Memory Map of the image

  Image Entry point : 0x08000189

  Load Region LR_IROM1 (Base: 0x08000000, Size: 0x00006c68, Max: 0x00100000, ABSOLUTE)

    Execution Region ER_IROM1 (Exec base: 0x08000000, Load base: 0x08000000, Size: 0x00006bd0, Max: 0x00100000, ABSOLUTE)

    Exec Addr    Load Addr    Size         Type   Attr      Idx    E Section Name        Object

    0x08000000   0x08000000   0x00000188   Data   RO          929    RESET               startup_stm32f40_41xxx.o
    0x08000188   0x08000188   0x00000000   Code   RO         2413  * .ARM.Collect$$$$00000000  mc_w.l(entry.o)
    0x08000188   0x08000188   0x00000004   Code   RO         2683    .ARM.Collect$$$$00000001  mc_w.l(entry2.o)
    0x0800018c   0x0800018c   0x00000004   Code   RO         2686    .ARM.Collect$$$$00000004  mc_w.l(entry5.o)
    0x08000190   0x08000190   0x00000000   Code   RO         2688    .ARM.Collect$$$$00000008  mc_w.l(entry7b.o)
    0x08000190   0x08000190   0x00000000   Code   RO         2690    .ARM.Collect$$$$0000000A  mc_w.l(entry8b.o)
    0x08000190   0x08000190   0x00000008   Code   RO         2691    .ARM.Collect$$$$0000000B  mc_w.l(entry9a.o)
    0x08000198   0x08000198   0x00000004   Code   RO         2698    .ARM.Collect$$$$0000000E  mc_w.l(entry12b.o)
    0x0800019c   0x0800019c   0x00000000   Code   RO         2693    .ARM.Collect$$$$0000000F  mc_w.l(entry10a.o)
    0x0800019c   0x0800019c   0x00000000   Code   RO         2695    .ARM.Collect$$$$00000011  mc_w.l(entry11a.o)
    0x0800019c   0x0800019c   0x00000004   Code   RO         2684    .ARM.Collect$$$$00002712  mc_w.l(entry2.o)
    0x080001a0   0x080001a0   0x00000024   Code   RO          930    .text               startup_stm32f40_41xxx.o
    0x080001c4   0x080001c4   0x00000024   Code   RO         2717    .text               mc_w.l(init.o)
    0x080001e8   0x080001e8   0x00000002   Code   RO          192    i.BusFault_Handler  stm32f4xx_it.o
    0x080001ea   0x080001ea   0x00000002   Code   RO          193    i.DebugMon_Handler  stm32f4xx_it.o
    0x080001ec   0x080001ec   0x00000034   Code   RO          291    i.Delay_Init        delay.o
    0x08000220   0x08000220   0x00000010   Code   RO          292    i.Delay_ms          delay.o
    0x08000230   0x08000230   0x000000a2   Code   RO         1365    i.GPIO_Init         stm32f4xx_gpio.o
    0x080002d2   0x080002d2   0x00000020   Code   RO         1366    i.GPIO_PinAFConfig  stm32f4xx_gpio.o
    0x080002f2   0x080002f2   0x0000000e   Code   RO         1369    i.GPIO_ReadInputDataBit  stm32f4xx_gpio.o
    0x08000300   0x08000300   0x00000004   Code   RO         1372    i.GPIO_ResetBits    stm32f4xx_gpio.o
    0x08000304   0x08000304   0x00000004   Code   RO         1373    i.GPIO_SetBits      stm32f4xx_gpio.o
    0x08000308   0x08000308   0x00000002   Code   RO          194    i.HardFault_Handler  stm32f4xx_it.o
    0x0800030a   0x0800030a   0x00000002   PAD
    0x0800030c   0x0800030c   0x0000002c   Code   RO          333    i.KEY_Init          key.o
    0x08000338   0x08000338   0x0000003c   Code   RO          334    i.KEY_Scan          key.o
    0x08000374   0x08000374   0x00000094   Code   RO          409    i.LCD_Clear         lcd_spi_154.o
    0x08000408   0x08000408   0x0000002c   Code   RO          411    i.LCD_Delay         lcd_spi_154.o
    0x08000434   0x08000434   0x000000c0   Code   RO          412    i.LCD_DisplayChar   lcd_spi_154.o
    0x080004f4   0x080004f4   0x000000e4   Code   RO          413    i.LCD_DisplayChinese  lcd_spi_154.o
    0x080005d8   0x080005d8   0x00000048   Code   RO          417    i.LCD_DisplayText   lcd_spi_154.o
    0x08000620   0x08000620   0x000000ac   Code   RO          428    i.LCD_GPIO_Config   lcd_spi_154.o
    0x080006cc   0x080006cc   0x0000005c   Code   RO          429    i.LCD_SPI_Config    lcd_spi_154.o
    0x08000728   0x08000728   0x00000074   Code   RO          430    i.LCD_SetAddress    lcd_spi_154.o
    0x0800079c   0x0800079c   0x00000024   Code   RO          432    i.LCD_SetBackColor  lcd_spi_154.o
    0x080007c0   0x080007c0   0x00000024   Code   RO          433    i.LCD_SetColor      lcd_spi_154.o
    0x080007e4   0x080007e4   0x00000088   Code   RO          434    i.LCD_SetDirection  lcd_spi_154.o
    0x0800086c   0x0800086c   0x0000004c   Code   RO          435    i.LCD_SetTextFont   lcd_spi_154.o
    0x080008b8   0x080008b8   0x00000044   Code   RO          623    i.LCD_Test_Clear    lcd_test.o
    0x080008fc   0x080008fc   0x0000006c   Code   RO          437    i.LCD_WriteBuff     lcd_spi_154.o
    0x08000968   0x08000968   0x00000044   Code   RO          438    i.LCD_WriteCommand  lcd_spi_154.o
    0x080009ac   0x080009ac   0x0000001c   Code   RO          439    i.LCD_WriteData_16bit  lcd_spi_154.o
    0x080009c8   0x080009c8   0x00000014   Code   RO          440    i.LCD_WriteData_8bit  lcd_spi_154.o
    0x080009dc   0x080009dc   0x0000003c   Code   RO          267    i.LED_Init          led.o
    0x08000a18   0x08000a18   0x00000002   Code   RO          195    i.MemManage_Handler  stm32f4xx_it.o
    0x08000a1a   0x08000a1a   0x00000002   PAD
    0x08000a1c   0x08000a1c   0x00000018   Code   RO          795    i.Modbus_Init       modbus.o
    0x08000a34   0x08000a34   0x00000068   Code   RO          893    i.Modbus_TIME3_Init  modbus_timer.o
    0x08000a9c   0x08000a9c   0x00000002   Code   RO          196    i.NMI_Handler       stm32f4xx_it.o
    0x08000a9e   0x08000a9e   0x00000002   PAD
    0x08000aa0   0x08000aa0   0x00000064   Code   RO          978    i.NVIC_Init         misc.o
    0x08000b04   0x08000b04   0x00000014   Code   RO          979    i.NVIC_PriorityGroupConfig  misc.o
    0x08000b18   0x08000b18   0x000000a4   Code   RO          683    i.PWM_Init          pwm.o
    0x08000bbc   0x08000bbc   0x00000002   Code   RO          197    i.PendSV_Handler    stm32f4xx_it.o
    0x08000bbe   0x08000bbe   0x00000002   PAD
    0x08000bc0   0x08000bc0   0x00000018   Code   RO         1026    i.RCC_AHB1PeriphClockCmd  stm32f4xx_rcc.o
    0x08000bd8   0x08000bd8   0x00000018   Code   RO         1035    i.RCC_APB1PeriphClockCmd  stm32f4xx_rcc.o
    0x08000bf0   0x08000bf0   0x00000018   Code   RO         1038    i.RCC_APB2PeriphClockCmd  stm32f4xx_rcc.o
    0x08000c08   0x08000c08   0x00000090   Code   RO         1047    i.RCC_GetClocksFreq  stm32f4xx_rcc.o
    0x08000c98   0x08000c98   0x000000c8   Code   RO         2378    i.RS485_Init        rs485.o
    0x08000d60   0x08000d60   0x00000014   Code   RO         1664    i.SPI_Cmd           stm32f4xx_spi.o
    0x08000d74   0x08000d74   0x00000038   Code   RO         1677    i.SPI_Init          stm32f4xx_spi.o
    0x08000dac   0x08000dac   0x000001dc   Code   RO          441    i.SPI_LCD_Init      lcd_spi_154.o
    0x08000f88   0x08000f88   0x00000002   Code   RO          198    i.SVC_Handler       stm32f4xx_it.o
    0x08000f8a   0x08000f8a   0x00000002   PAD
    0x08000f8c   0x08000f8c   0x000000c8   Code   RO          713    i.Serial_USART      serial_usart.o
    0x08001054   0x08001054   0x000000b4   Code   RO          937    i.SetSysClock       system_stm32f4xx.o
    0x08001108   0x08001108   0x00000004   Code   RO          199    i.SysTick_Handler   stm32f4xx_it.o
    0x0800110c   0x0800110c   0x0000005c   Code   RO          939    i.SystemInit        system_stm32f4xx.o
    0x08001168   0x08001168   0x0000005c   Code   RO          894    i.TIM3_IRQHandler   modbus_timer.o
    0x080011c4   0x080011c4   0x00000006   Code   RO         1835    i.TIM_ClearITPendingBit  stm32f4xx_tim.o
    0x080011ca   0x080011ca   0x00000014   Code   RO         1840    i.TIM_Cmd           stm32f4xx_tim.o
    0x080011de   0x080011de   0x00000018   Code   RO         1861    i.TIM_GetITStatus   stm32f4xx_tim.o
    0x080011f6   0x080011f6   0x00000010   Code   RO         1865    i.TIM_ITConfig      stm32f4xx_tim.o
    0x08001206   0x08001206   0x00000002   PAD
    0x08001208   0x08001208   0x00000080   Code   RO         1874    i.TIM_OC2Init       stm32f4xx_tim.o
    0x08001288   0x08001288   0x00000014   Code   RO         1877    i.TIM_OC2PreloadConfig  stm32f4xx_tim.o
    0x0800129c   0x0800129c   0x00000014   Code   RO         1887    i.TIM_OCStructInit  stm32f4xx_tim.o
    0x080012b0   0x080012b0   0x0000007c   Code   RO         1912    i.TIM_TimeBaseInit  stm32f4xx_tim.o
    0x0800132c   0x0800132c   0x00000014   Code   RO          293    i.TimingDelay_Decrement  delay.o
    0x08001340   0x08001340   0x0000005c   Code   RO         2379    i.USART6_IRQHandler  rs485.o
    0x0800139c   0x0800139c   0x00000014   Code   RO         1470    i.USART_Cmd         stm32f4xx_usart.o
    0x080013b0   0x080013b0   0x0000000e   Code   RO         1473    i.USART_GetFlagStatus  stm32f4xx_usart.o
    0x080013be   0x080013be   0x0000003e   Code   RO         1474    i.USART_GetITStatus  stm32f4xx_usart.o
    0x080013fc   0x080013fc   0x00000030   Code   RO         1476    i.USART_ITConfig    stm32f4xx_usart.o
    0x0800142c   0x0800142c   0x000000ac   Code   RO         1477    i.USART_Init        stm32f4xx_usart.o
    0x080014d8   0x080014d8   0x00000008   Code   RO         1484    i.USART_ReceiveData  stm32f4xx_usart.o
    0x080014e0   0x080014e0   0x00000008   Code   RO         1487    i.USART_SendData    stm32f4xx_usart.o
    0x080014e8   0x080014e8   0x00000002   Code   RO          200    i.UsageFault_Handler  stm32f4xx_it.o
    0x080014ea   0x080014ea   0x0000000e   Code   RO         2723    i.__scatterload_copy  mc_w.l(handlers.o)
    0x080014f8   0x080014f8   0x00000002   Code   RO         2724    i.__scatterload_null  mc_w.l(handlers.o)
    0x080014fa   0x080014fa   0x0000000e   Code   RO         2725    i.__scatterload_zeroinit  mc_w.l(handlers.o)
    0x08001508   0x08001508   0x000000e8   Code   RO            5    i.main              main.o
    0x080015f0   0x080015f0   0x000000ac   Code   RO          720    i.uart_init3        serial_usart.o
    0x0800169c   0x0800169c   0x00001248   Data   RO          363    .constdata          lcd_fonts.o
    0x080028e4   0x080028e4   0x000017c0   Data   RO          365    .constdata          lcd_fonts.o
    0x080040a4   0x080040a4   0x000011d0   Data   RO          366    .constdata          lcd_fonts.o
    0x08005274   0x08005274   0x00000ed8   Data   RO          367    .constdata          lcd_fonts.o
    0x0800614c   0x0800614c   0x000005f0   Data   RO          368    .constdata          lcd_fonts.o
    0x0800673c   0x0800673c   0x00000474   Data   RO          369    .constdata          lcd_fonts.o
    0x08006bb0   0x08006bb0   0x00000020   Data   RO         2721    Region$$Table       anon$$obj.o


    Execution Region RW_IRAM2 (Exec base: 0x10000000, Load base: 0x08006c68, Size: 0x00000000, Max: 0x00010000, ABSOLUTE)

    **** No section assigned to this execution region ****


    Execution Region RW_IRAM1 (Exec base: 0x20000000, Load base: 0x08006bd0, Size: 0x00000d88, Max: 0x00020000, ABSOLUTE)

    Exec Addr    Load Addr    Size         Type   Attr      Idx    E Section Name        Object

    0x20000000   0x08006bd0   0x00000020   Data   RW            6    .data               main.o
    0x20000020   0x08006bf0   0x00000004   Data   RW          294    .data               delay.o
    0x20000024   0x08006bf4   0x0000000c   Data   RW          373    .data               lcd_fonts.o
    0x20000030   0x08006c00   0x0000000c   Data   RW          375    .data               lcd_fonts.o
    0x2000003c   0x08006c0c   0x0000000c   Data   RW          376    .data               lcd_fonts.o
    0x20000048   0x08006c18   0x0000000c   Data   RW          377    .data               lcd_fonts.o
    0x20000054   0x08006c24   0x0000000c   Data   RW          378    .data               lcd_fonts.o
    0x20000060   0x08006c30   0x0000000c   Data   RW          379    .data               lcd_fonts.o
    0x2000006c   0x08006c3c   0x00000008   Data   RW          443    .data               lcd_spi_154.o
    0x20000074   0x08006c44   0x00000014   Data   RW          940    .data               system_stm32f4xx.o
    0x20000088   0x08006c58   0x00000010   Data   RW         1079    .data               stm32f4xx_rcc.o
    0x20000098        -       0x00000810   Zero   RW          442    .bss                lcd_spi_154.o
    0x200008a8        -       0x000000e0   Zero   RW          796    .bss                modbus.o
    0x20000988        -       0x00000400   Zero   RW          927    STACK               startup_stm32f40_41xxx.o


==============================================================================

Image component sizes


      Code (inc. data)   RO Data    RW Data    ZI Data      Debug   Object Name

        88         16          0          4          0      28335   delay.o
       104         10          0          0          0       1134   key.o
         0          0      21780         72          0       1971   lcd_fonts.o
      2048        176          0          8       2064      13213   lcd_spi_154.o
        68         22          0          0          0        549   lcd_test.o
        60          6          0          0          0        555   led.o
       232          8          0         32          0     302565   main.o
       120         14          0          0          0       1735   misc.o
        24          4          0          0        224       1847   modbus.o
       196         16          0          0          0       1242   modbus_timer.o
       164          6          0          0          0        719   pwm.o
       292         22          0          0          0       1365   rs485.o
       372         16          0          0          0       1544   serial_usart.o
        36          8        392          0       1024        944   startup_stm32f40_41xxx.o
       216          0          0          0          0       3979   stm32f4xx_gpio.o
        20          0          0          0          0       4294   stm32f4xx_it.o
       216         30          0         16          0       5187   stm32f4xx_rcc.o
        76          0          0          0          0       1985   stm32f4xx_spi.o
       358         36          0          0          0       7209   stm32f4xx_tim.o
       332          8          0          0          0       6089   stm32f4xx_usart.o
       272         36          0         20          0       2245   system_stm32f4xx.o

    ----------------------------------------------------------------------
      5306        434      22204        152       3312     388706   Object Totals
         0          0         32          0          0          0   (incl. Generated)
        12          0          0          0          0          0   (incl. Padding)

    ----------------------------------------------------------------------

      Code (inc. data)   RO Data    RW Data    ZI Data      Debug   Library Member Name

         0          0          0          0          0          0   entry.o
         0          0          0          0          0          0   entry10a.o
         0          0          0          0          0          0   entry11a.o
         4          0          0          0          0          0   entry12b.o
         8          4          0          0          0          0   entry2.o
         4          0          0          0          0          0   entry5.o
         0          0          0          0          0          0   entry7b.o
         0          0          0          0          0          0   entry8b.o
         8          4          0          0          0          0   entry9a.o
        30          0          0          0          0          0   handlers.o
        36          8          0          0          0         68   init.o

    ----------------------------------------------------------------------
        90         16          0          0          0         68   Library Totals
         0          0          0          0          0          0   (incl. Padding)

    ----------------------------------------------------------------------

      Code (inc. data)   RO Data    RW Data    ZI Data      Debug   Library Name

        90         16          0          0          0         68   mc_w.l

    ----------------------------------------------------------------------
        90         16          0          0          0         68   Library Totals

    ----------------------------------------------------------------------

==============================================================================


      Code (inc. data)   RO Data    RW Data    ZI Data      Debug   

      5396        450      22204        152       3312     382478   Grand Totals
      5396        450      22204        152       3312     382478   ELF Image Totals
      5396        450      22204        152          0          0   ROM Totals

==============================================================================

    Total RO  Size (Code + RO Data)                27600 (  26.95kB)
    Total RW  Size (RW Data + ZI Data)              3464 (   3.38kB)
    Total ROM Size (Code + RO Data + RW Data)      27752 (  27.10kB)

==============================================================================

