Component: ARM Compiler 5.06 update 7 (build 960) Tool: armlink [4d3601]

==============================================================================

Section Cross References

    main.o(.text) refers to misc.o(.text) for NVIC_PriorityGroupConfig
    main.o(.text) refers to delay.o(.text) for delay_init
    main.o(.text) refers to usart.o(.text) for uart_init
    main.o(.text) refers to led.o(.text) for LED_Init
    main.o(.text) refers to key.o(.text) for KEY_Init
    main.o(.text) refers to sram.o(.text) for FSMC_SRAM_Init
    main.o(.text) refers to malloc.o(.text) for my_mem_init
    main.o(.text) refers to freertos_demo.o(.text) for freertos_demo
    system_stm32f4xx.o(.text) refers to system_stm32f4xx.o(.data) for SystemCoreClock
    freertos_demo.o(.text) refers to _printf_percent.o(.ARM.Collect$$_printf_percent$$00000000) for _printf_percent
    freertos_demo.o(.text) refers to _printf_f.o(.ARM.Collect$$_printf_percent$$00000003) for _printf_f
    freertos_demo.o(.text) refers to printf1.o(x$fpl$printf1) for _printf_fp_dec
    freertos_demo.o(.text) refers to f2d.o(x$fpl$f2d) for __aeabi_f2d
    freertos_demo.o(.text) refers to noretval__2printf.o(.text) for __2printf
    freertos_demo.o(.text) refers to tasks.o(.text) for vTaskDelay
    freertos_demo.o(.text) refers to port.o(.text) for vPortEnterCritical
    freertos_demo.o(.text) refers to freertos_demo.o(.data) for Task1Task_Handler
    led.o(.text) refers to stm32f4xx_rcc.o(.text) for RCC_AHB1PeriphClockCmd
    led.o(.text) refers to stm32f4xx_gpio.o(.text) for GPIO_Init
    key.o(.text) refers to stm32f4xx_rcc.o(.text) for RCC_AHB1PeriphClockCmd
    key.o(.text) refers to stm32f4xx_gpio.o(.text) for GPIO_Init
    key.o(.text) refers to delay.o(.text) for delay_ms
    key.o(.text) refers to key.o(.data) for key_up
    sram.o(.text) refers to stm32f4xx_rcc.o(.text) for RCC_AHB1PeriphClockCmd
    sram.o(.text) refers to stm32f4xx_gpio.o(.text) for GPIO_Init
    sram.o(.text) refers to stm32f4xx_fsmc.o(.text) for FSMC_NORSRAMInit
    timer.o(.text) refers to stm32f4xx_rcc.o(.text) for RCC_APB1PeriphClockCmd
    timer.o(.text) refers to stm32f4xx_tim.o(.text) for TIM_TimeBaseInit
    timer.o(.text) refers to misc.o(.text) for NVIC_Init
    delay.o(.text) refers to tasks.o(.text) for xTaskGetSchedulerState
    delay.o(.text) refers to port.o(.text) for xPortSysTickHandler
    delay.o(.text) refers to misc.o(.text) for SysTick_CLKSourceConfig
    delay.o(.text) refers to delay.o(.data) for fac_us
    usart.o(.rev16_text) refers (Special) to use_no_semi_2.o(.text) for __use_no_semihosting
    usart.o(.revsh_text) refers (Special) to use_no_semi_2.o(.text) for __use_no_semihosting
    usart.o(.text) refers (Special) to use_no_semi_2.o(.text) for __use_no_semihosting
    usart.o(.text) refers to stm32f4xx_rcc.o(.text) for RCC_AHB1PeriphClockCmd
    usart.o(.text) refers to stm32f4xx_gpio.o(.text) for GPIO_PinAFConfig
    usart.o(.text) refers to stm32f4xx_usart.o(.text) for USART_Init
    usart.o(.text) refers to misc.o(.text) for NVIC_Init
    usart.o(.text) refers to usart.o(.data) for USART_RX_STA
    usart.o(.text) refers to usart.o(.bss) for USART_RX_BUF
    usart.o(.bss) refers (Special) to use_no_semi_2.o(.text) for __use_no_semihosting
    usart.o(.data) refers (Special) to use_no_semi_2.o(.text) for __use_no_semihosting
    startup_stm32f40_41xxx.o(STACK) refers (Special) to heapauxi.o(.text) for __use_two_region_memory
    startup_stm32f40_41xxx.o(HEAP) refers (Special) to heapauxi.o(.text) for __use_two_region_memory
    startup_stm32f40_41xxx.o(RESET) refers (Special) to heapauxi.o(.text) for __use_two_region_memory
    startup_stm32f40_41xxx.o(RESET) refers to startup_stm32f40_41xxx.o(STACK) for __initial_sp
    startup_stm32f40_41xxx.o(RESET) refers to startup_stm32f40_41xxx.o(.text) for Reset_Handler
    startup_stm32f40_41xxx.o(RESET) refers to stm32f4xx_it.o(.text) for NMI_Handler
    startup_stm32f40_41xxx.o(RESET) refers to port.o(.emb_text) for SVC_Handler
    startup_stm32f40_41xxx.o(RESET) refers to delay.o(.text) for SysTick_Handler
    startup_stm32f40_41xxx.o(RESET) refers to usart.o(.text) for USART1_IRQHandler
    startup_stm32f40_41xxx.o(.text) refers (Special) to heapauxi.o(.text) for __use_two_region_memory
    startup_stm32f40_41xxx.o(.text) refers to system_stm32f4xx.o(.text) for SystemInit
    startup_stm32f40_41xxx.o(.text) refers to __main.o(!!!main) for __main
    startup_stm32f40_41xxx.o(.text) refers to startup_stm32f40_41xxx.o(HEAP) for Heap_Mem
    startup_stm32f40_41xxx.o(.text) refers to startup_stm32f40_41xxx.o(STACK) for Stack_Mem
    stm32f4xx_gpio.o(.text) refers to stm32f4xx_rcc.o(.text) for RCC_AHB1PeriphResetCmd
    stm32f4xx_fsmc.o(.text) refers to stm32f4xx_fsmc.o(.constdata) for FSMC_DefaultTimingStruct
    stm32f4xx_rcc.o(.text) refers to stm32f4xx_rcc.o(.data) for APBAHBPrescTable
    stm32f4xx_syscfg.o(.text) refers to stm32f4xx_rcc.o(.text) for RCC_APB2PeriphResetCmd
[...]
    CL$$btod_d2e                             0x0800712c   Section       62  btod.o(CL$$btod_d2e)
    CL$$btod_d2e_denorm_low                  0x0800716a   Section       70  btod.o(CL$$btod_d2e_denorm_low)
    CL$$btod_d2e_norm_op1                    0x080071b0   Section       96  btod.o(CL$$btod_d2e_norm_op1)
    CL$$btod_div_common                      0x08007210   Section      824  btod.o(CL$$btod_div_common)
    CL$$btod_e2e                             0x08007548   Section      220  btod.o(CL$$btod_e2e)
    CL$$btod_ediv                            0x08007624   Section       42  btod.o(CL$$btod_ediv)
    CL$$btod_emul                            0x0800764e   Section       42  btod.o(CL$$btod_emul)
    CL$$btod_mult_common                     0x08007678   Section      580  btod.o(CL$$btod_mult_common)
    i.__ARM_fpclassify                       0x080078bc   Section        0  fpclassify.o(i.__ARM_fpclassify)
    i._is_digit                              0x080078ec   Section        0  __printf_wp.o(i._is_digit)
    locale$$code                             0x080078fc   Section       44  lc_numeric_c.o(locale$$code)
    x$fpl$dretinf                            0x08007928   Section       12  dretinf.o(x$fpl$dretinf)
    $v0                                      0x08007928   Number         0  dretinf.o(x$fpl$dretinf)
    x$fpl$f2d                                0x08007934   Section       86  f2d.o(x$fpl$f2d)
    $v0                                      0x08007934   Number         0  f2d.o(x$fpl$f2d)
    x$fpl$fnaninf                            0x0800798a   Section      140  fnaninf.o(x$fpl$fnaninf)
    $v0                                      0x0800798a   Number         0  fnaninf.o(x$fpl$fnaninf)
    x$fpl$fpinit                             0x08007a16   Section       10  fpinit.o(x$fpl$fpinit)
    $v0                                      0x08007a16   Number         0  fpinit.o(x$fpl$fpinit)
    x$fpl$printf1                            0x08007a20   Section        4  printf1.o(x$fpl$printf1)
    $v0                                      0x08007a20   Number         0  printf1.o(x$fpl$printf1)
    .constdata                               0x08007a24   Section       28  stm32f4xx_fsmc.o(.constdata)
    x$fpl$usenofp                            0x08007a24   Section        0  usenofp.o(x$fpl$usenofp)
    .constdata                               0x08007a40   Section       36  malloc.o(.constdata)
    .constdata                               0x08007a64   Section       17  __printf_flags_wp.o(.constdata)
    maptable                                 0x08007a64   Data          17  __printf_flags_wp.o(.constdata)
    .constdata                               0x08007a78   Section      148  bigflt0.o(.constdata)
    tenpwrs_x                                0x08007a78   Data          60  bigflt0.o(.constdata)
    tenpwrs_i                                0x08007ab4   Data          64  bigflt0.o(.constdata)
    locale$$data                             0x08007b2c   Section       28  lc_numeric_c.o(locale$$data)
    __lcnum_c_name                           0x08007b30   Data           2  lc_numeric_c.o(locale$$data)
    __lcnum_c_start                          0x08007b38   Data           0  lc_numeric_c.o(locale$$data)
    __lcnum_c_point                          0x08007b44   Data           0  lc_numeric_c.o(locale$$data)
    __lcnum_c_thousands                      0x08007b46   Data           0  lc_numeric_c.o(locale$$data)
    __lcnum_c_grouping                       0x08007b47   Data           0  lc_numeric_c.o(locale$$data)
    __lcnum_c_end                            0x08007b48   Data           0  lc_numeric_c.o(locale$$data)
    .ARM.__AT_0x10000000                     0x10000000   Section    61440  malloc.o(.ARM.__AT_0x10000000)
    .ARM.__AT_0x1000F000                     0x1000f000   Section     3840  malloc.o(.ARM.__AT_0x1000F000)
    .data                                    0x20000000   Section       20  system_stm32f4xx.o(.data)
    .data                                    0x20000014   Section       12  freertos_demo.o(.data)
    .data                                    0x20000020   Section        1  key.o(.data)
    key_up                                   0x20000020   Data           1  key.o(.data)
    .data                                    0x20000021   Section        1  delay.o(.data)
    fac_us                                   0x20000021   Data           1  delay.o(.data)
    .data                                    0x20000024   Section        6  usart.o(.data)
    .data                                    0x2000002a   Section       16  stm32f4xx_rcc.o(.data)
    APBAHBPrescTable                         0x2000002a   Data          16  stm32f4xx_rcc.o(.data)
    .data                                    0x2000003c   Section       36  malloc.o(.data)
    .data                                    0x20000060   Section       64  tasks.o(.data)
    pxDelayedTaskList                        0x20000064   Data           4  tasks.o(.data)
    pxOverflowDelayedTaskList                0x20000068   Data           4  tasks.o(.data)
    uxDeletedTasksWaitingCleanUp             0x2000006c   Data           4  tasks.o(.data)
    uxCurrentNumberOfTasks                   0x20000070   Data           4  tasks.o(.data)
    xTickCount                               0x20000074   Data           4  tasks.o(.data)
    uxTopReadyPriority                       0x20000078   Data           4  tasks.o(.data)
    xSchedulerRunning                        0x2000007c   Data           4  tasks.o(.data)
    xPendedTicks                             0x20000080   Data           4  tasks.o(.data)
    xYieldPending                            0x20000084   Data           4  tasks.o(.data)
    xNumOfOverflows                          0x20000088   Data           4  tasks.o(.data)
    uxTaskNumber                             0x2000008c   Data           4  tasks.o(.data)
    xNextTaskUnblockTime                     0x20000090   Data           4  tasks.o(.data)
    xIdleTaskHandle                          0x20000094   Data           4  tasks.o(.data)
    uxSchedulerSuspended                     0x2000009c   Data           4  tasks.o(.data)
    .data                                    0x200000a0   Section       20  timers.o(.data)
    pxCurrentTimerList                       0x200000a0   Data           4  timers.o(.data)
    pxOverflowTimerList                      0x200000a4   Data           4  timers.o(.data)
    xTimerQueue                              0x200000a8   Data           4  timers.o(.data)
    xTimerTaskHandle                         0x200000ac   Data           4  timers.o(.data)
    xLastTime                                0x200000b0   Data           4  timers.o(.data)
    .data                                    0x200000b4   Section       28  heap_4.o(.data)
    xStart                                   0x200000b4   Data           8  heap_4.o(.data)
    pxEnd                                    0x200000bc   Data           4  heap_4.o(.data)
    xFreeBytesRemaining                      0x200000c0   Data           4  heap_4.o(.data)
    xMinimumEverFreeBytesRemaining           0x200000c4   Data           4  heap_4.o(.data)
    xNumberOfSuccessfulAllocations           0x200000c8   Data           4  heap_4.o(.data)
    xNumberOfSuccessfulFrees                 0x200000cc   Data           4  heap_4.o(.data)
    .data                                    0x200000d0   Section       12  port.o(.data)
    uxCriticalNesting                        0x200000d0   Data           4  port.o(.data)
    ucMaxSysCallPriority                     0x200000d4   Data           1  port.o(.data)
    ulMaxPRIGROUPValue                       0x200000d8   Data           4  port.o(.data)
    .bss                                     0x200000dc   Section      200  usart.o(.bss)
    .bss                                     0x200001c0   Section    108800  malloc.o(.bss)
    .bss                                     0x2001aac0   Section       64  queue.o(.bss)
    .bss                                     0x2001ab00   Section      740  tasks.o(.bss)
    pxReadyTasksLists                        0x2001ab00   Data         640  tasks.o(.bss)
    xDelayedTaskList1                        0x2001ad80   Data          20  tasks.o(.bss)
    xDelayedTaskList2                        0x2001ad94   Data          20  tasks.o(.bss)
    xPendingReadyList                        0x2001ada8   Data          20  tasks.o(.bss)
    xTasksWaitingTermination                 0x2001adbc   Data          20  tasks.o(.bss)
    xSuspendedTaskList                       0x2001add0   Data          20  tasks.o(.bss)
    .bss                                     0x2001ade4   Section       40  timers.o(.bss)
    xActiveTimerList1                        0x2001ade4   Data          20  timers.o(.bss)
    xActiveTimerList2                        0x2001adf8   Data          20  timers.o(.bss)
    .bss                                     0x2001ae0c   Section    10240  heap_4.o(.bss)
    ucHeap                                   0x2001ae0c   Data       10240  heap_4.o(.bss)
    .bss                                     0x2001d60c   Section       96  libspace.o(.bss)
    HEAP                                     0x2001d670   Section      512  startup_stm32f40_41xxx.o(HEAP)
    Heap_Mem                                 0x2001d670   Data         512  startup_stm32f40_41xxx.o(HEAP)
    STACK                                    0x2001d870   Section     1024  startup_stm32f40_41xxx.o(STACK)
    Stack_Mem                                0x2001d870   Data        1024  startup_stm32f40_41xxx.o(STACK)
    __initial_sp                             0x2001dc70   Data           0  startup_stm32f40_41xxx.o(STACK)
    .ARM.__AT_0x68000000                     0x68000000   Section    983040  malloc.o(.ARM.__AT_0x68000000)
    .ARM.__AT_0x680F0000                     0x680f0000   Section    61440  malloc.o(.ARM.__AT_0x680F0000)

    Global Symbols

    Symbol Name                              Value     Ov Type        Size  Object(Section)

    BuildAttributes$$THM_ISAv4$E$P$D$K$B$S$7EM$VFPi3$EXTD16$VFPS$VFMA$PE$A:L22UL41UL21$X:L11$S22US41US21$IEEE1$IW$USESV6$~STKCKD$USESV7$~SHL$OTIME$ROPI$IEEEJ$EBA8$UX$STANDARDLIB$REQ8$PRES8$EABIv2 0x00000000   Number         0  anon$$obj.o ABSOLUTE
    __ARM_use_no_argv                        0x00000000   Number         0  main.o ABSOLUTE
    _printf_flags                            0x00000000   Number         0  printf_stubs.o ABSOLUTE
    _printf_return_value                     0x00000000   Number         0  printf_stubs.o ABSOLUTE
    _printf_sizespec                         0x00000000   Number         0  printf_stubs.o ABSOLUTE
    _printf_widthprec                        0x00000000   Number         0  printf_stubs.o ABSOLUTE
    __ARM_exceptions_init                     - Undefined Weak Reference
    __alloca_initialize                       - Undefined Weak Reference
    __arm_fini_                               - Undefined Weak Reference
    __arm_preinit_                            - Undefined Weak Reference
    __cpp_initialize__aeabi_                  - Undefined Weak Reference
    __cxa_finalize                            - Undefined Weak Reference
    __sigvec_lookup                           - Undefined Weak Reference
    _atexit_init                              - Undefined Weak Reference
    _call_atexit_fns                          - Undefined Weak Reference
    _clock_init                               - Undefined Weak Reference
    _fp_trap_init                             - Undefined Weak Reference
    _fp_trap_shutdown                         - Undefined Weak Reference
    _get_lc_collate                           - Undefined Weak Reference
    _get_lc_ctype                             - Undefined Weak Reference
    _get_lc_monetary                          - Undefined Weak Reference
    _get_lc_time                              - Undefined Weak Reference
    _getenv_init                              - Undefined Weak Reference
    _handle_redirection                       - Undefined Weak Reference
    _init_alloc                               - Undefined Weak Reference
    _init_user_alloc                          - Undefined Weak Reference
    _initio                                   - Undefined Weak Reference
    _mutex_acquire                            - Undefined Weak Reference
    _mutex_release                            - Undefined Weak Reference
    _printf_mbtowc                            - Undefined Weak Reference
    _printf_post_padding                      - Undefined Weak Reference
    _printf_pre_padding                       - Undefined Weak Reference
    _printf_truncate_signed                   - Undefined Weak Reference
    _printf_truncate_unsigned                 - Undefined Weak Reference
    _rand_init                                - Undefined Weak Reference
    _signal_finish                            - Undefined Weak Reference
    _signal_init                              - Undefined Weak Reference
    _terminate_alloc                          - Undefined Weak Reference
    _terminate_user_alloc                     - Undefined Weak Reference
    _terminateio                              - Undefined Weak Reference
    __Vectors_Size                           0x00000188   Number         0  startup_stm32f40_41xxx.o ABSOLUTE
    __Vectors                                0x08000000   Data           4  startup_stm32f40_41xxx.o(RESET)
    __Vectors_End                            0x08000188   Data           0  startup_stm32f40_41xxx.o(RESET)
    __main                                   0x08000189   Thumb Code     8  __main.o(!!!main)
    __scatterload                            0x08000191   Thumb Code     0  __scatter.o(!!!scatter)
    __scatterload_rt2                        0x08000191   Thumb Code    44  __scatter.o(!!!scatter)
    __scatterload_rt2_thumb_only             0x08000191   Thumb Code     0  __scatter.o(!!!scatter)
    __scatterload_null                       0x0800019f   Thumb Code     0  __scatter.o(!!!scatter)
    __scatterload_copy                       0x080001c5   Thumb Code    26  __scatter_copy.o(!!handler_copy)
    __scatterload_zeroinit                   0x080001e1   Thumb Code    28  __scatter_zi.o(!!handler_zi)
    _printf_f                                0x080001fd   Thumb Code     0  _printf_f.o(.ARM.Collect$$_printf_percent$$00000003)
    _printf_percent                          0x080001fd   Thumb Code     0  _printf_percent.o(.ARM.Collect$$_printf_percent$$00000000)
    _printf_d                                0x08000203   Thumb Code     0  _printf_d.o(.ARM.Collect$$_printf_percent$$00000009)
    _printf_u                                0x08000209   Thumb Code     0  _printf_u.o(.ARM.Collect$$_printf_percent$$0000000A)
    _printf_c                                0x0800020f   Thumb Code     0  _printf_c.o(.ARM.Collect$$_printf_percent$$00000013)
    _printf_s                                0x08000215   Thumb Code     0  _printf_s.o(.ARM.Collect$$_printf_percent$$00000014)
    _printf_percent_end                      0x0800021b   Thumb Code     0  _printf_percent_end.o(.ARM.Collect$$_printf_percent$$00000017)
    __rt_lib_init                            0x0800021f   Thumb Code     0  libinit.o(.ARM.Collect$$libinit$$00000000)
    __rt_lib_init_fp_1                       0x08000221   Thumb Code     0  libinit2.o(.ARM.Collect$$libinit$$00000001)
    __rt_lib_init_heap_1                     0x08000225   Thumb Code     0  libinit2.o(.ARM.Collect$$libinit$$0000000A)
    __rt_lib_init_lc_common                  0x08000225   Thumb Code     0  libinit2.o(.ARM.Collect$$libinit$$0000000F)
    __rt_lib_init_preinit_1                  0x08000225   Thumb Code     0  libinit2.o(.ARM.Collect$$libinit$$00000004)
    __rt_lib_init_rand_1                     0x08000225   Thumb Code     0  libinit2.o(.ARM.Collect$$libinit$$0000000E)
    __rt_lib_init_user_alloc_1               0x08000225   Thumb Code     0  libinit2.o(.ARM.Collect$$libinit$$0000000C)
    __rt_lib_init_lc_collate_1               0x0800022b   Thumb Code     0  libinit2.o(.ARM.Collect$$libinit$$00000011)
    __rt_lib_init_lc_ctype_1                 0x0800022b   Thumb Code     0  libinit2.o(.ARM.Collect$$libinit$$00000013)
    __rt_lib_init_lc_monetary_1              0x0800022b   Thumb Code     0  libinit2.o(.ARM.Collect$$libinit$$00000015)
    __rt_lib_init_lc_numeric_2               0x0800022b   Thumb Code     0  libinit2.o(.ARM.Collect$$libinit$$00000016)
    __rt_lib_init_alloca_1                   0x08000235   Thumb Code     0  libinit2.o(.ARM.Collect$$libinit$$0000002E)
    __rt_lib_init_argv_1                     0x08000235   Thumb Code     0  libinit2.o(.ARM.Collect$$libinit$$0000002C)
    __rt_lib_init_atexit_1                   0x08000235   Thumb Code     0  libinit2.o(.ARM.Collect$$libinit$$0000001B)
    __rt_lib_init_clock_1                    0x08000235   Thumb Code     0  libinit2.o(.ARM.Collect$$libinit$$00000021)
    __rt_lib_init_cpp_1                      0x08000235   Thumb Code     0  libinit2.o(.ARM.Collect$$libinit$$00000032)
    __rt_lib_init_exceptions_1               0x08000235   Thumb Code     0  libinit2.o(.ARM.Collect$$libinit$$00000030)
    __rt_lib_init_fp_trap_1                  0x08000235   Thumb Code     0  libinit2.o(.ARM.Collect$$libinit$$0000001F)
    __rt_lib_init_getenv_1                   0x08000235   Thumb Code     0  libinit2.o(.ARM.Collect$$libinit$$00000023)
    __rt_lib_init_lc_numeric_1               0x08000235   Thumb Code     0  libinit2.o(.ARM.Collect$$libinit$$00000017)
    __rt_lib_init_lc_time_1                  0x08000235   Thumb Code     0  libinit2.o(.ARM.Collect$$libinit$$00000019)
    __rt_lib_init_return                     0x08000235   Thumb Code     0  libinit2.o(.ARM.Collect$$libinit$$00000033)
    __rt_lib_init_signal_1                   0x08000235   Thumb Code     0  libinit2.o(.ARM.Collect$$libinit$$0000001D)
    __rt_lib_init_stdio_1                    0x08000235   Thumb Code     0  libinit2.o(.ARM.Collect$$libinit$$00000025)
    __rt_lib_shutdown                        0x08000237   Thumb Code     0  libshutdown.o(.ARM.Collect$$libshutdown$$00000000)
    __rt_lib_shutdown_cpp_1                  0x08000239   Thumb Code     0  libshutdown2.o(.ARM.Collect$$libshutdown$$00000004)
    __rt_lib_shutdown_fini_1                 0x08000239   Thumb Code     0  libshutdown2.o(.ARM.Collect$$libshutdown$$00000002)
    __rt_lib_shutdown_fp_trap_1              0x08000239   Thumb Code     0  libshutdown2.o(.ARM.Collect$$libshutdown$$00000009)
    __rt_lib_shutdown_heap_1                 0x08000239   Thumb Code     0  libshutdown2.o(.ARM.Collect$$libshutdown$$00000011)
    __rt_lib_shutdown_return                 0x08000239   Thumb Code     0  libshutdown2.o(.ARM.Collect$$libshutdown$$00000012)
    __rt_lib_shutdown_signal_1               0x08000239   Thumb Code     0  libshutdown2.o(.ARM.Collect$$libshutdown$$0000000C)
    __rt_lib_shutdown_stdio_1                0x08000239   Thumb Code     0  libshutdown2.o(.ARM.Collect$$libshutdown$$00000006)
    __rt_lib_shutdown_user_alloc_1           0x08000239   Thumb Code     0  libshutdown2.o(.ARM.Collect$$libshutdown$$0000000E)
    __rt_entry                               0x0800023b   Thumb Code     0  __rtentry.o(.ARM.Collect$$rtentry$$00000000)
    __rt_entry_presh_1                       0x0800023b   Thumb Code     0  __rtentry2.o(.ARM.Collect$$rtentry$$00000002)
    __rt_entry_sh                            0x0800023b   Thumb Code     0  __rtentry4.o(.ARM.Collect$$rtentry$$00000004)
    __rt_entry_li                            0x08000241   Thumb Code     0  __rtentry2.o(.ARM.Collect$$rtentry$$0000000A)
    __rt_entry_postsh_1                      0x08000241   Thumb Code     0  __rtentry2.o(.ARM.Collect$$rtentry$$00000009)
    __rt_entry_main                          0x08000245   Thumb Code     0  __rtentry2.o(.ARM.Collect$$rtentry$$0000000D)
    __rt_entry_postli_1                      0x08000245   Thumb Code     0  __rtentry2.o(.ARM.Collect$$rtentry$$0000000C)
    __rt_exit                                0x0800024d   Thumb Code     0  rtexit.o(.ARM.Collect$$rtexit$$00000000)
    __rt_exit_ls                             0x0800024f   Thumb Code     0  rtexit2.o(.ARM.Collect$$rtexit$$00000003)
    __rt_exit_prels_1                        0x0800024f   Thumb Code     0  rtexit2.o(.ARM.Collect$$rtexit$$00000002)
    __rt_exit_exit                           0x08000253   Thumb Code     0  rtexit2.o(.ARM.Collect$$rtexit$$00000004)
    SVC_Handler                              0x08000259   Thumb Code    28  port.o(.emb_text)
    __asm___6_port_c_39a90d8d__prvStartFirstTask 0x08000279   Thumb Code    36  port.o(.emb_text)
    __asm___6_port_c_39a90d8d__prvEnableVFP  0x080002a1   Thumb Code    16  port.o(.emb_text)
    PendSV_Handler                           0x080002b5   Thumb Code    88  port.o(.emb_text)
    vPortGetIPSR                             0x08000311   Thumb Code     6  port.o(.emb_text)
    main                                     0x08000317   Thumb Code    62  main.o(.text)
    NMI_Handler                              0x08000355   Thumb Code     2  stm32f4xx_it.o(.text)
    HardFault_Handler                        0x08000357   Thumb Code     4  stm32f4xx_it.o(.text)
    MemManage_Handler                        0x0800035b   Thumb Code     4  stm32f4xx_it.o(.text)
    BusFault_Handler                         0x0800035f   Thumb Code     4  stm32f4xx_it.o(.text)
    UsageFault_Handler                       0x08000363   Thumb Code     4  stm32f4xx_it.o(.text)
    DebugMon_Handler                         0x08000367   Thumb Code     2  stm32f4xx_it.o(.text)
    SystemInit                               0x08000445   Thumb Code    88  system_stm32f4xx.o(.text)
    SystemCoreClockUpdate                    0x0800049d   Thumb Code   174  system_stm32f4xx.o(.text)
    task2                                    0x08000579   Thumb Code    58  freertos_demo.o(.text)
    task1                                    0x080005b3   Thumb Code    18  freertos_demo.o(.text)
    start_task                               0x080005c5   Thumb Code    66  freertos_demo.o(.text)
    freertos_demo                            0x08000607   Thumb Code    30  freertos_demo.o(.text)
    LED_Init                                 0x08000671   Thumb Code    60  led.o(.text)
    KEY_Init                                 0x080006b1   Thumb Code    60  key.o(.text)
    KEY_Scan                                 0x080006ed   Thumb Code   188  key.o(.text)
    FSMC_SRAM_Init                           0x080007b5   Thumb Code   694  sram.o(.text)
    FSMC_SRAM_WriteBuffer                    0x08000a6b   Thumb Code    24  sram.o(.text)
    FSMC_SRAM_ReadBuffer                     0x08000a83   Thumb Code    22  sram.o(.text)
    fsmc_sram_test_write                     0x08000a99   Thumb Code    16  sram.o(.text)
    fsmc_sram_test_read                      0x08000aa9   Thumb Code    20  sram.o(.text)
    SysTick_Handler                          0x08000ad1   Thumb Code    16  delay.o(.text)
    delay_init                               0x08000ae1   Thumb Code    54  delay.o(.text)
    delay_us                                 0x08000b17   Thumb Code    68  delay.o(.text)
    delay_ms                                 0x08000b5b   Thumb Code    24  delay.o(.text)
    _sys_exit                                0x08000b79   Thumb Code     4  usart.o(.text)
    fputc                                    0x08000b7d   Thumb Code    22  usart.o(.text)
    uart_init                                0x08000b93   Thumb Code   162  usart.o(.text)
    USART1_IRQHandler                        0x08000c35   Thumb Code   122  usart.o(.text)
    Reset_Handler                            0x08000cc1   Thumb Code     8  startup_stm32f40_41xxx.o(.text)
    ADC_IRQHandler                           0x08000cdb   Thumb Code     0  startup_stm32f40_41xxx.o(.text)
    CAN1_RX0_IRQHandler                      0x08000cdb   Thumb Code     0  startup_stm32f40_41xxx.o(.text)
    CAN1_RX1_IRQHandler                      0x08000cdb   Thumb Code     0  startup_stm32f40_41xxx.o(.text)
    CAN1_SCE_IRQHandler                      0x08000cdb   Thumb Code     0  startup_stm32f40_41xxx.o(.text)
    CAN1_TX_IRQHandler                       0x08000cdb   Thumb Code     0  startup_stm32f40_41xxx.o(.text)
    CAN2_RX0_IRQHandler                      0x08000cdb   Thumb Code     0  startup_stm32f40_41xxx.o(.text)
    CAN2_RX1_IRQHandler                      0x08000cdb   Thumb Code     0  startup_stm32f40_41xxx.o(.text)
    CAN2_SCE_IRQHandler                      0x08000cdb   Thumb Code     0  startup_stm32f40_41xxx.o(.text)
    CAN2_TX_IRQHandler                       0x08000cdb   Thumb Code     0  startup_stm32f40_41xxx.o(.text)
    CRYP_IRQHandler                          0x08000cdb   Thumb Code     0  startup_stm32f40_41xxx.o(.text)
    DCMI_IRQHandler                          0x08000cdb   Thumb Code     0  startup_stm32f40_41xxx.o(.text)
    DMA1_Stream0_IRQHandler                  0x08000cdb   Thumb Code     0  startup_stm32f40_41xxx.o(.text)
    DMA1_Stream1_IRQHandler                  0x08000cdb   Thumb Code     0  startup_stm32f40_41xxx.o(.text)
    DMA1_Stream2_IRQHandler                  0x08000cdb   Thumb Code     0  startup_stm32f40_41xxx.o(.text)
    DMA1_Stream3_IRQHandler                  0x08000cdb   Thumb Code     0  startup_stm32f40_41xxx.o(.text)
    DMA1_Stream4_IRQHandler                  0x08000cdb   Thumb Code     0  startup_stm32f40_41xxx.o(.text)
    DMA1_Stream5_IRQHandler                  0x08000cdb   Thumb Code     0  startup_stm32f40_41xxx.o(.text)
    DMA1_Stream6_IRQHandler                  0x08000cdb   Thumb Code     0  startup_stm32f40_41xxx.o(.text)
    DMA1_Stream7_IRQHandler                  0x08000cdb   Thumb Code     0  startup_stm32f40_41xxx.o(.text)
    DMA2_Stream0_IRQHandler                  0x08000cdb   Thumb Code     0  startup_stm32f40_41xxx.o(.text)
    DMA2_Stream1_IRQHandler                  0x08000cdb   Thumb Code     0  startup_stm32f40_41xxx.o(.text)
    DMA2_Stream2_IRQHandler                  0x08000cdb   Thumb Code     0  startup_stm32f40_41xxx.o(.text)
    DMA2_Stream3_IRQHandler                  0x08000cdb   Thumb Code     0  startup_stm32f40_41xxx.o(.text)
    DMA2_Stream4_IRQHandler                  0x08000cdb   Thumb Code     0  startup_stm32f40_41xxx.o(.text)
    DMA2_Stream5_IRQHandler                  0x08000cdb   Thumb Code     0  startup_stm32f40_41xxx.o(.text)
    DMA2_Stream6_IRQHandler                  0x08000cdb   Thumb Code     0  startup_stm32f40_41xxx.o(.text)
    DMA2_Stream7_IRQHandler                  0x08000cdb   Thumb Code     0  startup_stm32f40_41xxx.o(.text)
    ETH_IRQHandler                           0x08000cdb   Thumb Code     0  startup_stm32f40_41xxx.o(.text)
    ETH_WKUP_IRQHandler                      0x08000cdb   Thumb Code     0  startup_stm32f40_41xxx.o(.text)
    EXTI0_IRQHandler                         0x08000cdb   Thumb Code     0  startup_stm32f40_41xxx.o(.text)
    EXTI15_10_IRQHandler                     0x08000cdb   Thumb Code     0  startup_stm32f40_41xxx.o(.text)
    EXTI1_IRQHandler                         0x08000cdb   Thumb Code     0  startup_stm32f40_41xxx.o(.text)
    EXTI2_IRQHandler                         0x08000cdb   Thumb Code     0  startup_stm32f40_41xxx.o(.text)
    EXTI3_IRQHandler                         0x08000cdb   Thumb Code     0  startup_stm32f40_41xxx.o(.text)
    EXTI4_IRQHandler                         0x08000cdb   Thumb Code     0  startup_stm32f40_41xxx.o(.text)
    EXTI9_5_IRQHandler                       0x08000cdb   Thumb Code     0  startup_stm32f40_41xxx.o(.text)
    FLASH_IRQHandler                         0x08000cdb   Thumb Code     0  startup_stm32f40_41xxx.o(.text)
    FPU_IRQHandler                           0x08000cdb   Thumb Code     0  startup_stm32f40_41xxx.o(.text)
    FSMC_IRQHandler                          0x08000cdb   Thumb Code     0  startup_stm32f40_41xxx.o(.text)
    HASH_RNG_IRQHandler                      0x08000cdb   Thumb Code     0  startup_stm32f40_41xxx.o(.text)
    I2C1_ER_IRQHandler                       0x08000cdb   Thumb Code     0  startup_stm32f40_41xxx.o(.text)
    I2C1_EV_IRQHandler                       0x08000cdb   Thumb Code     0  startup_stm32f40_41xxx.o(.text)
    I2C2_ER_IRQHandler                       0x08000cdb   Thumb Code     0  startup_stm32f40_41xxx.o(.text)
    I2C2_EV_IRQHandler                       0x08000cdb   Thumb Code     0  startup_stm32f40_41xxx.o(.text)
    I2C3_ER_IRQHandler                       0x08000cdb   Thumb Code     0  startup_stm32f40_41xxx.o(.text)
    I2C3_EV_IRQHandler                       0x08000cdb   Thumb Code     0  startup_stm32f40_41xxx.o(.text)
    OTG_FS_IRQHandler                        0x08000cdb   Thumb Code     0  startup_stm32f40_41xxx.o(.text)
    OTG_FS_WKUP_IRQHandler                   0x08000cdb   Thumb Code     0  startup_stm32f40_41xxx.o(.text)
    OTG_HS_EP1_IN_IRQHandler                 0x08000cdb   Thumb Code     0  startup_stm32f40_41xxx.o(.text)
    OTG_HS_EP1_OUT_IRQHandler                0x08000cdb   Thumb Code     0  startup_stm32f40_41xxx.o(.text)
    OTG_HS_IRQHandler                        0x08000cdb   Thumb Code     0  startup_stm32f40_41xxx.o(.text)
    OTG_HS_WKUP_IRQHandler                   0x08000cdb   Thumb Code     0  startup_stm32f40_41xxx.o(.text)
    PVD_IRQHandler                           0x08000cdb   Thumb Code     0  startup_stm32f40_41xxx.o(.text)
    RCC_IRQHandler                           0x08000cdb   Thumb Code     0  startup_stm32f40_41xxx.o(.text)
    RTC_Alarm_IRQHandler                     0x08000cdb   Thumb Code     0  startup_stm32f40_41xxx.o(.text)
    RTC_WKUP_IRQHandler                      0x08000cdb   Thumb Code     0  startup_stm32f40_41xxx.o(.text)
    SDIO_IRQHandler                          0x08000cdb   Thumb Code     0  startup_stm32f40_41xxx.o(.text)
    SPI1_IRQHandler                          0x08000cdb   Thumb Code     0  startup_stm32f40_41xxx.o(.text)
    SPI2_IRQHandler                          0x08000cdb   Thumb Code     0  startup_stm32f40_41xxx.o(.text)
    SPI3_IRQHandler                          0x08000cdb   Thumb Code     0  startup_stm32f40_41xxx.o(.text)
    TAMP_STAMP_IRQHandler                    0x08000cdb   Thumb Code     0  startup_stm32f40_41xxx.o(.text)
    TIM1_BRK_TIM9_IRQHandler                 0x08000cdb   Thumb Code     0  startup_stm32f40_41xxx.o(.text)
    TIM1_CC_IRQHandler                       0x08000cdb   Thumb Code     0  startup_stm32f40_41xxx.o(.text)
    TIM1_TRG_COM_TIM11_IRQHandler            0x08000cdb   Thumb Code     0  startup_stm32f40_41xxx.o(.text)
    TIM1_UP_TIM10_IRQHandler                 0x08000cdb   Thumb Code     0  startup_stm32f40_41xxx.o(.text)
    TIM2_IRQHandler                          0x08000cdb   Thumb Code     0  startup_stm32f40_41xxx.o(.text)
    TIM3_IRQHandler                          0x08000cdb   Thumb Code     0  startup_stm32f40_41xxx.o(.text)
    TIM4_IRQHandler                          0x08000cdb   Thumb Code     0  startup_stm32f40_41xxx.o(.text)
    TIM5_IRQHandler                          0x08000cdb   Thumb Code     0  startup_stm32f40_41xxx.o(.text)
    TIM6_DAC_IRQHandler                      0x08000cdb   Thumb Code     0  startup_stm32f40_41xxx.o(.text)
    TIM7_IRQHandler                          0x08000cdb   Thumb Code     0  startup_stm32f40_41xxx.o(.text)
    TIM8_BRK_TIM12_IRQHandler                0x08000cdb   Thumb Code     0  startup_stm32f40_41xxx.o(.text)
    TIM8_CC_IRQHandler                       0x08000cdb   Thumb Code     0  startup_stm32f40_41xxx.o(.text)
    TIM8_TRG_COM_TIM14_IRQHandler            0x08000cdb   Thumb Code     0  startup_stm32f40_41xxx.o(.text)
    TIM8_UP_TIM13_IRQHandler                 0x08000cdb   Thumb Code     0  startup_stm32f40_41xxx.o(.text)
    UART4_IRQHandler                         0x08000cdb   Thumb Code     0  startup_stm32f40_41xxx.o(.text)
    UART5_IRQHandler                         0x08000cdb   Thumb Code     0  startup_stm32f40_41xxx.o(.text)
    USART2_IRQHandler                        0x08000cdb   Thumb Code     0  startup_stm32f40_41xxx.o(.text)
    USART3_IRQHandler                        0x08000cdb   Thumb Code     0  startup_stm32f40_41xxx.o(.text)
    USART6_IRQHandler                        0x08000cdb   Thumb Code     0  startup_stm32f40_41xxx.o(.text)
    WWDG_IRQHandler                          0x08000cdb   Thumb Code     0  startup_stm32f40_41xxx.o(.text)
    __user_initial_stackheap                 0x08000cdd   Thumb Code     0  startup_stm32f40_41xxx.o(.text)
    NVIC_PriorityGroupConfig                 0x08000d01   Thumb Code    10  misc.o(.text)
    NVIC_Init                                0x08000d0b   Thumb Code   106  misc.o(.text)
    NVIC_SetVectorTable                      0x08000d75   Thumb Code    14  misc.o(.text)
    NVIC_SystemLPConfig                      0x08000d83   Thumb Code    34  misc.o(.text)
    SysTick_CLKSourceConfig                  0x08000da5   Thumb Code    40  misc.o(.text)
    GPIO_DeInit                              0x08000de1   Thumb Code   268  stm32f4xx_gpio.o(.text)
    GPIO_Init                                0x08000eed   Thumb Code   144  stm32f4xx_gpio.o(.text)
    GPIO_StructInit                          0x08000f7d   Thumb Code    18  stm32f4xx_gpio.o(.text)
    GPIO_PinLockConfig                       0x08000f8f   Thumb Code    34  stm32f4xx_gpio.o(.text)
    GPIO_ReadInputDataBit                    0x08000fb1   Thumb Code    18  stm32f4xx_gpio.o(.text)
    GPIO_ReadInputData                       0x08000fc3   Thumb Code     8  stm32f4xx_gpio.o(.text)
    GPIO_ReadOutputDataBit                   0x08000fcb   Thumb Code    18  stm32f4xx_gpio.o(.text)
    GPIO_ReadOutputData                      0x08000fdd   Thumb Code     8  stm32f4xx_gpio.o(.text)
    GPIO_SetBits                             0x08000fe5   Thumb Code     4  stm32f4xx_gpio.o(.text)
    GPIO_ResetBits                           0x08000fe9   Thumb Code     4  stm32f4xx_gpio.o(.text)
    GPIO_WriteBit                            0x08000fed   Thumb Code    10  stm32f4xx_gpio.o(.text)
    GPIO_Write                               0x08000ff7   Thumb Code     4  stm32f4xx_gpio.o(.text)
    GPIO_ToggleBits                          0x08000ffb   Thumb Code     8  stm32f4xx_gpio.o(.text)
    GPIO_PinAFConfig                         0x08001003   Thumb Code    70  stm32f4xx_gpio.o(.text)
    FSMC_NORSRAMDeInit                       0x08001075   Thumb Code    54  stm32f4xx_fsmc.o(.text)
    FSMC_NORSRAMInit                         0x080010ab   Thumb Code   230  stm32f4xx_fsmc.o(.text)
    FSMC_NORSRAMStructInit                   0x08001191   Thumb Code    48  stm32f4xx_fsmc.o(.text)
    FSMC_NORSRAMCmd                          0x080011c1   Thumb Code    46  stm32f4xx_fsmc.o(.text)
    FSMC_NANDDeInit                          0x080011ef   Thumb Code    62  stm32f4xx_fsmc.o(.text)
    FSMC_NANDInit                            0x0800122d   Thumb Code   132  stm32f4xx_fsmc.o(.text)
    FSMC_NANDStructInit                      0x080012b1   Thumb Code    54  stm32f4xx_fsmc.o(.text)
    FSMC_NANDCmd                             0x080012e7   Thumb Code    86  stm32f4xx_fsmc.o(.text)
    FSMC_NANDECCCmd                          0x0800133d   Thumb Code    86  stm32f4xx_fsmc.o(.text)
    FSMC_GetECC                              0x08001393   Thumb Code    24  stm32f4xx_fsmc.o(.text)
    FSMC_PCCARDDeInit                        0x080013ab   Thumb Code    36  stm32f4xx_fsmc.o(.text)
    FSMC_PCCARDInit                          0x080013cf   Thumb Code   130  stm32f4xx_fsmc.o(.text)
    FSMC_PCCARDStructInit                    0x08001451   Thumb Code    60  stm32f4xx_fsmc.o(.text)
    FSMC_PCCARDCmd                           0x0800148d   Thumb Code    44  stm32f4xx_fsmc.o(.text)
    FSMC_ITConfig                            0x080014b9   Thumb Code   128  stm32f4xx_fsmc.o(.text)
    FSMC_GetFlagStatus                       0x08001539   Thumb Code    54  stm32f4xx_fsmc.o(.text)
    FSMC_ClearFlag                           0x0800156f   Thumb Code    74  stm32f4xx_fsmc.o(.text)
    FSMC_GetITStatus                         0x080015b9   Thumb Code    62  stm32f4xx_fsmc.o(.text)
    FSMC_ClearITPendingBit                   0x080015f7   Thumb Code    66  stm32f4xx_fsmc.o(.text)
    RCC_DeInit                               0x0800163d   Thumb Code    82  stm32f4xx_rcc.o(.text)
    RCC_HSEConfig                            0x0800168f   Thumb Code    14  stm32f4xx_rcc.o(.text)
    RCC_GetFlagStatus                        0x0800169d   Thumb Code    60  stm32f4xx_rcc.o(.text)
    RCC_WaitForHSEStartUp                    0x080016d9   Thumb Code    56  stm32f4xx_rcc.o(.text)
    RCC_AdjustHSICalibrationValue            0x08001711   Thumb Code    20  stm32f4xx_rcc.o(.text)
    RCC_HSICmd                               0x08001725   Thumb Code     6  stm32f4xx_rcc.o(.text)
    RCC_LSEConfig                            0x0800172b   Thumb Code    46  stm32f4xx_rcc.o(.text)
    RCC_LSICmd                               0x08001759   Thumb Code     6  stm32f4xx_rcc.o(.text)
    RCC_PLLConfig                            0x0800175f   Thumb Code    32  stm32f4xx_rcc.o(.text)
    RCC_PLLCmd                               0x0800177f   Thumb Code     6  stm32f4xx_rcc.o(.text)
    RCC_PLLI2SConfig                         0x08001785   Thumb Code    14  stm32f4xx_rcc.o(.text)
    RCC_PLLI2SCmd                            0x08001793   Thumb Code     6  stm32f4xx_rcc.o(.text)
    RCC_PLLSAIConfig                         0x08001799   Thumb Code    20  stm32f4xx_rcc.o(.text)
    RCC_PLLSAICmd                            0x080017ad   Thumb Code     6  stm32f4xx_rcc.o(.text)
    RCC_ClockSecuritySystemCmd               0x080017b3   Thumb Code     6  stm32f4xx_rcc.o(.text)
    RCC_MCO1Config                           0x080017b9   Thumb Code    28  stm32f4xx_rcc.o(.text)
    RCC_MCO2Config                           0x080017d5   Thumb Code    28  stm32f4xx_rcc.o(.text)
    RCC_SYSCLKConfig                         0x080017f1   Thumb Code    20  stm32f4xx_rcc.o(.text)
    RCC_GetSYSCLKSource                      0x08001805   Thumb Code    12  stm32f4xx_rcc.o(.text)
    RCC_HCLKConfig                           0x08001811   Thumb Code    20  stm32f4xx_rcc.o(.text)
    RCC_PCLK1Config                          0x08001825   Thumb Code    20  stm32f4xx_rcc.o(.text)
    RCC_PCLK2Config                          0x08001839   Thumb Code    22  stm32f4xx_rcc.o(.text)
    RCC_GetClocksFreq                        0x0800184f   Thumb Code   222  stm32f4xx_rcc.o(.text)
    RCC_RTCCLKConfig                         0x0800192d   Thumb Code    54  stm32f4xx_rcc.o(.text)
    RCC_RTCCLKCmd                            0x08001963   Thumb Code     8  stm32f4xx_rcc.o(.text)
    RCC_BackupResetCmd                       0x0800196b   Thumb Code     8  stm32f4xx_rcc.o(.text)
    RCC_I2SCLKConfig                         0x08001973   Thumb Code     6  stm32f4xx_rcc.o(.text)
    RCC_SAIPLLI2SClkDivConfig                0x08001979   Thumb Code    26  stm32f4xx_rcc.o(.text)
    RCC_SAIPLLSAIClkDivConfig                0x08001993   Thumb Code    28  stm32f4xx_rcc.o(.text)
    RCC_SAIBlockACLKConfig                   0x080019af   Thumb Code    20  stm32f4xx_rcc.o(.text)
    RCC_SAIBlockBCLKConfig                   0x080019c3   Thumb Code    20  stm32f4xx_rcc.o(.text)
    RCC_LTDCCLKDivConfig                     0x080019d7   Thumb Code    20  stm32f4xx_rcc.o(.text)
    RCC_TIMCLKPresConfig                     0x080019eb   Thumb Code     6  stm32f4xx_rcc.o(.text)
    RCC_AHB1PeriphClockCmd                   0x080019f1   Thumb Code    34  stm32f4xx_rcc.o(.text)
    RCC_AHB2PeriphClockCmd                   0x08001a13   Thumb Code    78  stm32f4xx_rcc.o(.text)
    RCC_AHB3PeriphClockCmd                   0x08001a61   Thumb Code    34  stm32f4xx_rcc.o(.text)
    RCC_APB1PeriphClockCmd                   0x08001a83   Thumb Code    34  stm32f4xx_rcc.o(.text)
    RCC_APB2PeriphClockCmd                   0x08001aa5   Thumb Code    34  stm32f4xx_rcc.o(.text)
    RCC_AHB1PeriphResetCmd                   0x08001ac7   Thumb Code    34  stm32f4xx_rcc.o(.text)
    RCC_AHB2PeriphResetCmd                   0x08001ae9   Thumb Code    34  stm32f4xx_rcc.o(.text)
    RCC_AHB3PeriphResetCmd                   0x08001b0b   Thumb Code    34  stm32f4xx_rcc.o(.text)
    RCC_APB1PeriphResetCmd                   0x08001b2d   Thumb Code    34  stm32f4xx_rcc.o(.text)
    RCC_APB2PeriphResetCmd                   0x08001b4f   Thumb Code    34  stm32f4xx_rcc.o(.text)
    RCC_AHB1PeriphClockLPModeCmd             0x08001b71   Thumb Code    34  stm32f4xx_rcc.o(.text)
    RCC_AHB2PeriphClockLPModeCmd             0x08001b93   Thumb Code    34  stm32f4xx_rcc.o(.text)
    RCC_AHB3PeriphClockLPModeCmd             0x08001bb5   Thumb Code    34  stm32f4xx_rcc.o(.text)
    RCC_APB1PeriphClockLPModeCmd             0x08001bd7   Thumb Code    34  stm32f4xx_rcc.o(.text)
    RCC_APB2PeriphClockLPModeCmd             0x08001bf9   Thumb Code    34  stm32f4xx_rcc.o(.text)
    RCC_LSEModeConfig                        0x08001c1b   Thumb Code    40  stm32f4xx_rcc.o(.text)
    RCC_ITConfig                             0x08001c43   Thumb Code    34  stm32f4xx_rcc.o(.text)
    RCC_ClearFlag                            0x08001c65   Thumb Code    18  stm32f4xx_rcc.o(.text)
    RCC_GetITStatus                          0x08001c77   Thumb Code    22  stm32f4xx_rcc.o(.text)
    RCC_ClearITPendingBit                    0x08001c8d   Thumb Code     8  stm32f4xx_rcc.o(.text)
    USART_DeInit                             0x08001c99   Thumb Code   206  stm32f4xx_usart.o(.text)
    USART_Init                               0x08001d67   Thumb Code   204  stm32f4xx_usart.o(.text)
    USART_StructInit                         0x08001e33   Thumb Code    24  stm32f4xx_usart.o(.text)
    USART_ClockInit                          0x08001e4b   Thumb Code    32  stm32f4xx_usart.o(.text)
    USART_ClockStructInit                    0x08001e6b   Thumb Code    12  stm32f4xx_usart.o(.text)
    USART_Cmd                                0x08001e77   Thumb Code    24  stm32f4xx_usart.o(.text)
    USART_SetPrescaler                       0x08001e8f   Thumb Code    16  stm32f4xx_usart.o(.text)
    USART_OverSampling8Cmd                   0x08001e9f   Thumb Code    22  stm32f4xx_usart.o(.text)
    USART_OneBitMethodCmd                    0x08001eb5   Thumb Code    24  stm32f4xx_usart.o(.text)
    USART_SendData                           0x08001ecd   Thumb Code     8  stm32f4xx_usart.o(.text)
    USART_ReceiveData                        0x08001ed5   Thumb Code    10  stm32f4xx_usart.o(.text)
    USART_SetAddress                         0x08001edf   Thumb Code    18  stm32f4xx_usart.o(.text)
    USART_ReceiverWakeUpCmd                  0x08001ef1   Thumb Code    24  stm32f4xx_usart.o(.text)
    USART_WakeUpConfig                       0x08001f09   Thumb Code    18  stm32f4xx_usart.o(.text)
    USART_LINBreakDetectLengthConfig         0x08001f1b   Thumb Code    18  stm32f4xx_usart.o(.text)
    USART_LINCmd                             0x08001f2d   Thumb Code    24  stm32f4xx_usart.o(.text)
    USART_SendBreak                          0x08001f45   Thumb Code    10  stm32f4xx_usart.o(.text)
    USART_HalfDuplexCmd                      0x08001f4f   Thumb Code    24  stm32f4xx_usart.o(.text)
    USART_SetGuardTime                       0x08001f67   Thumb Code    16  stm32f4xx_usart.o(.text)
    USART_SmartCardCmd                       0x08001f77   Thumb Code    24  stm32f4xx_usart.o(.text)
    USART_SmartCardNACKCmd                   0x08001f8f   Thumb Code    24  stm32f4xx_usart.o(.text)
    USART_IrDAConfig                         0x08001fa7   Thumb Code    18  stm32f4xx_usart.o(.text)
    USART_IrDACmd                            0x08001fb9   Thumb Code    24  stm32f4xx_usart.o(.text)
    USART_DMACmd                             0x08001fd1   Thumb Code    18  stm32f4xx_usart.o(.text)
    USART_ITConfig                           0x08001fe3   Thumb Code    74  stm32f4xx_usart.o(.text)
    USART_GetFlagStatus                      0x0800202d   Thumb Code    26  stm32f4xx_usart.o(.text)
    USART_ClearFlag                          0x08002047   Thumb Code    18  stm32f4xx_usart.o(.text)
    USART_GetITStatus                        0x08002059   Thumb Code   118  stm32f4xx_usart.o(.text)
    USART_ClearITPendingBit                  0x080020cf   Thumb Code    30  stm32f4xx_usart.o(.text)
    mymemcpy                                 0x080020ed   Thumb Code    26  malloc.o(.text)
    mymemset                                 0x08002107   Thumb Code    20  malloc.o(.text)
    my_mem_init                              0x0800211b   Thumb Code    54  malloc.o(.text)
    my_mem_perused                           0x08002151   Thumb Code    54  malloc.o(.text)
    my_mem_malloc                            0x08002187   Thumb Code   154  malloc.o(.text)
    my_mem_free                              0x08002221   Thumb Code    94  malloc.o(.text)
    myfree                                   0x0800227f   Thumb Code    32  malloc.o(.text)
    mymalloc                                 0x0800229f   Thumb Code    36  malloc.o(.text)
    myrealloc                                0x080022c3   Thumb Code    68  malloc.o(.text)
    vListInitialise                          0x08002319   Thumb Code    26  list.o(.text)
    vListInitialiseItem                      0x08002333   Thumb Code     6  list.o(.text)
    vListInsertEnd                           0x08002339   Thumb Code    24  list.o(.text)
    vListInsert                              0x08002351   Thumb Code    52  list.o(.text)
    uxListRemove                             0x08002385   Thumb Code    40  list.o(.text)
    xQueueGenericReset                       0x080023ad   Thumb Code   194  queue.o(.text)
    xQueueGenericCreate                      0x0800249d   Thumb Code    92  queue.o(.text)
    xQueueGenericSend                        0x080026bf   Thumb Code   476  queue.o(.text)
    xQueueCreateMutex                        0x080028b9   Thumb Code    34  queue.o(.text)
    xQueueGiveMutexRecursive                 0x080028db   Thumb Code    66  queue.o(.text)
    xQueueSemaphoreTake                      0x0800294b   Thumb Code   380  queue.o(.text)
    xQueueTakeMutexRecursive                 0x08002ac7   Thumb Code    72  queue.o(.text)
    xQueueCreateCountingSemaphore            0x08002b0f   Thumb Code    54  queue.o(.text)
    xQueueGenericSendFromISR                 0x08002b45   Thumb Code   308  queue.o(.text)
    xQueueGiveFromISR                        0x08002c79   Thumb Code   264  queue.o(.text)
    xQueueReceive                            0x08002dab   Thumb Code   338  queue.o(.text)
    xQueuePeek                               0x08002efd   Thumb Code   344  queue.o(.text)
    xQueueReceiveFromISR                     0x08003055   Thumb Code   234  queue.o(.text)
    xQueuePeekFromISR                        0x0800313f   Thumb Code   158  queue.o(.text)
    uxQueueMessagesWaiting                   0x080031dd   Thumb Code    36  queue.o(.text)
    uxQueueSpacesAvailable                   0x08003201   Thumb Code    48  queue.o(.text)
    uxQueueMessagesWaitingFromISR            0x08003231   Thumb Code    30  queue.o(.text)
    vQueueUnregisterQueue                    0x0800324f   Thumb Code    64  queue.o(.text)
    vQueueDelete                             0x0800328f   Thumb Code    38  queue.o(.text)
    uxQueueGetQueueNumber                    0x080032b5   Thumb Code     6  queue.o(.text)
    vQueueSetQueueNumber                     0x080032bb   Thumb Code     4  queue.o(.text)
    ucQueueGetQueueType                      0x080032bf   Thumb Code     8  queue.o(.text)
    xQueueIsQueueEmptyFromISR                0x080032c7   Thumb Code    38  queue.o(.text)
    xQueueIsQueueFullFromISR                 0x080032ed   Thumb Code    42  queue.o(.text)
    vQueueAddToRegistry                      0x08003317   Thumb Code    88  queue.o(.text)
    pcQueueGetName                           0x0800336f   Thumb Code    60  queue.o(.text)
    vQueueWaitForMessageRestricted           0x080033ab   Thumb Code    74  queue.o(.text)
    xQueueCreateSet                          0x080033f5   Thumb Code    20  queue.o(.text)
    xQueueAddToSet                           0x08003409   Thumb Code    38  queue.o(.text)
    xQueueRemoveFromSet                      0x0800342f   Thumb Code    48  queue.o(.text)
    xQueueSelectFromSet                      0x0800345f   Thumb Code    24  queue.o(.text)
    xQueueSelectFromSetFromISR               0x08003477   Thumb Code    22  queue.o(.text)
    xTaskCreate                              0x0800365d   Thumb Code   104  tasks.o(.text)
    vTaskDelete                              0x080036ff   Thumb Code   200  tasks.o(.text)
    xTaskIncrementTick                       0x080037c7   Thumb Code   512  tasks.o(.text)
    xTaskResumeAll                           0x080039c7   Thumb Code   332  tasks.o(.text)
    vTaskSuspendAll                          0x08003bc1   Thumb Code    12  tasks.o(.text)
    xTaskDelayUntil                          0x08003bcd   Thumb Code   184  tasks.o(.text)
    vTaskDelay                               0x08003c85   Thumb Code    76  tasks.o(.text)
    eTaskGetState                            0x08003cd1   Thumb Code   192  tasks.o(.text)
    uxTaskPriorityGet                        0x08003d91   Thumb Code    30  tasks.o(.text)
    uxTaskPriorityGetFromISR                 0x08003daf   Thumb Code    62  tasks.o(.text)
    vTaskPrioritySet                         0x08003ded   Thumb Code   306  tasks.o(.text)
    vTaskSwitchContext                       0x08003f1f   Thumb Code   114  tasks.o(.text)
    vTaskSuspend                             0x08003f91   Thumb Code   218  tasks.o(.text)
    vTaskResume                              0x080040b7   Thumb Code   224  tasks.o(.text)
    xTaskResumeFromISR                       0x08004197   Thumb Code   212  tasks.o(.text)
    vTaskStartScheduler                      0x080042c7   Thumb Code   116  tasks.o(.text)
    vTaskEndScheduler                        0x0800433b   Thumb Code    32  tasks.o(.text)
    xTaskGetTickCount                        0x0800435b   Thumb Code     6  tasks.o(.text)
    xTaskGetTickCountFromISR                 0x08004361   Thumb Code    16  tasks.o(.text)
    uxTaskGetNumberOfTasks                   0x08004371   Thumb Code     6  tasks.o(.text)
    pcTaskGetName                            0x08004377   Thumb Code    40  tasks.o(.text)
    xTaskGetHandle                           0x0800444f   Thumb Code   136  tasks.o(.text)
    vTaskGetInfo                             0x080044ed   Thumb Code   212  tasks.o(.text)
    uxTaskGetSystemState                     0x0800462b   Thumb Code   152  tasks.o(.text)
    xTaskGetIdleTaskHandle                   0x080046c3   Thumb Code    38  tasks.o(.text)
    xTaskCatchUpTicks                        0x080046e9   Thumb Code    66  tasks.o(.text)
    xTaskAbortDelay                          0x0800472b   Thumb Code   188  tasks.o(.text)
    vTaskPlaceOnEventList                    0x080047e7   Thumb Code    46  tasks.o(.text)
    vTaskPlaceOnUnorderedEventList           0x08004815   Thumb Code   122  tasks.o(.text)
    vTaskPlaceOnEventListRestricted          0x0800488f   Thumb Code    88  tasks.o(.text)
    xTaskRemoveFromEventList                 0x080048e7   Thumb Code   256  tasks.o(.text)
    vTaskRemoveFromUnorderedEventList        0x080049e7   Thumb Code   292  tasks.o(.text)
    vTaskSetTimeOutState                     0x08004b0b   Thumb Code    42  tasks.o(.text)
    vTaskInternalSetTimeOutState             0x08004b35   Thumb Code    14  tasks.o(.text)
    xTaskCheckForTimeOut                     0x08004b43   Thumb Code   144  tasks.o(.text)
    vTaskMissedYield                         0x08004bd3   Thumb Code     8  tasks.o(.text)
    uxTaskGetTaskNumber                      0x08004bdb   Thumb Code    14  tasks.o(.text)
    vTaskSetTaskNumber                       0x08004be9   Thumb Code     8  tasks.o(.text)
    uxTaskGetStackHighWaterMark              0x08004bf1   Thumb Code    34  tasks.o(.text)
    xTaskGetCurrentTaskHandle                0x08004c13   Thumb Code     6  tasks.o(.text)
    xTaskGetSchedulerState                   0x08004c19   Thumb Code    24  tasks.o(.text)
    xTaskPriorityInherit                     0x08004c31   Thumb Code   224  tasks.o(.text)
    xTaskPriorityDisinherit                  0x08004d11   Thumb Code   210  tasks.o(.text)
    vTaskPriorityDisinheritAfterTimeout      0x08004de3   Thumb Code   292  tasks.o(.text)
    vTaskList                                0x08004f31   Thumb Code   200  tasks.o(.text)
    uxTaskResetEventItemValue                0x08004ff9   Thumb Code    24  tasks.o(.text)
    pvTaskIncrementMutexHeldCount            0x08005011   Thumb Code    26  tasks.o(.text)
    ulTaskGenericNotifyTake                  0x0800502b   Thumb Code   152  tasks.o(.text)
    xTaskGenericNotifyWait                   0x080050c3   Thumb Code   188  tasks.o(.text)
    xTaskGenericNotify                       0x0800517f   Thumb Code   458  tasks.o(.text)
    xTaskGenericNotifyFromISR                0x08005349   Thumb Code   486  tasks.o(.text)
    vTaskGenericNotifyGiveFromISR            0x0800552f   Thumb Code   348  tasks.o(.text)
    xTaskGenericNotifyStateClear             0x0800568b   Thumb Code    82  tasks.o(.text)
    ulTaskGenericNotifyValueClear            0x080056dd   Thumb Code    96  tasks.o(.text)
    xTimerCreateTimerTask                    0x08005a73   Thumb Code    56  timers.o(.text)
    xTimerCreate                             0x08005af9   Thumb Code    54  timers.o(.text)
    xTimerGenericCommand                     0x08005b2f   Thumb Code   218  timers.o(.text)
    xTimerGetTimerDaemonTaskHandle           0x08005c09   Thumb Code    38  timers.o(.text)
    xTimerGetPeriod                          0x08005c2f   Thumb Code    28  timers.o(.text)
    vTimerSetReloadMode                      0x08005c4b   Thumb Code    64  timers.o(.text)
    xTimerGetReloadMode                      0x08005c8b   Thumb Code    52  timers.o(.text)
    uxTimerGetReloadMode                     0x08005cbf   Thumb Code    12  timers.o(.text)
    xTimerGetExpiryTime                      0x08005ccb   Thumb Code    30  timers.o(.text)
    pcTimerGetName                           0x08005ce9   Thumb Code    28  timers.o(.text)
    xTimerIsTimerActive                      0x08005d05   Thumb Code    52  timers.o(.text)
    pvTimerGetTimerID                        0x08005d39   Thumb Code    38  timers.o(.text)
    vTimerSetTimerID                         0x08005d5f   Thumb Code    38  timers.o(.text)
    xTimerPendFunctionCallFromISR            0x08005d85   Thumb Code    48  timers.o(.text)
    xTimerPendFunctionCall                   0x08005db5   Thumb Code    70  timers.o(.text)
    uxTimerGetTimerNumber                    0x08005dfb   Thumb Code     6  timers.o(.text)
    vTimerSetTimerNumber                     0x08005e01   Thumb Code     4  timers.o(.text)
    pvPortMalloc                             0x08005ec7   Thumb Code   258  heap_4.o(.text)
    vPortFree                                0x08005fc9   Thumb Code   112  heap_4.o(.text)
    xPortGetFreeHeapSize                     0x08006039   Thumb Code     6  heap_4.o(.text)
    xPortGetMinimumEverFreeHeapSize          0x0800603f   Thumb Code     6  heap_4.o(.text)
    vPortInitialiseBlocks                    0x08006045   Thumb Code     2  heap_4.o(.text)
    pvPortCalloc                             0x08006047   Thumb Code    54  heap_4.o(.text)
    vPortGetHeapStats                        0x0800607d   Thumb Code   104  heap_4.o(.text)
    pxPortInitialiseStack                    0x08006171   Thumb Code    38  port.o(.text)
    vPortSetupTimerInterrupt                 0x08006197   Thumb Code    36  port.o(.text)
    xPortStartScheduler                      0x080061bb   Thumb Code   322  port.o(.text)
    vPortEndScheduler                        0x080062fd   Thumb Code    34  port.o(.text)
    vPortEnterCritical                       0x0800631f   Thumb Code    70  port.o(.text)
    vPortExitCritical                        0x08006365   Thumb Code    48  port.o(.text)
    xPortSysTickHandler                      0x08006395   Thumb Code    48  port.o(.text)
    vPortValidateInterruptPriority           0x080063c5   Thumb Code    88  port.o(.text)
    __use_no_semihosting                     0x08006485   Thumb Code     2  use_no_semi_2.o(.text)
    __2printf                                0x08006489   Thumb Code    20  noretval__2printf.o(.text)
    __2sprintf                               0x080064a1   Thumb Code    34  noretval__2sprintf.o(.text)
    _printf_str                              0x080064c9   Thumb Code    82  _printf_str.o(.text)
    _printf_int_dec                          0x0800651d   Thumb Code   104  _printf_dec.o(.text)
    __printf                                 0x08006595   Thumb Code   308  __printf_flags_wp.o(.text)
    strcpy                                   0x080066cd   Thumb Code    72  strcpy.o(.text)
    strlen                                   0x08006715   Thumb Code    62  strlen.o(.text)
    __aeabi_memcpy                           0x08006753   Thumb Code     0  rt_memcpy_v6.o(.text)
    __rt_memcpy                              0x08006753   Thumb Code   138  rt_memcpy_v6.o(.text)
    _memcpy_lastbytes                        0x080067b9   Thumb Code     0  rt_memcpy_v6.o(.text)
    __aeabi_memset                           0x080067dd   Thumb Code    16  aeabi_memset.o(.text)
    __aeabi_memclr                           0x080067ed   Thumb Code     0  rt_memclr.o(.text)
    __rt_memclr                              0x080067ed   Thumb Code    68  rt_memclr.o(.text)
    _memset                                  0x080067f1   Thumb Code     0  rt_memclr.o(.text)
    __aeabi_memclr4                          0x08006831   Thumb Code     0  rt_memclr_w.o(.text)
    __aeabi_memclr8                          0x08006831   Thumb Code     0  rt_memclr_w.o(.text)
    __rt_memclr_w                            0x08006831   Thumb Code    78  rt_memclr_w.o(.text)
    _memset_w                                0x08006835   Thumb Code     0  rt_memclr_w.o(.text)
    __use_two_region_memory                  0x0800687f   Thumb Code     2  heapauxi.o(.text)
    __rt_heap_escrow$2region                 0x08006881   Thumb Code     2  heapauxi.o(.text)
    __rt_heap_expand$2region                 0x08006883   Thumb Code     2  heapauxi.o(.text)
    __I$use$semihosting                      0x08006885   Thumb Code     0  use_no_semi.o(.text)
    __use_no_semihosting_swi                 0x08006885   Thumb Code     2  use_no_semi.o(.text)
    _printf_int_common                       0x08006887   Thumb Code   178  _printf_intcommon.o(.text)
    __lib_sel_fp_printf                      0x08006939   Thumb Code     2  _printf_fp_dec.o(.text)
    _printf_fp_dec_real                      0x08006aeb   Thumb Code   620  _printf_fp_dec.o(.text)
    _printf_char_common                      0x08006d63   Thumb Code    32  _printf_char_common.o(.text)
    _sputc                                   0x08006d89   Thumb Code    10  _sputc.o(.text)
    _printf_cs_common                        0x08006d93   Thumb Code    20  _printf_char.o(.text)
    _printf_char                             0x08006da7   Thumb Code    16  _printf_char.o(.text)
    _printf_string                           0x08006db7   Thumb Code     8  _printf_char.o(.text)
    _printf_char_file                        0x08006dc1   Thumb Code    32  _printf_char_file.o(.text)
    __aeabi_memcpy4                          0x08006de5   Thumb Code     0  rt_memcpy_w.o(.text)
    __aeabi_memcpy8                          0x08006de5   Thumb Code     0  rt_memcpy_w.o(.text)
    __rt_memcpy_w                            0x08006de5   Thumb Code   100  rt_memcpy_w.o(.text)
    _memcpy_lastbytes_aligned                0x08006e2d   Thumb Code     0  rt_memcpy_w.o(.text)
    __rt_locale                              0x08006e49   Thumb Code     8  rt_locale_intlibspace.o(.text)
    _ll_udiv10                               0x08006e51   Thumb Code   138  lludiv10.o(.text)
    _printf_fp_infnan                        0x08006edd   Thumb Code   112  _printf_fp_infnan.o(.text)
    _btod_etento                             0x08006f5d   Thumb Code   224  bigflt0.o(.text)
    ferror                                   0x08007041   Thumb Code     8  ferror.o(.text)
    __user_libspace                          0x08007049   Thumb Code     8  libspace.o(.text)
    __user_perproc_libspace                  0x08007049   Thumb Code     0  libspace.o(.text)
    __user_perthread_libspace                0x08007049   Thumb Code     0  libspace.o(.text)
    __user_setup_stackheap                   0x08007051   Thumb Code    74  sys_stackheap_outer.o(.text)
    exit                                     0x0800709b   Thumb Code    18  exit.o(.text)
    strcmp                                   0x080070ad   Thumb Code   128  strcmpv7m.o(.text)
    _btod_d2e                                0x0800712d   Thumb Code    62  btod.o(CL$$btod_d2e)
    _d2e_denorm_low                          0x0800716b   Thumb Code    70  btod.o(CL$$btod_d2e_denorm_low)
    _d2e_norm_op1                            0x080071b1   Thumb Code    96  btod.o(CL$$btod_d2e_norm_op1)
    __btod_div_common                        0x08007211   Thumb Code   696  btod.o(CL$$btod_div_common)
    _e2e                                     0x08007549   Thumb Code   220  btod.o(CL$$btod_e2e)
    _btod_ediv                               0x08007625   Thumb Code    42  btod.o(CL$$btod_ediv)
    _btod_emul                               0x0800764f   Thumb Code    42  btod.o(CL$$btod_emul)
    __btod_mult_common                       0x08007679   Thumb Code   580  btod.o(CL$$btod_mult_common)
    __ARM_fpclassify                         0x080078bd   Thumb Code    48  fpclassify.o(i.__ARM_fpclassify)
    _is_digit                                0x080078ed   Thumb Code    14  __printf_wp.o(i._is_digit)
    _get_lc_numeric                          0x080078fd   Thumb Code    44  lc_numeric_c.o(locale$$code)
    __fpl_dretinf                            0x08007929   Thumb Code    12  dretinf.o(x$fpl$dretinf)
    __aeabi_f2d                              0x08007935   Thumb Code     0  f2d.o(x$fpl$f2d)
    _f2d                                     0x08007935   Thumb Code    86  f2d.o(x$fpl$f2d)
    __fpl_fnaninf                            0x0800798b   Thumb Code   140  fnaninf.o(x$fpl$fnaninf)
    _fp_init                                 0x08007a17   Thumb Code    10  fpinit.o(x$fpl$fpinit)
    __fplib_config_fpu_vfp                   0x08007a1f   Thumb Code     0  fpinit.o(x$fpl$fpinit)
    __fplib_config_pureend_doubles           0x08007a1f   Thumb Code     0  fpinit.o(x$fpl$fpinit)
    _printf_fp_dec                           0x08007a21   Thumb Code     4  printf1.o(x$fpl$printf1)
    FSMC_DefaultTimingStruct                 0x08007a24   Data          28  stm32f4xx_fsmc.o(.constdata)
    __I$use$fp                               0x08007a24   Number         0  usenofp.o(x$fpl$usenofp)
    memtblsize                               0x08007a40   Data          12  malloc.o(.constdata)
    memblksize                               0x08007a4c   Data          12  malloc.o(.constdata)
    memsize                                  0x08007a58   Data          12  malloc.o(.constdata)
    Region$$Table$$Base                      0x08007b0c   Number         0  anon$$obj.o(Region$$Table)
    Region$$Table$$Limit                     0x08007b2c   Number         0  anon$$obj.o(Region$$Table)
    mem3base                                 0x10000000   Data       61440  malloc.o(.ARM.__AT_0x10000000)
    mem3mapbase                              0x1000f000   Data        3840  malloc.o(.ARM.__AT_0x1000F000)
    SystemCoreClock                          0x20000000   Data           4  system_stm32f4xx.o(.data)
    AHBPrescTable                            0x20000004   Data          16  system_stm32f4xx.o(.data)
    StartTask_Handler                        0x20000014   Data           4  freertos_demo.o(.data)
    Task1Task_Handler                        0x20000018   Data           4  freertos_demo.o(.data)
    Task2Task_Handler                        0x2000001c   Data           4  freertos_demo.o(.data)
    __stdout                                 0x20000024   Data           4  usart.o(.data)
    USART_RX_STA                             0x20000028   Data           2  usart.o(.data)
    mallco_dev                               0x2000003c   Data          36  malloc.o(.data)
    pxCurrentTCB                             0x20000060   Data           4  tasks.o(.data)
    uxTopUsedPriority                        0x20000098   Data           4  tasks.o(.data)
    USART_RX_BUF                             0x200000dc   Data         200  usart.o(.bss)
    mem1base                                 0x200001c0   Data       102400  malloc.o(.bss)
    mem1mapbase                              0x200191c0   Data        6400  malloc.o(.bss)
    xQueueRegistry                           0x2001aac0   Data          64  queue.o(.bss)
    __libspace_start                         0x2001d60c   Data          96  libspace.o(.bss)
    __temporary_stack_top$libspace           0x2001d66c   Data           0  libspace.o(.bss)
    mem2base                                 0x68000000   Data       983040  malloc.o(.ARM.__AT_0x68000000)
    mem2mapbase                              0x680f0000   Data       61440  malloc.o(.ARM.__AT_0x680F0000)



==============================================================================

Memory Map of the image

  Image Entry point : 0x08000189

  Load Region LR_IROM1 (Base: 0x08000000, Size: 0x00007c24, Max: 0x00100000, ABSOLUTE)

    Execution Region ER_IROM1 (Exec base: 0x08000000, Load base: 0x08000000, Size: 0x00007b48, Max: 0x00100000, ABSOLUTE)

    Exec Addr    Load Addr    Size         Type   Attr      Idx    E Section Name        Object

    0x08000000   0x08000000   0x00000188   Data   RO          582    RESET               startup_stm32f40_41xxx.o
    0x08000188   0x08000188   0x00000008   Code   RO         1112  * !!!main             c_w.l(__main.o)
    0x08000190   0x08000190   0x00000034   Code   RO         1342    !!!scatter          c_w.l(__scatter.o)
    0x080001c4   0x080001c4   0x0000001a   Code   RO         1344    !!handler_copy      c_w.l(__scatter_copy.o)
    0x080001de   0x080001de   0x00000002   PAD
    0x080001e0   0x080001e0   0x0000001c   Code   RO         1346    !!handler_zi        c_w.l(__scatter_zi.o)
    0x080001fc   0x080001fc   0x00000000   Code   RO         1095    .ARM.Collect$$_printf_percent$$00000000  c_w.l(_printf_percent.o)
    0x080001fc   0x080001fc   0x00000006   Code   RO         1094    .ARM.Collect$$_printf_percent$$00000003  c_w.l(_printf_f.o)
    0x08000202   0x08000202   0x00000006   Code   RO         1092    .ARM.Collect$$_printf_percent$$00000009  c_w.l(_printf_d.o)
    0x08000208   0x08000208   0x00000006   Code   RO         1093    .ARM.Collect$$_printf_percent$$0000000A  c_w.l(_printf_u.o)
    0x0800020e   0x0800020e   0x00000006   Code   RO         1090    .ARM.Collect$$_printf_percent$$00000013  c_w.l(_printf_c.o)
    0x08000214   0x08000214   0x00000006   Code   RO         1091    .ARM.Collect$$_printf_percent$$00000014  c_w.l(_printf_s.o)
    0x0800021a   0x0800021a   0x00000004   Code   RO         1133    .ARM.Collect$$_printf_percent$$00000017  c_w.l(_printf_percent_end.o)
    0x0800021e   0x0800021e   0x00000002   Code   RO         1217    .ARM.Collect$$libinit$$00000000  c_w.l(libinit.o)
    0x08000220   0x08000220   0x00000004   Code   RO         1218    .ARM.Collect$$libinit$$00000001  c_w.l(libinit2.o)
    0x08000224   0x08000224   0x00000000   Code   RO         1221    .ARM.Collect$$libinit$$00000004  c_w.l(libinit2.o)
    0x08000224   0x08000224   0x00000000   Code   RO         1224    .ARM.Collect$$libinit$$0000000A  c_w.l(libinit2.o)
    0x08000224   0x08000224   0x00000000   Code   RO         1226    .ARM.Collect$$libinit$$0000000C  c_w.l(libinit2.o)
    0x08000224   0x08000224   0x00000000   Code   RO         1228    .ARM.Collect$$libinit$$0000000E  c_w.l(libinit2.o)
    0x08000224   0x08000224   0x00000006   Code   RO         1229    .ARM.Collect$$libinit$$0000000F  c_w.l(libinit2.o)
    0x0800022a   0x0800022a   0x00000000   Code   RO         1231    .ARM.Collect$$libinit$$00000011  c_w.l(libinit2.o)
    0x0800022a   0x0800022a   0x00000000   Code   RO         1233    .ARM.Collect$$libinit$$00000013  c_w.l(libinit2.o)
    0x0800022a   0x0800022a   0x00000000   Code   RO         1235    .ARM.Collect$$libinit$$00000015  c_w.l(libinit2.o)
    0x0800022a   0x0800022a   0x0000000a   Code   RO         1236    .ARM.Collect$$libinit$$00000016  c_w.l(libinit2.o)
    0x08000234   0x08000234   0x00000000   Code   RO         1237    .ARM.Collect$$libinit$$00000017  c_w.l(libinit2.o)
    0x08000234   0x08000234   0x00000000   Code   RO         1239    .ARM.Collect$$libinit$$00000019  c_w.l(libinit2.o)
    0x08000234   0x08000234   0x00000000   Code   RO         1241    .ARM.Collect$$libinit$$0000001B  c_w.l(libinit2.o)
    0x08000234   0x08000234   0x00000000   Code   RO         1243    .ARM.Collect$$libinit$$0000001D  c_w.l(libinit2.o)
    0x08000234   0x08000234   0x00000000   Code   RO         1245    .ARM.Collect$$libinit$$0000001F  c_w.l(libinit2.o)
    0x08000234   0x08000234   0x00000000   Code   RO         1247    .ARM.Collect$$libinit$$00000021  c_w.l(libinit2.o)
    0x08000234   0x08000234   0x00000000   Code   RO         1249    .ARM.Collect$$libinit$$00000023  c_w.l(libinit2.o)
    0x08000234   0x08000234   0x00000000   Code   RO         1251    .ARM.Collect$$libinit$$00000025  c_w.l(libinit2.o)
    0x08000234   0x08000234   0x00000000   Code   RO         1255    .ARM.Collect$$libinit$$0000002C  c_w.l(libinit2.o)
    0x08000234   0x08000234   0x00000000   Code   RO         1257    .ARM.Collect$$libinit$$0000002E  c_w.l(libinit2.o)
    0x08000234   0x08000234   0x00000000   Code   RO         1259    .ARM.Collect$$libinit$$00000030  c_w.l(libinit2.o)
    0x08000234   0x08000234   0x00000000   Code   RO         1261    .ARM.Collect$$libinit$$00000032  c_w.l(libinit2.o)
    0x08000234   0x08000234   0x00000002   Code   RO         1262    .ARM.Collect$$libinit$$00000033  c_w.l(libinit2.o)
    0x08000236   0x08000236   0x00000002   Code   RO         1290    .ARM.Collect$$libshutdown$$00000000  c_w.l(libshutdown.o)
    0x08000238   0x08000238   0x00000000   Code   RO         1299    .ARM.Collect$$libshutdown$$00000002  c_w.l(libshutdown2.o)
    0x08000238   0x08000238   0x00000000   Code   RO         1301    .ARM.Collect$$libshutdown$$00000004  c_w.l(libshutdown2.o)
    0x08000238   0x08000238   0x00000000   Code   RO         1303    .ARM.Collect$$libshutdown$$00000006  c_w.l(libshutdown2.o)
    0x08000238   0x08000238   0x00000000   Code   RO         1306    .ARM.Collect$$libshutdown$$00000009  c_w.l(libshutdown2.o)
    0x08000238   0x08000238   0x00000000   Code   RO         1309    .ARM.Collect$$libshutdown$$0000000C  c_w.l(libshutdown2.o)
    0x08000238   0x08000238   0x00000000   Code   RO         1311    .ARM.Collect$$libshutdown$$0000000E  c_w.l(libshutdown2.o)
    0x08000238   0x08000238   0x00000000   Code   RO         1314    .ARM.Collect$$libshutdown$$00000011  c_w.l(libshutdown2.o)
    0x08000238   0x08000238   0x00000002   Code   RO         1315    .ARM.Collect$$libshutdown$$00000012  c_w.l(libshutdown2.o)
    0x0800023a   0x0800023a   0x00000000   Code   RO         1120    .ARM.Collect$$rtentry$$00000000  c_w.l(__rtentry.o)
    0x0800023a   0x0800023a   0x00000000   Code   RO         1142    .ARM.Collect$$rtentry$$00000002  c_w.l(__rtentry2.o)
    0x0800023a   0x0800023a   0x00000006   Code   RO         1154    .ARM.Collect$$rtentry$$00000004  c_w.l(__rtentry4.o)
    0x08000240   0x08000240   0x00000000   Code   RO         1144    .ARM.Collect$$rtentry$$00000009  c_w.l(__rtentry2.o)
    0x08000240   0x08000240   0x00000004   Code   RO         1145    .ARM.Collect$$rtentry$$0000000A  c_w.l(__rtentry2.o)
    0x08000244   0x08000244   0x00000000   Code   RO         1147    .ARM.Collect$$rtentry$$0000000C  c_w.l(__rtentry2.o)
    0x08000244   0x08000244   0x00000008   Code   RO         1148    .ARM.Collect$$rtentry$$0000000D  c_w.l(__rtentry2.o)
    0x0800024c   0x0800024c   0x00000002   Code   RO         1263    .ARM.Collect$$rtexit$$00000000  c_w.l(rtexit.o)
    0x0800024e   0x0800024e   0x00000000   Code   RO         1270    .ARM.Collect$$rtexit$$00000002  c_w.l(rtexit2.o)
    0x0800024e   0x0800024e   0x00000004   Code   RO         1271    .ARM.Collect$$rtexit$$00000003  c_w.l(rtexit2.o)
    0x08000252   0x08000252   0x00000006   Code   RO         1272    .ARM.Collect$$rtexit$$00000004  c_w.l(rtexit2.o)
    0x08000258   0x08000258   0x000000be   Code   RO         1016    .emb_text           port.o
    0x08000316   0x08000316   0x0000003e   Code   RO            3    .text               main.o
    0x08000354   0x08000354   0x00000014   Code   RO          163    .text               stm32f4xx_it.o
    0x08000368   0x08000368   0x00000210   Code   RO          290    .text               system_stm32f4xx.o
    0x08000578   0x08000578   0x000000f8   Code   RO          316    .text               freertos_demo.o
    0x08000670   0x08000670   0x00000040   Code   RO          405    .text               led.o
    0x080006b0   0x080006b0   0x00000104   Code   RO          425    .text               key.o
    0x080007b4   0x080007b4   0x0000031c   Code   RO          452    .text               sram.o
    0x08000ad0   0x08000ad0   0x000000a8   Code   RO          498    .text               delay.o
    0x08000b78   0x08000b78   0x00000148   Code   RO          551    .text               usart.o
    0x08000cc0   0x08000cc0   0x00000040   Code   RO          583    .text               startup_stm32f40_41xxx.o
    0x08000d00   0x08000d00   0x000000e0   Code   RO          589    .text               misc.o
    0x08000de0   0x08000de0   0x00000294   Code   RO          609    .text               stm32f4xx_gpio.o
    0x08001074   0x08001074   0x000005c8   Code   RO          629    .text               stm32f4xx_fsmc.o
    0x0800163c   0x0800163c   0x0000065c   Code   RO          652    .text               stm32f4xx_rcc.o
    0x08001c98   0x08001c98   0x00000454   Code   RO          694    .text               stm32f4xx_usart.o
    0x080020ec   0x080020ec   0x0000022c   Code   RO          734    .text               malloc.o
    0x08002318   0x08002318   0x00000094   Code   RO          834    .text               list.o
    0x080023ac   0x080023ac   0x000010e4   Code   RO          857    .text               queue.o
    0x08003490   0x08003490   0x000022ac   Code   RO          925    .text               tasks.o
    0x0800573c   0x0800573c   0x000006d0   Code   RO          964    .text               timers.o
    0x08005e0c   0x08005e0c   0x00000334   Code   RO          993    .text               heap_4.o
    0x08006140   0x08006140   0x00000344   Code   RO         1017    .text               port.o
    0x08006484   0x08006484   0x00000002   Code   RO         1054    .text               c_w.l(use_no_semi_2.o)
    0x08006486   0x08006486   0x00000002   PAD
    0x08006488   0x08006488   0x00000018   Code   RO         1060    .text               c_w.l(noretval__2printf.o)
    0x080064a0   0x080064a0   0x00000028   Code   RO         1062    .text               c_w.l(noretval__2sprintf.o)
    0x080064c8   0x080064c8   0x00000052   Code   RO         1066    .text               c_w.l(_printf_str.o)
    0x0800651a   0x0800651a   0x00000002   PAD
    0x0800651c   0x0800651c   0x00000078   Code   RO         1068    .text               c_w.l(_printf_dec.o)
    0x08006594   0x08006594   0x00000138   Code   RO         1082    .text               c_w.l(__printf_flags_wp.o)
    0x080066cc   0x080066cc   0x00000048   Code   RO         1096    .text               c_w.l(strcpy.o)
    0x08006714   0x08006714   0x0000003e   Code   RO         1098    .text               c_w.l(strlen.o)
    0x08006752   0x08006752   0x0000008a   Code   RO         1100    .text               c_w.l(rt_memcpy_v6.o)
    0x080067dc   0x080067dc   0x00000010   Code   RO         1104    .text               c_w.l(aeabi_memset.o)
    0x080067ec   0x080067ec   0x00000044   Code   RO         1106    .text               c_w.l(rt_memclr.o)
    0x08006830   0x08006830   0x0000004e   Code   RO         1108    .text               c_w.l(rt_memclr_w.o)
    0x0800687e   0x0800687e   0x00000006   Code   RO         1110    .text               c_w.l(heapauxi.o)
    0x08006884   0x08006884   0x00000002   Code   RO         1118    .text               c_w.l(use_no_semi.o)
    0x08006886   0x08006886   0x000000b2   Code   RO         1121    .text               c_w.l(_printf_intcommon.o)
    0x08006938   0x08006938   0x0000041e   Code   RO         1123    .text               c_w.l(_printf_fp_dec.o)
    0x08006d56   0x08006d56   0x00000002   PAD
    0x08006d58   0x08006d58   0x00000030   Code   RO         1125    .text               c_w.l(_printf_char_common.o)
    0x08006d88   0x08006d88   0x0000000a   Code   RO         1127    .text               c_w.l(_sputc.o)
    0x08006d92   0x08006d92   0x0000002c   Code   RO         1129    .text               c_w.l(_printf_char.o)
    0x08006dbe   0x08006dbe   0x00000002   PAD
    0x08006dc0   0x08006dc0   0x00000024   Code   RO         1131    .text               c_w.l(_printf_char_file.o)
    0x08006de4   0x08006de4   0x00000064   Code   RO         1134    .text               c_w.l(rt_memcpy_w.o)
    0x08006e48   0x08006e48   0x00000008   Code   RO         1159    .text               c_w.l(rt_locale_intlibspace.o)
    0x08006e50   0x08006e50   0x0000008a   Code   RO         1161    .text               c_w.l(lludiv10.o)
    0x08006eda   0x08006eda   0x00000002   PAD
    0x08006edc   0x08006edc   0x00000080   Code   RO         1163    .text               c_w.l(_printf_fp_infnan.o)
    0x08006f5c   0x08006f5c   0x000000e4   Code   RO         1167    .text               c_w.l(bigflt0.o)
    0x08007040   0x08007040   0x00000008   Code   RO         1192    .text               c_w.l(ferror.o)
    0x08007048   0x08007048   0x00000008   Code   RO         1203    .text               c_w.l(libspace.o)
    0x08007050   0x08007050   0x0000004a   Code   RO         1206    .text               c_w.l(sys_stackheap_outer.o)
    0x0800709a   0x0800709a   0x00000012   Code   RO         1208    .text               c_w.l(exit.o)
    0x080070ac   0x080070ac   0x00000080   Code   RO         1210    .text               c_w.l(strcmpv7m.o)
    0x0800712c   0x0800712c   0x0000003e   Code   RO         1170    CL$$btod_d2e        c_w.l(btod.o)
    0x0800716a   0x0800716a   0x00000046   Code   RO         1172    CL$$btod_d2e_denorm_low  c_w.l(btod.o)
    0x080071b0   0x080071b0   0x00000060   Code   RO         1171    CL$$btod_d2e_norm_op1  c_w.l(btod.o)
    0x08007210   0x08007210   0x00000338   Code   RO         1180    CL$$btod_div_common  c_w.l(btod.o)
    0x08007548   0x08007548   0x000000dc   Code   RO         1177    CL$$btod_e2e        c_w.l(btod.o)
    0x08007624   0x08007624   0x0000002a   Code   RO         1174    CL$$btod_ediv       c_w.l(btod.o)
    0x0800764e   0x0800764e   0x0000002a   Code   RO         1173    CL$$btod_emul       c_w.l(btod.o)
    0x08007678   0x08007678   0x00000244   Code   RO         1179    CL$$btod_mult_common  c_w.l(btod.o)
    0x080078bc   0x080078bc   0x00000030   Code   RO         1201    i.__ARM_fpclassify  m_wm.l(fpclassify.o)
    0x080078ec   0x080078ec   0x0000000e   Code   RO         1080    i._is_digit         c_w.l(__printf_wp.o)
    0x080078fa   0x080078fa   0x00000002   PAD
    0x080078fc   0x080078fc   0x0000002c   Code   RO         1197    locale$$code        c_w.l(lc_numeric_c.o)
    0x08007928   0x08007928   0x0000000c   Code   RO         1136    x$fpl$dretinf       fz_wm.l(dretinf.o)
    0x08007934   0x08007934   0x00000056   Code   RO         1114    x$fpl$f2d           fz_wm.l(f2d.o)
    0x0800798a   0x0800798a   0x0000008c   Code   RO         1138    x$fpl$fnaninf       fz_wm.l(fnaninf.o)
    0x08007a16   0x08007a16   0x0000000a   Code   RO         1267    x$fpl$fpinit        fz_wm.l(fpinit.o)
    0x08007a20   0x08007a20   0x00000004   Code   RO         1116    x$fpl$printf1       fz_wm.l(printf1.o)
    0x08007a24   0x08007a24   0x00000000   Code   RO         1140    x$fpl$usenofp       fz_wm.l(usenofp.o)
    0x08007a24   0x08007a24   0x0000001c   Data   RO          630    .constdata          stm32f4xx_fsmc.o
    0x08007a40   0x08007a40   0x00000024   Data   RO          740    .constdata          malloc.o
    0x08007a64   0x08007a64   0x00000011   Data   RO         1083    .constdata          c_w.l(__printf_flags_wp.o)
    0x08007a75   0x08007a75   0x00000003   PAD
    0x08007a78   0x08007a78   0x00000094   Data   RO         1168    .constdata          c_w.l(bigflt0.o)
    0x08007b0c   0x08007b0c   0x00000020   Data   RO         1340    Region$$Table       anon$$obj.o
    0x08007b2c   0x08007b2c   0x0000001c   Data   RO         1196    locale$$data        c_w.l(lc_numeric_c.o)


    Execution Region RW_IRAM1 (Exec base: 0x20000000, Load base: 0x08007b48, Size: 0x0001dc70, Max: 0x00020000, ABSOLUTE)

    Exec Addr    Load Addr    Size         Type   Attr      Idx    E Section Name        Object

    0x20000000   0x08007b48   0x00000014   Data   RW          291    .data               system_stm32f4xx.o
    0x20000014   0x08007b5c   0x0000000c   Data   RW          317    .data               freertos_demo.o
    0x20000020   0x08007b68   0x00000001   Data   RW          426    .data               key.o
    0x20000021   0x08007b69   0x00000001   Data   RW          499    .data               delay.o
    0x20000022   0x08007b6a   0x00000002   PAD
    0x20000024   0x08007b6c   0x00000006   Data   RW          553    .data               usart.o
    0x2000002a   0x08007b72   0x00000010   Data   RW          653    .data               stm32f4xx_rcc.o
    0x2000003a   0x08007b82   0x00000002   PAD
    0x2000003c   0x08007b84   0x00000024   Data   RW          741    .data               malloc.o
    0x20000060   0x08007ba8   0x00000040   Data   RW          927    .data               tasks.o
    0x200000a0   0x08007be8   0x00000014   Data   RW          966    .data               timers.o
    0x200000b4   0x08007bfc   0x0000001c   Data   RW          995    .data               heap_4.o
    0x200000d0   0x08007c18   0x0000000c   Data   RW         1018    .data               port.o
    0x200000dc        -       0x000000c8   Zero   RW          552    .bss                usart.o
    0x200001a4   0x08007c24   0x0000001c   PAD
    0x200001c0        -       0x0001a900   Zero   RW          739    .bss                malloc.o
    0x2001aac0        -       0x00000040   Zero   RW          858    .bss                queue.o
    0x2001ab00        -       0x000002e4   Zero   RW          926    .bss                tasks.o
    0x2001ade4        -       0x00000028   Zero   RW          965    .bss                timers.o
    0x2001ae0c        -       0x00002800   Zero   RW          994    .bss                heap_4.o
    0x2001d60c        -       0x00000060   Zero   RW         1204    .bss                c_w.l(libspace.o)
    0x2001d66c   0x08007c24   0x00000004   PAD
    0x2001d670        -       0x00000200   Zero   RW          581    HEAP                startup_stm32f40_41xxx.o
    0x2001d870        -       0x00000400   Zero   RW          580    STACK               startup_stm32f40_41xxx.o



  Load Region LR$$.ARM.__AT_0x10000000 (Base: 0x10000000, Size: 0x00000000, Max: 0x0000f000, ABSOLUTE)

    Execution Region ER$$.ARM.__AT_0x10000000 (Exec base: 0x10000000, Load base: 0x10000000, Size: 0x0000f000, Max: 0x0000f000, ABSOLUTE, UNINIT)

    Exec Addr    Load Addr    Size         Type   Attr      Idx    E Section Name        Object

    0x10000000        -       0x0000f000   Zero   RW          735    .ARM.__AT_0x10000000  malloc.o



  Load Region LR$$.ARM.__AT_0x1000F000 (Base: 0x1000f000, Size: 0x00000000, Max: 0x00000f00, ABSOLUTE)

    Execution Region ER$$.ARM.__AT_0x1000F000 (Exec base: 0x1000f000, Load base: 0x1000f000, Size: 0x00000f00, Max: 0x00000f00, ABSOLUTE, UNINIT)

    Exec Addr    Load Addr    Size         Type   Attr      Idx    E Section Name        Object

    0x1000f000        -       0x00000f00   Zero   RW          736    .ARM.__AT_0x1000F000  malloc.o



  Load Region LR$$.ARM.__AT_0x68000000 (Base: 0x68000000, Size: 0x00000000, Max: 0x000f0000, ABSOLUTE)

    Execution Region ER$$.ARM.__AT_0x68000000 (Exec base: 0x68000000, Load base: 0x68000000, Size: 0x000f0000, Max: 0x000f0000, ABSOLUTE, UNINIT)

    Exec Addr    Load Addr    Size         Type   Attr      Idx    E Section Name        Object

    0x68000000        -       0x000f0000   Zero   RW          737    .ARM.__AT_0x68000000  malloc.o



  Load Region LR$$.ARM.__AT_0x680F0000 (Base: 0x680f0000, Size: 0x00000000, Max: 0x0000f000, ABSOLUTE)

    Execution Region ER$$.ARM.__AT_0x680F0000 (Exec base: 0x680f0000, Load base: 0x680f0000, Size: 0x0000f000, Max: 0x0000f000, ABSOLUTE, UNINIT)

    Exec Addr    Load Addr    Size         Type   Attr      Idx    E Section Name        Object

    0x680f0000        -       0x0000f000   Zero   RW          738    .ARM.__AT_0x680F0000  malloc.o


==============================================================================

Image component sizes


      Code (inc. data)   RO Data    RW Data    ZI Data      Debug   Object Name

       168          6          0          1          0       1459   delay.o
         0          0          0          0          0      14536   event_groups.o
       248         76          0         12          0     244731   freertos_demo.o
       820         92          0         28      10240       4851   heap_4.o
       260         12          0          1          0        876   key.o
        64          4          0          0          0        523   led.o
       148          0          0          0          0       2054   list.o
        62          0          0          0          0       5047   main.o
       556         18         36         36    1218560       4981   malloc.o
       224         20          0          0          0       1813   misc.o
      1026        120          0         12          0       8363   port.o
      4324         62          0          0         64      21930   queue.o
       796         20          0          0          0       2337   sram.o
        64         26        392          0       1536        832   startup_stm32f40_41xxx.o
      1480         18         28          0          0       5642   stm32f4xx_fsmc.o
       660         44          0          0          0       4153   stm32f4xx_gpio.o
        20          0          0          0          0      36983   stm32f4xx_it.o
      1628         52          0         16          0      13028   stm32f4xx_rcc.o
      1108         34          0          0          0       7876   stm32f4xx_usart.o
       528         46          0         20          0       1771   system_stm32f4xx.o
      8876        500          0         64        740      42601   tasks.o
      1744        114          0         20         40      15168   timers.o
       328         18          0          6        200       3286   usart.o

    ----------------------------------------------------------------------
     25132       1282        488        220    1231408     444841   Object Totals
         0          0         32          0          0          0   (incl. Generated)
         0          0          0          4         28          0   (incl. Padding)

    ----------------------------------------------------------------------

      Code (inc. data)   RO Data    RW Data    ZI Data      Debug   Library Member Name

         8          0          0          0          0         68   __main.o
       312          4         17          0          0         92   __printf_flags_wp.o
        14          0          0          0          0         68   __printf_wp.o
         0          0          0          0          0          0   __rtentry.o
        12          0          0          0          0          0   __rtentry2.o
         6          0          0          0          0          0   __rtentry4.o
        52          8          0          0          0          0   __scatter.o
        26          0          0          0          0          0   __scatter_copy.o
        28          0          0          0          0          0   __scatter_zi.o
         6          0          0          0          0          0   _printf_c.o
        44          0          0          0          0        108   _printf_char.o
        48          6          0          0          0         96   _printf_char_common.o
        36          4          0          0          0         80   _printf_char_file.o
         6          0          0          0          0          0   _printf_d.o
       120         16          0          0          0         92   _printf_dec.o
         6          0          0          0          0          0   _printf_f.o
      1054          0          0          0          0        216   _printf_fp_dec.o
       128         16          0          0          0         84   _printf_fp_infnan.o
       178          0          0          0          0         88   _printf_intcommon.o
         0          0          0          0          0          0   _printf_percent.o
         4          0          0          0          0          0   _printf_percent_end.o
         6          0          0          0          0          0   _printf_s.o
        82          0          0          0          0         80   _printf_str.o
         6          0          0          0          0          0   _printf_u.o
        10          0          0          0          0         68   _sputc.o
        16          0          0          0          0         68   aeabi_memset.o
       228          4        148          0          0         96   bigflt0.o
      1936        128          0          0          0        672   btod.o
        18          0          0          0          0         80   exit.o
         8          0          0          0          0         68   ferror.o
         6          0          0          0          0        152   heapauxi.o
        44         10         28          0          0         76   lc_numeric_c.o
         2          0          0          0          0          0   libinit.o
        22          0          0          0          0          0   libinit2.o
         2          0          0          0          0          0   libshutdown.o
         2          0          0          0          0          0   libshutdown2.o
         8          4          0          0         96         68   libspace.o
       138          0          0          0          0         80   lludiv10.o
        24          4          0          0          0         84   noretval__2printf.o
        40          6          0          0          0         84   noretval__2sprintf.o
         8          4          0          0          0         68   rt_locale_intlibspace.o
        68          0          0          0          0         68   rt_memclr.o
        78          0          0          0          0         80   rt_memclr_w.o
       138          0          0          0          0         68   rt_memcpy_v6.o
       100          0          0          0          0         80   rt_memcpy_w.o
         2          0          0          0          0          0   rtexit.o
        10          0          0          0          0          0   rtexit2.o
       128          0          0          0          0         68   strcmpv7m.o
        72          0          0          0          0         80   strcpy.o
        62          0          0          0          0         76   strlen.o
        74          0          0          0          0         80   sys_stackheap_outer.o
         2          0          0          0          0         68   use_no_semi.o
         2          0          0          0          0         68   use_no_semi_2.o
        12          0          0          0          0        116   dretinf.o
        86          4          0          0          0        132   f2d.o
       140          4          0          0          0        132   fnaninf.o
        10          0          0          0          0        116   fpinit.o
         4          0          0          0          0        116   printf1.o
         0          0          0          0          0          0   usenofp.o
        48          0          0          0          0        124   fpclassify.o

    ----------------------------------------------------------------------
      5744        222        196          0        100       4208   Library Totals
        14          0          3          0          4          0   (incl. Padding)

    ----------------------------------------------------------------------

      Code (inc. data)   RO Data    RW Data    ZI Data      Debug   Library Name

      5430        214        193          0         96       3472   c_w.l
       252          8          0          0          0        612   fz_wm.l
        48          0          0          0          0        124   m_wm.l

    ----------------------------------------------------------------------
      5744        222        196          0        100       4208   Library Totals

    ----------------------------------------------------------------------

==============================================================================


      Code (inc. data)   RO Data    RW Data    ZI Data      Debug   

     30876       1504        684        220    1231508     442173   Grand Totals
     30876       1504        684        220    1231508     442173   ELF Image Totals
     30876       1504        684        220          0          0   ROM Totals

==============================================================================

    Total RO  Size (Code + RO Data)                31560 (  30.82kB)
    Total RW  Size (RW Data + ZI Data)           1231728 (1202.86kB)
    Total ROM Size (Code + RO Data + RW Data)      31780 (  31.04kB)

==============================================================================

